Archive member included to satisfy reference by file (symbol)

platform/libplatform_s.a(system_nrf5340_application.o)
                              secure_fw/CMakeFiles/tfm_s.dir/__/platform/ext/target/nordic_nrf/common/core/startup.o (SystemInit)
secure_fw/partitions/lib/runtime/libtfm_sprt.a(crt_memset.o)
                              /home/jordan/ncs/toolchains/7795df4459/opt/zephyr-sdk/arm-zephyr-eabi/bin/../lib/gcc/arm-zephyr-eabi/12.2.0/../../../../arm-zephyr-eabi/lib/thumb/v8-m.main/nofp/crt0.o (memset)
secure_fw/partitions/lib/runtime/libtfm_sprt.a(psa_api_ipc.o)
                              secure_fw/CMakeFiles/tfm_s.dir/partitions/ns_agent_tz/psa_api_veneers_v80m.o (psa_framework_version)
secure_fw/partitions/lib/runtime/libtfm_sprt.a(sprt_partition_metadata_indicator.o)
                              secure_fw/partitions/lib/runtime/libtfm_sprt.a(psa_api_ipc.o) (p_partition_metadata)
secure_fw/spm/libtfm_spm.a(utilities.o)
                              secure_fw/CMakeFiles/tfm_s.dir/__/platform/ext/target/nordic_nrf/common/core/startup.o (tfm_core_panic)
secure_fw/spm/libtfm_spm.a(main.o)
                              /home/jordan/ncs/toolchains/7795df4459/opt/zephyr-sdk/arm-zephyr-eabi/bin/../lib/gcc/arm-zephyr-eabi/12.2.0/../../../../arm-zephyr-eabi/lib/thumb/v8-m.main/nofp/crt0.o (main)
secure_fw/spm/libtfm_spm.a(tfm_core_svcalls_ipc.o)
                              secure_fw/spm/libtfm_spm.a(main.o) (tfm_core_handler_mode)
secure_fw/spm/libtfm_spm.a(tfm_arch_v8m_main.o)
                              secure_fw/spm/libtfm_spm.a(main.o) (tfm_arch_set_secure_exception_priorities)
secure_fw/spm/libtfm_spm.a(ns_agent_tz_v80m.o)
                              secure_fw/CMakeFiles/tfm_s.dir/partitions/ns_agent_tz/load_info_ns_agent_tz.o (ns_agent_tz_main)
secure_fw/spm/libtfm_spm.a(tfm_hal_isolation.o)
                              secure_fw/spm/libtfm_spm.a(main.o) (tfm_hal_set_up_static_boundaries)
secure_fw/spm/libtfm_spm.a(faults.o)
                              secure_fw/CMakeFiles/tfm_s.dir/__/platform/ext/target/nordic_nrf/common/core/startup_nrf5340.o (SPU_IRQHandler)
secure_fw/spm/libtfm_spm.a(target_cfg.o)
                              secure_fw/spm/libtfm_spm.a(tfm_hal_isolation.o) (sau_and_idau_cfg)
secure_fw/spm/libtfm_spm.a(tfm_boot_data.o)
                              secure_fw/spm/libtfm_spm.a(main.o) (tfm_core_validate_boot_data)
secure_fw/spm/libtfm_spm.a(tfm_arch.o)
                              secure_fw/spm/libtfm_spm.a(tfm_core_svcalls_ipc.o) (tfm_arch_free_msp_and_exc_ret)
secure_fw/spm/libtfm_spm.a(spm_ipc.o)
                              secure_fw/spm/libtfm_spm.a(tfm_boot_data.o) (tfm_spm_partition_get_running_partition_id)
secure_fw/spm/libtfm_spm.a(spm_cross_call.o)
                              secure_fw/spm/libtfm_spm.a(tfm_arch_v8m_main.o) (cross_call_entering_c)
secure_fw/spm/libtfm_spm.a(rom_loader.o)
                              secure_fw/spm/libtfm_spm.a(spm_ipc.o) (load_a_partition_assuredly)
secure_fw/spm/libtfm_spm.a(psa_api.o)
                              secure_fw/spm/libtfm_spm.a(tfm_core_svcalls_ipc.o) (spm_handle_programmer_errors)
secure_fw/spm/libtfm_spm.a(backend_ipc.o)
                              secure_fw/spm/libtfm_spm.a(spm_ipc.o) (backend_init_comp_assuredly)
secure_fw/spm/libtfm_spm.a(tfm_pools.o)
                              secure_fw/spm/libtfm_spm.a(spm_ipc.o) (tfm_pool_init)
secure_fw/spm/libtfm_spm.a(thread.o)
                              secure_fw/spm/libtfm_spm.a(backend_ipc.o) (thrd_set_query_callback)
secure_fw/spm/libtfm_spm.a(tfm_spm_ns_ctx.o)
                              secure_fw/spm/libtfm_spm.a(spm_ipc.o) (tfm_nspm_get_current_client_id)
secure_fw/spm/libtfm_spm.a(tfm_hal_platform_common.o)
                              secure_fw/spm/libtfm_spm.a(tfm_spm_ns_ctx.o) (tfm_hal_get_ns_VTOR)
secure_fw/partitions/crypto/libtfm_psa_rot_partition_crypto.a(crypto_init.o)
                              secure_fw/CMakeFiles/tfm_s.dir/__/generated/secure_fw/partitions/crypto/auto_generated/load_info_tfm_crypto.o (tfm_crypto_init)
secure_fw/partitions/crypto/libtfm_psa_rot_partition_crypto.a(crypto_alloc.o)
                              secure_fw/partitions/crypto/libtfm_psa_rot_partition_crypto.a(crypto_init.o) (tfm_crypto_init_alloc)
secure_fw/partitions/crypto/libtfm_psa_rot_partition_crypto.a(crypto_cipher.o)
                              secure_fw/partitions/crypto/libtfm_psa_rot_partition_crypto.a(crypto_init.o) (tfm_crypto_cipher_interface)
secure_fw/partitions/crypto/libtfm_psa_rot_partition_crypto.a(crypto_hash.o)
                              secure_fw/partitions/crypto/libtfm_psa_rot_partition_crypto.a(crypto_init.o) (tfm_crypto_hash_interface)
secure_fw/partitions/crypto/libtfm_psa_rot_partition_crypto.a(crypto_mac.o)
                              secure_fw/partitions/crypto/libtfm_psa_rot_partition_crypto.a(crypto_init.o) (tfm_crypto_mac_interface)
secure_fw/partitions/crypto/libtfm_psa_rot_partition_crypto.a(crypto_aead.o)
[...]
Memory Configuration

Name             Origin             Length             Attributes
FLASH            0x0000000000000000 0x0000000000008000 xr
RAM              0x0000000020000000 0x0000000000008000 xrw
*default*        0x0000000000000000 0xffffffffffffffff

Linker script and memory map

LOAD /home/jordan/ncs/toolchains/7795df4459/opt/zephyr-sdk/arm-zephyr-eabi/bin/../lib/gcc/arm-zephyr-eabi/12.2.0/thumb/v8-m.main/nofp/crti.o
LOAD /home/jordan/ncs/toolchains/7795df4459/opt/zephyr-sdk/arm-zephyr-eabi/bin/../lib/gcc/arm-zephyr-eabi/12.2.0/thumb/v8-m.main/nofp/crtbegin.o
LOAD /home/jordan/ncs/toolchains/7795df4459/opt/zephyr-sdk/arm-zephyr-eabi/bin/../lib/gcc/arm-zephyr-eabi/12.2.0/../../../../arm-zephyr-eabi/lib/thumb/v8-m.main/nofp/crt0.o
LOAD secure_fw/CMakeFiles/tfm_s.dir/partitions/ns_agent_tz/psa_api_veneers_v80m.o
LOAD secure_fw/CMakeFiles/tfm_s.dir/__/platform/ext/target/nordic_nrf/common/core/startup.o
LOAD secure_fw/CMakeFiles/tfm_s.dir/__/platform/ext/target/nordic_nrf/common/core/startup_nrf5340.o
LOAD secure_fw/CMakeFiles/tfm_s.dir/__/platform/ext/common/faults.o
LOAD secure_fw/CMakeFiles/tfm_s.dir/__/generated/secure_fw/partitions/crypto/auto_generated/load_info_tfm_crypto.o
LOAD secure_fw/CMakeFiles/tfm_s.dir/__/generated/secure_fw/partitions/platform/auto_generated/load_info_tfm_platform.o
LOAD secure_fw/CMakeFiles/tfm_s.dir/partitions/ns_agent_tz/load_info_ns_agent_tz.o
LOAD secure_fw/CMakeFiles/tfm_s.dir/__/platform/ext/common/syscalls_stub.o
LOAD platform/libplatform_s.a
LOAD secure_fw/partitions/lib/runtime/libtfm_sprt.a
LOAD secure_fw/spm/libtfm_spm.a
LOAD secure_fw/partitions/crypto/libtfm_psa_rot_partition_crypto.a
LOAD platform/libplatform_crypto_keys.a
LOAD secure_fw/partitions/crypto/mbedcrypto/nrf_security_src/libcrypto_service_mbedcrypto.a
LOAD secure_fw/partitions/platform/libtfm_psa_rot_partition_platform.a
LOAD platform/libplatform_s.a
LOAD secure_fw/partitions/lib/runtime/libtfm_sprt.a
LOAD secure_fw/spm/libtfm_spm.a
LOAD secure_fw/partitions/crypto/libtfm_psa_rot_partition_crypto.a
LOAD platform/libplatform_crypto_keys.a
LOAD secure_fw/partitions/crypto/mbedcrypto/nrf_security_src/libcrypto_service_mbedcrypto.a
LOAD secure_fw/partitions/platform/libtfm_psa_rot_partition_platform.a
LOAD platform/libplatform_s.a
LOAD secure_fw/partitions/lib/runtime/libtfm_sprt.a
LOAD secure_fw/spm/libtfm_spm.a
LOAD secure_fw/partitions/crypto/libtfm_psa_rot_partition_crypto.a
LOAD platform/libplatform_crypto_keys.a
LOAD secure_fw/partitions/crypto/mbedcrypto/nrf_security_src/libcrypto_service_mbedcrypto.a
LOAD secure_fw/partitions/platform/libtfm_psa_rot_partition_platform.a
LOAD /home/jordan/ncs/v2.5.1/nrfxlib/crypto/nrf_cc312_platform/lib/cortex-m33/soft-float/no-interrupts/libnrf_cc312_platform_0.9.18.a
LOAD /home/jordan/ncs/v2.5.1/nrfxlib/crypto/nrf_oberon/lib/cortex-m33/soft-float/liboberon_mbedtls_3.0.13.a
LOAD secure_fw/partitions/crypto/mbedcrypto/nrf_security_src/libmbedcrypto_base.a
LOAD /home/jordan/ncs/v2.5.1/nrfxlib/crypto/nrf_oberon/lib/cortex-m33/soft-float/liboberon_3.0.13.a
START GROUP
LOAD /home/jordan/ncs/toolchains/7795df4459/opt/zephyr-sdk/arm-zephyr-eabi/bin/../lib/gcc/arm-zephyr-eabi/12.2.0/thumb/v8-m.main/nofp/libgcc.a
LOAD /home/jordan/ncs/toolchains/7795df4459/opt/zephyr-sdk/arm-zephyr-eabi/bin/../lib/gcc/arm-zephyr-eabi/12.2.0/../../../../arm-zephyr-eabi/lib/thumb/v8-m.main/nofp/libc_nano.a
END GROUP
START GROUP
LOAD /home/jordan/ncs/toolchains/7795df4459/opt/zephyr-sdk/arm-zephyr-eabi/bin/../lib/gcc/arm-zephyr-eabi/12.2.0/thumb/v8-m.main/nofp/libgcc.a
LOAD /home/jordan/ncs/toolchains/7795df4459/opt/zephyr-sdk/arm-zephyr-eabi/bin/../lib/gcc/arm-zephyr-eabi/12.2.0/../../../../arm-zephyr-eabi/lib/thumb/v8-m.main/nofp/libc_nano.a
END GROUP
LOAD /home/jordan/ncs/toolchains/7795df4459/opt/zephyr-sdk/arm-zephyr-eabi/bin/../lib/gcc/arm-zephyr-eabi/12.2.0/thumb/v8-m.main/nofp/crtend.o
LOAD /home/jordan/ncs/toolchains/7795df4459/opt/zephyr-sdk/arm-zephyr-eabi/bin/../lib/gcc/arm-zephyr-eabi/12.2.0/thumb/v8-m.main/nofp/crtn.o
                0x0000000000000800                __msp_stack_size__ = 0x800
START GROUP
LOAD /home/jordan/ncs/toolchains/7795df4459/opt/zephyr-sdk/arm-zephyr-eabi/bin/../lib/gcc/arm-zephyr-eabi/12.2.0/thumb/v8-m.main/nofp/libgcc.a
LOAD /home/jordan/ncs/toolchains/7795df4459/opt/zephyr-sdk/arm-zephyr-eabi/bin/../lib/gcc/arm-zephyr-eabi/12.2.0/../../../../arm-zephyr-eabi/lib/thumb/v8-m.main/nofp/libc.a
LOAD /home/jordan/ncs/toolchains/7795df4459/opt/zephyr-sdk/arm-zephyr-eabi/bin/../lib/gcc/arm-zephyr-eabi/12.2.0/../../../../arm-zephyr-eabi/lib/thumb/v8-m.main/nofp/libm.a
LOAD /home/jordan/ncs/toolchains/7795df4459/opt/zephyr-sdk/arm-zephyr-eabi/bin/../lib/gcc/arm-zephyr-eabi/12.2.0/../../../../arm-zephyr-eabi/lib/thumb/v8-m.main/nofp/libnosys.a
LOAD /home/jordan/ncs/toolchains/7795df4459/opt/zephyr-sdk/arm-zephyr-eabi/bin/../lib/gcc/arm-zephyr-eabi/12.2.0/../../../../arm-zephyr-eabi/lib/thumb/v8-m.main/nofp/libc_nano.a
END GROUP

.TFM_VECTORS    0x0000000000000000      0x154
                0x0000000000000000                __vectors_start__ = .
 *(.vectors)
 .vectors       0x0000000000000000      0x154 secure_fw/CMakeFiles/tfm_s.dir/__/platform/ext/target/nordic_nrf/common/core/startup_nrf5340.o
                0x0000000000000000                __Vectors
                0x0000000000000154                . = ALIGN (0x4)
                0x0000000000000154                __vectors_end__ = .
                0x0000000000000001                ASSERT ((. <= (ADDR (.TFM_VECTORS) + 0x154)), .TFM_VECTORS section size overflow.)
                0x0000000000000154                . = (ADDR (.TFM_VECTORS) + 0x154)

.copy.table     0x0000000000000154       0x24
                0x0000000000000154                __copy_table_start__ = .
                0x0000000000000154        0x4 LONG 0x7c40 LOADADDR (.TFM_DATA)
                0x0000000000000158        0x4 LONG 0x20001e20 ADDR (.TFM_DATA)
                0x000000000000015c        0x4 LONG 0x3d (SIZEOF (.TFM_DATA) / 0x4)
                0x0000000000000160        0x4 LONG 0x25a0 LOADADDR (.TFM_PSA_ROT_LINKER_DATA)
                0x0000000000000164        0x4 LONG 0x20000c40 ADDR (.TFM_PSA_ROT_LINKER_DATA)
                0x0000000000000168        0x4 LONG 0x0 (SIZEOF (.TFM_PSA_ROT_LINKER_DATA) / 0x4)
                0x000000000000016c        0x4 LONG 0x25a0 LOADADDR (.TFM_APP_ROT_LINKER_DATA)
                0x0000000000000170        0x4 LONG 0x20000c20 ADDR (.TFM_APP_ROT_LINKER_DATA)
                0x0000000000000174        0x4 LONG 0x0 (SIZEOF (.TFM_APP_ROT_LINKER_DATA) / 0x4)
                0x0000000000000178                __copy_table_end__ = .

.zero.table     0x0000000000000178       0x20
                0x0000000000000178                __zero_table_start__ = .
                0x0000000000000178        0x4 LONG 0x20001f20 ADDR (.TFM_BSS)
                0x000000000000017c        0x4 LONG 0x69c (SIZEOF (.TFM_BSS) / 0x4)
                0x0000000000000180        0x4 LONG 0x20000c40 ADDR (.TFM_PSA_ROT_LINKER_BSS)
                0x0000000000000184        0x4 LONG 0x478 (SIZEOF (.TFM_PSA_ROT_LINKER_BSS) / 0x4)
                0x0000000000000188        0x4 LONG 0x20000c20 ADDR (.TFM_APP_ROT_LINKER_BSS)
                0x000000000000018c        0x4 LONG 0x8 (SIZEOF (.TFM_APP_ROT_LINKER_BSS) / 0x4)
                0x0000000000000190        0x4 LONG 0x20000c00 ADDR (.TFM_SP_META_PTR)
                0x0000000000000194        0x4 LONG 0x8 (SIZEOF (.TFM_SP_META_PTR) / 0x4)
                0x0000000000000198                __zero_table_end__ = .

.TFM_SP_LOAD_LIST
                0x0000000000000198       0xc4
 *(.part_load_priority_lowest)
 .part_load_priority_lowest
                0x0000000000000198       0x30 secure_fw/CMakeFiles/tfm_s.dir/partitions/ns_agent_tz/load_info_ns_agent_tz.o
                0x0000000000000198                tfm_sp_ns_agent_tz_load
 *(.part_load_priority_low)
 *(.part_load_priority_normal)
 .part_load_priority_normal
                0x00000000000001c8       0x4c secure_fw/CMakeFiles/tfm_s.dir/__/generated/secure_fw/partitions/crypto/auto_generated/load_info_tfm_crypto.o
                0x00000000000001c8                tfm_sp_crypto_load
 .part_load_priority_normal
                0x0000000000000214       0x48 secure_fw/CMakeFiles/tfm_s.dir/__/generated/secure_fw/partitions/platform/auto_generated/load_info_tfm_platform.o
                0x0000000000000214                tfm_sp_platform_load
 *(.part_load_priority_high)
                0x0000000000000198                Image$$TFM_SP_LOAD_LIST$$RO$$Base = ADDR (.TFM_SP_LOAD_LIST)
                0x000000000000025c                Image$$TFM_SP_LOAD_LIST$$RO$$Limit = (ADDR (.TFM_SP_LOAD_LIST) + SIZEOF (.TFM_SP_LOAD_LIST))
                0x0000000000000260                . = ALIGN (0x20)
                0x0000000000000260                Image$$TFM_PSA_CODE_START$$Base = .

.TFM_PSA_ROT_LINKER
                0x0000000000000260      0x4e0
 *tfm_psa_rot_partition*:*(.text*)
 .text.tfm_crypto_clear_scratch
                0x0000000000000260       0x20 secure_fw/partitions/crypto/libtfm_psa_rot_partition_crypto.a(crypto_init.o)
 .text.tfm_crypto_init
                0x0000000000000280       0x1c secure_fw/partitions/crypto/libtfm_psa_rot_partition_crypto.a(crypto_init.o)
                0x0000000000000280                tfm_crypto_init
 .text.tfm_crypto_api_dispatcher
                0x000000000000029c       0xa4 secure_fw/partitions/crypto/libtfm_psa_rot_partition_crypto.a(crypto_init.o)
                0x000000000000029c                tfm_crypto_api_dispatcher
 .text.tfm_crypto_sfn
                0x0000000000000340      0x170 secure_fw/partitions/crypto/libtfm_psa_rot_partition_crypto.a(crypto_init.o)
                0x0000000000000340                tfm_crypto_sfn
 .text.tfm_crypto_init_alloc
                0x00000000000004b0       0x14 secure_fw/partitions/crypto/libtfm_psa_rot_partition_crypto.a(crypto_alloc.o)
                0x00000000000004b0                tfm_crypto_init_alloc
 .text.tfm_crypto_cipher_interface
                0x00000000000004c4        0x6 secure_fw/partitions/crypto/libtfm_psa_rot_partition_crypto.a(crypto_cipher.o)
                0x00000000000004c4                tfm_crypto_cipher_interface
 .text.tfm_crypto_hash_interface
                0x00000000000004ca        0x6 secure_fw/partitions/crypto/libtfm_psa_rot_partition_crypto.a(crypto_hash.o)
                0x00000000000004ca                tfm_crypto_hash_interface
 .text.tfm_crypto_mac_interface
                0x00000000000004d0        0x6 secure_fw/partitions/crypto/libtfm_psa_rot_partition_crypto.a(crypto_mac.o)
                0x00000000000004d0                tfm_crypto_mac_interface
 .text.tfm_crypto_aead_interface
                0x00000000000004d6        0x6 secure_fw/partitions/crypto/libtfm_psa_rot_partition_crypto.a(crypto_aead.o)
                0x00000000000004d6                tfm_crypto_aead_interface
 .text.tfm_crypto_asymmetric_sign_interface
                0x00000000000004dc        0x6 secure_fw/partitions/crypto/libtfm_psa_rot_partition_crypto.a(crypto_asymmetric.o)
                0x00000000000004dc                tfm_crypto_asymmetric_sign_interface
 .text.tfm_crypto_asymmetric_encrypt_interface
                0x00000000000004e2        0x6 secure_fw/partitions/crypto/libtfm_psa_rot_partition_crypto.a(crypto_asymmetric.o)
                0x00000000000004e2                tfm_crypto_asymmetric_encrypt_interface
 .text.tfm_crypto_key_derivation_interface
                0x00000000000004e8        0x6 secure_fw/partitions/crypto/libtfm_psa_rot_partition_crypto.a(crypto_key_derivation.o)
                0x00000000000004e8                tfm_crypto_key_derivation_interface
 .text.tfm_crypto_key_management_interface
                0x00000000000004ee        0x6 secure_fw/partitions/crypto/libtfm_psa_rot_partition_crypto.a(crypto_key_management.o)
                0x00000000000004ee                tfm_crypto_key_management_interface
 .text.tfm_crypto_random_interface
                0x00000000000004f4        0x8 secure_fw/partitions/crypto/libtfm_psa_rot_partition_crypto.a(crypto_rng.o)
                0x00000000000004f4                tfm_crypto_random_interface
 .text.tfm_crypto_library_key_id_init
                0x00000000000004fc        0x6 secure_fw/partitions/crypto/libtfm_psa_rot_partition_crypto.a(crypto_library.o)
                0x00000000000004fc                tfm_crypto_library_key_id_init
 *fill*         0x0000000000000502        0x2 
 .text.tfm_crypto_library_get_info
                0x0000000000000504       0x1c secure_fw/partitions/crypto/libtfm_psa_rot_partition_crypto.a(crypto_library.o)
                0x0000000000000504                tfm_crypto_library_get_info
 .text.tfm_crypto_core_library_init
                0x0000000000000520       0x14 secure_fw/partitions/crypto/libtfm_psa_rot_partition_crypto.a(crypto_library.o)
                0x0000000000000520                tfm_crypto_core_library_init
 .text.tfm_platform_service_sfn
                0x0000000000000534      0x114 secure_fw/partitions/platform/libtfm_psa_rot_partition_platform.a(platform_sp.o)
                0x0000000000000534                tfm_platform_service_sfn
 .text.platform_sp_init
                0x0000000000000648        0x4 secure_fw/partitions/platform/libtfm_psa_rot_partition_platform.a(platform_sp.o)
                0x0000000000000648                platform_sp_init
 .text.tfm_builtin_key_loader_init
                0x000000000000064c       0xe0 secure_fw/partitions/crypto/libtfm_psa_rot_partition_crypto.a(tfm_builtin_key_loader.o)
                0x000000000000064c                tfm_builtin_key_loader_init
 *tfm_psa_rot_partition*:*(.rodata*)
 .rodata.tfm_crypto_library_get_info.str1.1
                0x000000000000072c        0xf secure_fw/partitions/crypto/libtfm_psa_rot_partition_crypto.a(crypto_library.o)
 *(TFM_*_PSA-ROT_ATTR_FN)
                0x0000000000000740                . = ALIGN (0x20)
 *fill*         0x000000000000073b        0x5 
                0x0000000000000260                Image$$TFM_PSA_ROT_LINKER$$RO$$Base = ADDR (.TFM_PSA_ROT_LINKER)
                0x0000000000000740                Image$$TFM_PSA_ROT_LINKER$$RO$$Limit = (ADDR (.TFM_PSA_ROT_LINKER) + SIZEOF (.TFM_PSA_ROT_LINKER))
                0x0000000000000260                Image$$TFM_PSA_ROT_LINKER$$Base = ADDR (.TFM_PSA_ROT_LINKER)
                0x0000000000000740                Image$$TFM_PSA_ROT_LINKER$$Limit = (ADDR (.TFM_PSA_ROT_LINKER) + SIZEOF (.TFM_PSA_ROT_LINKER))
                0x0000000000000740                Image$$TFM_PSA_CODE_END$$Base = .
                0x0000000000000740                Image$$TFM_APP_CODE_START$$Base = .

.TFM_APP_ROT_LINKER
                0x0000000000000740        0x0
 *tfm_app_rot_partition*:*(.text*)
 *tfm_app_rot_partition*:*(.rodata*)
 *(TFM_*_APP-ROT_ATTR_FN)
                0x0000000000000740                . = ALIGN (0x20)
                0x0000000000000740                Image$$TFM_APP_ROT_LINKER$$RO$$Base = ADDR (.TFM_APP_ROT_LINKER)
                0x0000000000000740                Image$$TFM_APP_ROT_LINKER$$RO$$Limit = (ADDR (.TFM_APP_ROT_LINKER) + SIZEOF (.TFM_APP_ROT_LINKER))
                0x0000000000000740                Image$$TFM_APP_ROT_LINKER$$Base = ADDR (.TFM_APP_ROT_LINKER)
                0x0000000000000740                Image$$TFM_APP_ROT_LINKER$$Limit = (ADDR (.TFM_APP_ROT_LINKER) + SIZEOF (.TFM_APP_ROT_LINKER))
                0x0000000000000740                Image$$TFM_APP_CODE_END$$Base = .

.ARM.extab
 *(.ARM.extab* .gnu.linkonce.armextab.*)
                0x0000000000000740                __exidx_start = .

.ARM.exidx      0x0000000000000740        0x8
 *(.ARM.exidx* .gnu.linkonce.armexidx.*)
 .ARM.exidx     0x0000000000000740        0x8 /home/jordan/ncs/toolchains/7795df4459/opt/zephyr-sdk/arm-zephyr-eabi/bin/../lib/gcc/arm-zephyr-eabi/12.2.0/../../../../arm-zephyr-eabi/lib/thumb/v8-m.main/nofp/crt0.o
                                         0x10 (size before relaxing)
                0x0000000000000748                __exidx_end = .

.ER_TFM_CODE    0x0000000000000748     0x1e40
 *startup*(.text*)
 .text.default_irq_handler
                0x0000000000000748        0x4 secure_fw/CMakeFiles/tfm_s.dir/__/platform/ext/target/nordic_nrf/common/core/startup.o
                0x0000000000000748                default_irq_handler
 *fill*         0x000000000000074c        0x4 
 .text.Reset_Handler
                0x0000000000000750       0xa4 secure_fw/CMakeFiles/tfm_s.dir/__/platform/ext/target/nordic_nrf/common/core/startup.o
                0x0000000000000750                Reset_Handler
 .text.default_tfm_IRQHandler
                0x00000000000007f4        0x6 secure_fw/CMakeFiles/tfm_s.dir/__/platform/ext/target/nordic_nrf/common/core/startup_nrf5340.o
                0x00000000000007f4                TIMER2_IRQHandler
                0x00000000000007f4                DebugMon_Handler
                0x00000000000007f4                SPIM4_IRQHandler
                0x00000000000007f4                RTC0_IRQHandler
                0x00000000000007f4                SERIAL1_IRQHandler
                0x00000000000007f4                SysTick_Handler
                0x00000000000007f4                PWM1_IRQHandler
                0x00000000000007f4                SERIAL3_IRQHandler
                0x00000000000007f4                NMI_Handler
                0x00000000000007f4                WDT0_IRQHandler
                0x00000000000007f4                I2S0_IRQHandler
                0x00000000000007f4                default_tfm_IRQHandler
                0x00000000000007f4                IPC_IRQHandler
                0x00000000000007f4                SERIAL2_IRQHandler
                0x00000000000007f4                PWM3_IRQHandler
                0x00000000000007f4                QDEC1_IRQHandler
                0x00000000000007f4                FPU_IRQHandler
                0x00000000000007f4                USBD_IRQHandler
                0x00000000000007f4                EGU3_IRQHandler
                0x00000000000007f4                KMU_IRQHandler
                0x00000000000007f4                CRYPTOCELL_IRQHandler
                0x00000000000007f4                EGU2_IRQHandler
                0x00000000000007f4                TIMER0_IRQHandler
                0x00000000000007f4                CACHE_IRQHandler
                0x00000000000007f4                EGU4_IRQHandler
                0x00000000000007f4                EGU0_IRQHandler
                0x00000000000007f4                GPIOTE1_IRQHandler
                0x00000000000007f4                TIMER1_IRQHandler
                0x00000000000007f4                PWM2_IRQHandler
                0x00000000000007f4                EGU1_IRQHandler
                0x00000000000007f4                EGU5_IRQHandler
                0x00000000000007f4                SAADC_IRQHandler
                0x00000000000007f4                GPIOTE0_IRQHandler
                0x00000000000007f4                QDEC0_IRQHandler
                0x00000000000007f4                PWM0_IRQHandler
                0x00000000000007f4                RTC1_IRQHandler
                0x00000000000007f4                SERIAL0_IRQHandler
                0x00000000000007f4                USBREGULATOR_IRQHandler
                0x00000000000007f4                NFCT_IRQHandler
                0x00000000000007f4                WDT1_IRQHandler
                0x00000000000007f4                QSPI_IRQHandler
                0x00000000000007f4                COMP_LPCOMP_IRQHandler
                0x00000000000007f4                CLOCK_POWER_IRQHandler
                0x00000000000007f4                PDM0_IRQHandler
 *libplatform_s*:*(.text*)
 *fill*         0x00000000000007fa        0x2 
 .text.nrf53_errata_42
                0x00000000000007fc       0x24 platform/libplatform_s.a(system_nrf5340_application.o)
 .text.SystemInit
                0x0000000000000820      0x1d0 platform/libplatform_s.a(system_nrf5340_application.o)
                0x0000000000000820                SystemInit
 .text.mpu_armv8m_enable
                0x00000000000009f0       0x34 platform/libplatform_s.a(mpu_armv8m_drv.o)
                0x00000000000009f0                mpu_armv8m_enable
 .text.mpu_armv8m_region_enable
                0x0000000000000a24       0x6a platform/libplatform_s.a(mpu_armv8m_drv.o)
                0x0000000000000a24                mpu_armv8m_region_enable
 .text.mpu_armv8m_region_disable
                0x0000000000000a8e       0x14 platform/libplatform_s.a(mpu_armv8m_drv.o)
                0x0000000000000a8e                mpu_armv8m_region_disable
 .text.mpu_armv8m_clean
                0x0000000000000aa2       0x22 platform/libplatform_s.a(mpu_armv8m_drv.o)
                0x0000000000000aa2                mpu_armv8m_clean
 .text.spu_enable_interrupts
                0x0000000000000ac4       0x10 platform/libplatform_s.a(spu.o)
                0x0000000000000ac4                spu_enable_interrupts
 .text.spu_clear_events
                0x0000000000000ad4       0x24 platform/libplatform_s.a(spu.o)
                0x0000000000000ad4                spu_clear_events
 .text.spu_regions_reset_unlocked_secure
                0x0000000000000af8       0x30 platform/libplatform_s.a(spu.o)
                0x0000000000000af8                spu_regions_reset_unlocked_secure
 .text.spu_regions_flash_config
                0x0000000000000b28       0x2c platform/libplatform_s.a(spu.o)
                0x0000000000000b28                spu_regions_flash_config
 .text.spu_regions_sram_config
                0x0000000000000b54       0x34 platform/libplatform_s.a(spu.o)
                0x0000000000000b54                spu_regions_sram_config
 .text.spu_regions_flash_config_non_secure_callable
                0x0000000000000b88       0x30 platform/libplatform_s.a(spu.o)
                0x0000000000000b88                spu_regions_flash_config_non_secure_callable
 .text.spu_regions_flash_get_base_address_in_region
                0x0000000000000bb8        0x4 platform/libplatform_s.a(spu.o)
                0x0000000000000bb8                spu_regions_flash_get_base_address_in_region
 .text.spu_regions_flash_get_last_address_in_region
                0x0000000000000bbc        0xa platform/libplatform_s.a(spu.o)
                0x0000000000000bbc                spu_regions_flash_get_last_address_in_region
 .text.spu_regions_flash_get_start_id
                0x0000000000000bc6        0x4 platform/libplatform_s.a(spu.o)
                0x0000000000000bc6                spu_regions_flash_get_start_id
 .text.spu_regions_flash_get_last_id
                0x0000000000000bca        0x4 platform/libplatform_s.a(spu.o)
                0x0000000000000bca                spu_regions_flash_get_last_id
 .text.spu_regions_flash_get_region_size
                0x0000000000000bce        0x6 platform/libplatform_s.a(spu.o)
                0x0000000000000bce                spu_regions_flash_get_region_size
 .text.spu_regions_sram_get_base_address_in_region
                0x0000000000000bd4        0xa platform/libplatform_s.a(spu.o)
                0x0000000000000bd4                spu_regions_sram_get_base_address_in_region
 *fill*         0x0000000000000bde        0x2 
 .text.spu_regions_sram_get_last_address_in_region
                0x0000000000000be0        0xc platform/libplatform_s.a(spu.o)
                0x0000000000000be0                spu_regions_sram_get_last_address_in_region
 .text.spu_regions_sram_get_start_id
                0x0000000000000bec        0x4 platform/libplatform_s.a(spu.o)
                0x0000000000000bec                spu_regions_sram_get_start_id
 .text.spu_regions_sram_get_last_id
                0x0000000000000bf0        0x4 platform/libplatform_s.a(spu.o)
                0x0000000000000bf0                spu_regions_sram_get_last_id
 .text.spu_regions_sram_get_region_size
                0x0000000000000bf4        0x6 platform/libplatform_s.a(spu.o)
                0x0000000000000bf4                spu_regions_sram_get_region_size
 *fill*         0x0000000000000bfa        0x2 
 .text.spu_peripheral_config_non_secure
                0x0000000000000bfc       0x18 platform/libplatform_s.a(spu.o)
                0x0000000000000bfc                spu_peripheral_config_non_secure
 .text.tfm_hal_platform_init
                0x0000000000000c14       0x30 platform/libplatform_s.a(tfm_hal_platform.o)
                0x0000000000000c14                tfm_hal_platform_init
 .text.tfm_plat_otp_init
                0x0000000000000c44        0x4 platform/libplatform_s.a(dummy_otp.o)
                0x0000000000000c44                tfm_plat_otp_init
 .text.tfm_plat_provisioning_is_required
                0x0000000000000c48        0x4 platform/libplatform_s.a(dummy_provisioning.o)
                0x0000000000000c48                tfm_plat_provisioning_is_required
 .text.tfm_plat_provisioning_perform
                0x0000000000000c4c        0x4 platform/libplatform_s.a(dummy_provisioning.o)
                0x0000000000000c4c                tfm_plat_provisioning_perform
 .text.tfm_plat_provisioning_check_for_dummy_keys
                0x0000000000000c50        0x2 platform/libplatform_s.a(dummy_provisioning.o)
                0x0000000000000c50                tfm_plat_provisioning_check_for_dummy_keys
 *fill*         0x0000000000000c52        0x2 
 .text.tfm_platform_hal_system_reset
                0x0000000000000c54       0x24 platform/libplatform_s.a(tfm_platform_system.o)
                0x0000000000000c54                tfm_platform_hal_system_reset
 .text.tfm_platform_hal_ioctl
                0x0000000000000c78       0x18 platform/libplatform_s.a(tfm_platform_system.o)
                0x0000000000000c78                tfm_platform_hal_ioctl
 .text.tfm_hal_system_reset
                0x0000000000000c90       0x24 platform/libplatform_s.a(tfm_hal_reset_halt.o)
                0x0000000000000c90                tfm_hal_system_reset
 .text.tfm_platform_hal_read_service
                0x0000000000000cb4       0x60 platform/libplatform_s.a(tfm_platform_hal_ioctl.o)
                0x0000000000000cb4                tfm_platform_hal_read_service
 .text.tfm_platform_hal_gpio_service
                0x0000000000000d14       0x88 platform/libplatform_s.a(tfm_platform_hal_ioctl.o)
                0x0000000000000d14                tfm_platform_hal_gpio_service
 *libtfm_spm*:*(.text*)
 .text.tfm_core_panic
                0x0000000000000d9c        0x4 secure_fw/spm/libtfm_spm.a(utilities.o)
                0x0000000000000d9c                tfm_core_panic
 .text.startup.main
                0x0000000000000da0       0x50 secure_fw/spm/libtfm_spm.a(main.o)
                0x0000000000000da0                main
 .text.tfm_core_svc_handler
                0x0000000000000df0       0x70 secure_fw/spm/libtfm_spm.a(tfm_core_svcalls_ipc.o)
                0x0000000000000df0                tfm_core_svc_handler
 .text.tfm_core_handler_mode
                0x0000000000000e60        0x4 secure_fw/spm/libtfm_spm.a(tfm_core_svcalls_ipc.o)
                0x0000000000000e60                tfm_core_handler_mode
 .text.arch_non_preempt_call
                0x0000000000000e64       0x64 secure_fw/spm/libtfm_spm.a(tfm_arch_v8m_main.o)
                0x0000000000000e64                arch_non_preempt_call
 .text.PendSV_Handler
                0x0000000000000ec8       0x52 secure_fw/spm/libtfm_spm.a(tfm_arch_v8m_main.o)
                0x0000000000000ec8                PendSV_Handler
 *fill*         0x0000000000000f1a        0x2 
 .text.SVC_Handler
                0x0000000000000f1c       0x68 secure_fw/spm/libtfm_spm.a(tfm_arch_v8m_main.o)
                0x0000000000000f1c                SVC_Handler
 .text.tfm_arch_set_secure_exception_priorities
                0x0000000000000f84       0x28 secure_fw/spm/libtfm_spm.a(tfm_arch_v8m_main.o)
                0x0000000000000f84                tfm_arch_set_secure_exception_priorities
 .text.tfm_arch_config_extensions
                0x0000000000000fac        0x2 secure_fw/spm/libtfm_spm.a(tfm_arch_v8m_main.o)
                0x0000000000000fac                tfm_arch_config_extensions
 *fill*         0x0000000000000fae        0x2 
 .text.ns_agent_tz_main
                0x0000000000000fb0       0x30 secure_fw/spm/libtfm_spm.a(ns_agent_tz_v80m.o)
                0x0000000000000fb0                ns_agent_tz_main
 .text.tfm_hal_bind_boundary
                0x0000000000000fe0       0x46 secure_fw/spm/libtfm_spm.a(tfm_hal_isolation.o)
                0x0000000000000fe0                tfm_hal_bind_boundary
 .text.tfm_hal_activate_boundary
                0x0000000000001026       0x1c secure_fw/spm/libtfm_spm.a(tfm_hal_isolation.o)
                0x0000000000001026                tfm_hal_activate_boundary
 .text.tfm_hal_memory_check
                0x0000000000001042      0x126 secure_fw/spm/libtfm_spm.a(tfm_hal_isolation.o)
                0x0000000000001042                tfm_hal_memory_check
 .text.mpu_init_cfg
                0x0000000000001168      0x11c secure_fw/spm/libtfm_spm.a(tfm_hal_isolation.o)
                0x0000000000001168                mpu_init_cfg
 .text.tfm_hal_set_up_static_boundaries
                0x0000000000001284       0x2a secure_fw/spm/libtfm_spm.a(tfm_hal_isolation.o)
                0x0000000000001284                tfm_hal_set_up_static_boundaries
 .text.tfm_hal_boundary_need_switch
                0x00000000000012ae       0x1a secure_fw/spm/libtfm_spm.a(tfm_hal_isolation.o)
                0x00000000000012ae                tfm_hal_boundary_need_switch
 .text.SPU_Handler
                0x00000000000012c8       0x2c secure_fw/spm/libtfm_spm.a(faults.o)
                0x00000000000012c8                SPU_Handler
 .text.SPU_IRQHandler
                0x00000000000012f4        0x6 secure_fw/spm/libtfm_spm.a(faults.o)
                0x00000000000012f4                SPU_IRQHandler
 *fill*         0x00000000000012fa        0x2 
 .text.nrf_gpio_pin_control_select.constprop.0
                0x00000000000012fc       0x1c secure_fw/spm/libtfm_spm.a(target_cfg.o)
 .text.enable_fault_handlers
                0x0000000000001318       0x14 secure_fw/spm/libtfm_spm.a(target_cfg.o)
                0x0000000000001318                enable_fault_handlers
 .text.system_reset_cfg
                0x000000000000132c       0x18 secure_fw/spm/libtfm_spm.a(target_cfg.o)
                0x000000000000132c                system_reset_cfg
 .text.init_debug
                0x0000000000001344       0x28 secure_fw/spm/libtfm_spm.a(target_cfg.o)
                0x0000000000001344                init_debug
 .text.nvic_interrupt_target_state_cfg
                0x000000000000136c       0x30 secure_fw/spm/libtfm_spm.a(target_cfg.o)
                0x000000000000136c                nvic_interrupt_target_state_cfg
 .text.nvic_interrupt_enable
                0x000000000000139c       0x18 secure_fw/spm/libtfm_spm.a(target_cfg.o)
                0x000000000000139c                nvic_interrupt_enable
 .text.sau_and_idau_cfg
                0x00000000000013b4       0x20 secure_fw/spm/libtfm_spm.a(target_cfg.o)
                0x00000000000013b4                sau_and_idau_cfg
 .text.spu_init_cfg
                0x00000000000013d4       0x44 secure_fw/spm/libtfm_spm.a(target_cfg.o)
                0x00000000000013d4                spu_init_cfg
 .text.spu_periph_init_cfg
                0x0000000000001418      0x23c secure_fw/spm/libtfm_spm.a(target_cfg.o)
                0x0000000000001418                spu_periph_init_cfg
 .text.tfm_core_validate_boot_data
                0x0000000000001654        0xc secure_fw/spm/libtfm_spm.a(tfm_boot_data.o)
                0x0000000000001654                tfm_core_validate_boot_data
 .text.tfm_core_get_boot_data_handler
                0x0000000000001660       0x34 secure_fw/spm/libtfm_spm.a(tfm_boot_data.o)
                0x0000000000001660                tfm_core_get_boot_data_handler
 .text.tfm_arch_free_msp_and_exc_ret
                0x0000000000001694        0x8 secure_fw/spm/libtfm_spm.a(tfm_arch.o)
                0x0000000000001694                tfm_arch_free_msp_and_exc_ret
 .text.tfm_arch_set_context_ret_code
                0x000000000000169c       0x14 secure_fw/spm/libtfm_spm.a(tfm_arch.o)
                0x000000000000169c                tfm_arch_set_context_ret_code
 .text.tfm_arch_trigger_pendsv
                0x00000000000016b0       0x18 secure_fw/spm/libtfm_spm.a(tfm_arch.o)
                0x00000000000016b0                tfm_arch_trigger_pendsv
 .text.tfm_arch_init_context
                0x00000000000016c8       0x54 secure_fw/spm/libtfm_spm.a(tfm_arch.o)
                0x00000000000016c8                tfm_arch_init_context
 .text.tfm_arch_refresh_hardware_context
                0x000000000000171c       0x12 secure_fw/spm/libtfm_spm.a(tfm_arch.o)
                0x000000000000171c                tfm_arch_refresh_hardware_context
 *fill*         0x000000000000172e        0x2 
 .text.connection_to_handle
                0x0000000000001730       0x20 secure_fw/spm/libtfm_spm.a(spm_ipc.o)
                0x0000000000001730                connection_to_handle
 .text.handle_to_connection
                0x0000000000001750       0x10 secure_fw/spm/libtfm_spm.a(spm_ipc.o)
                0x0000000000001750                handle_to_connection
 .text.spm_allocate_connection
                0x0000000000001760       0x20 secure_fw/spm/libtfm_spm.a(spm_ipc.o)
                0x0000000000001760                spm_allocate_connection
 .text.spm_validate_connection
                0x0000000000001780       0x1c secure_fw/spm/libtfm_spm.a(spm_ipc.o)
                0x0000000000001780                spm_validate_connection
 .text.spm_free_connection
                0x000000000000179c       0x1c secure_fw/spm/libtfm_spm.a(spm_ipc.o)
                0x000000000000179c                spm_free_connection
 .text.spm_get_handle_by_signal
                0x00000000000017b8       0x46 secure_fw/spm/libtfm_spm.a(spm_ipc.o)
                0x00000000000017b8                spm_get_handle_by_signal
 *fill*         0x00000000000017fe        0x2 
 .text.tfm_spm_get_service_by_sid
                0x0000000000001800       0x2c secure_fw/spm/libtfm_spm.a(spm_ipc.o)
                0x0000000000001800                tfm_spm_get_service_by_sid
 .text.tfm_spm_check_client_version
                0x000000000000182c       0x24 secure_fw/spm/libtfm_spm.a(spm_ipc.o)
                0x000000000000182c                tfm_spm_check_client_version
 .text.tfm_spm_check_authorization
                0x0000000000001850       0x48 secure_fw/spm/libtfm_spm.a(spm_ipc.o)
                0x0000000000001850                tfm_spm_check_authorization
 .text.spm_fill_message
                0x0000000000001898       0x30 secure_fw/spm/libtfm_spm.a(spm_ipc.o)
                0x0000000000001898                spm_fill_message
 .text.tfm_spm_partition_get_running_partition_id
                0x00000000000018c8       0x20 secure_fw/spm/libtfm_spm.a(spm_ipc.o)
                0x00000000000018c8                tfm_spm_partition_get_running_partition_id
 .text.spm_msg_handle_to_connection
                0x00000000000018e8       0x28 secure_fw/spm/libtfm_spm.a(spm_ipc.o)
                0x00000000000018e8                spm_msg_handle_to_connection
 .text.tfm_spm_is_ns_caller
                0x0000000000001910       0x20 secure_fw/spm/libtfm_spm.a(spm_ipc.o)
                0x0000000000001910                tfm_spm_is_ns_caller
 .text.tfm_spm_get_client_id
                0x0000000000001930       0x20 secure_fw/spm/libtfm_spm.a(spm_ipc.o)
                0x0000000000001930                tfm_spm_get_client_id
 .text.tfm_spm_init
                0x0000000000001950       0x74 secure_fw/spm/libtfm_spm.a(spm_ipc.o)
                0x0000000000001950                tfm_spm_init
 .text.update_caller_outvec_len
                0x00000000000019c4       0x24 secure_fw/spm/libtfm_spm.a(spm_ipc.o)
                0x00000000000019c4                update_caller_outvec_len
 .text.cross_call_entering_c
                0x00000000000019e8       0x2c secure_fw/spm/libtfm_spm.a(spm_cross_call.o)
                0x00000000000019e8                cross_call_entering_c
 .text.cross_call_exiting_c
                0x0000000000001a14       0x30 secure_fw/spm/libtfm_spm.a(spm_cross_call.o)
                0x0000000000001a14                cross_call_exiting_c
 .text.spm_interface_cross_dispatcher
                0x0000000000001a44       0x3c secure_fw/spm/libtfm_spm.a(spm_cross_call.o)
                0x0000000000001a44                spm_interface_cross_dispatcher
 .text.load_a_partition_assuredly
                0x0000000000001a80       0xd0 secure_fw/spm/libtfm_spm.a(rom_loader.o)
                0x0000000000001a80                load_a_partition_assuredly
 .text.load_services_assuredly
                0x0000000000001b50       0xc4 secure_fw/spm/libtfm_spm.a(rom_loader.o)
                0x0000000000001b50                load_services_assuredly
 .text.load_irqs_assuredly
                0x0000000000001c14        0x2 secure_fw/spm/libtfm_spm.a(rom_loader.o)
                0x0000000000001c14                load_irqs_assuredly
 .text.spm_handle_programmer_errors
                0x0000000000001c16       0x18 secure_fw/spm/libtfm_spm.a(psa_api.o)
                0x0000000000001c16                spm_handle_programmer_errors
 .text.tfm_spm_get_lifecycle_state
                0x0000000000001c2e        0x4 secure_fw/spm/libtfm_spm.a(psa_api.o)
                0x0000000000001c2e                tfm_spm_get_lifecycle_state
 *fill*         0x0000000000001c32        0x2 
 .text.tfm_spm_partition_psa_wait
                0x0000000000001c34       0x38 secure_fw/spm/libtfm_spm.a(psa_api.o)
                0x0000000000001c34                tfm_spm_partition_psa_wait
 .text.tfm_spm_partition_psa_get
                0x0000000000001c6c       0x64 secure_fw/spm/libtfm_spm.a(psa_api.o)
                0x0000000000001c6c                tfm_spm_partition_psa_get
 .text.tfm_spm_partition_psa_reply
                0x0000000000001cd0       0x9a secure_fw/spm/libtfm_spm.a(psa_api.o)
                0x0000000000001cd0                tfm_spm_partition_psa_reply
 .text.tfm_spm_partition_psa_panic
                0x0000000000001d6a        0x4 secure_fw/spm/libtfm_spm.a(psa_api.o)
                0x0000000000001d6a                tfm_spm_partition_psa_panic
 .text.query_state
                0x0000000000001d6e       0x40 secure_fw/spm/libtfm_spm.a(backend_ipc.o)
 *fill*         0x0000000000001dae        0x2 
 .text.backend_init_comp_assuredly
                0x0000000000001db0       0xe0 secure_fw/spm/libtfm_spm.a(backend_ipc.o)
                0x0000000000001db0                backend_init_comp_assuredly
 .text.backend_system_run
                0x0000000000001e90       0x44 secure_fw/spm/libtfm_spm.a(backend_ipc.o)
                0x0000000000001e90                backend_system_run
 .text.backend_wait_signals
                0x0000000000001ed4       0x20 secure_fw/spm/libtfm_spm.a(backend_ipc.o)
                0x0000000000001ed4                backend_wait_signals
 .text.backend_assert_signal
                0x0000000000001ef4       0x20 secure_fw/spm/libtfm_spm.a(backend_ipc.o)
                0x0000000000001ef4                backend_assert_signal
 .text.backend_messaging
                0x0000000000001f14       0x32 secure_fw/spm/libtfm_spm.a(backend_ipc.o)
                0x0000000000001f14                backend_messaging
 .text.backend_replying
                0x0000000000001f46       0x10 secure_fw/spm/libtfm_spm.a(backend_ipc.o)
                0x0000000000001f46                backend_replying
 *fill*         0x0000000000001f56        0x2 
 .text.ipc_schedule
                0x0000000000001f58       0x80 secure_fw/spm/libtfm_spm.a(backend_ipc.o)
                0x0000000000001f58                ipc_schedule
 .text.tfm_pool_init
                0x0000000000001fd8       0x5c secure_fw/spm/libtfm_spm.a(tfm_pools.o)
                0x0000000000001fd8                tfm_pool_init
 .text.tfm_pool_alloc
                0x0000000000002034       0x16 secure_fw/spm/libtfm_spm.a(tfm_pools.o)
                0x0000000000002034                tfm_pool_alloc
 .text.tfm_pool_free
                0x000000000000204a        0xc secure_fw/spm/libtfm_spm.a(tfm_pools.o)
                0x000000000000204a                tfm_pool_free
 .text.is_valid_chunk_data_in_pool
                0x0000000000002056       0x28 secure_fw/spm/libtfm_spm.a(tfm_pools.o)
                0x0000000000002056                is_valid_chunk_data_in_pool
 *fill*         0x000000000000207e        0x2 
 .text.thrd_set_query_callback
                0x0000000000002080        0xc secure_fw/spm/libtfm_spm.a(thread.o)
                0x0000000000002080                thrd_set_query_callback
 .text.thrd_next
                0x000000000000208c       0x40 secure_fw/spm/libtfm_spm.a(thread.o)
                0x000000000000208c                thrd_next
 .text.thrd_set_state
                0x00000000000020cc       0x28 secure_fw/spm/libtfm_spm.a(thread.o)
                0x00000000000020cc                thrd_set_state
 .text.thrd_start
                0x00000000000020f4       0x44 secure_fw/spm/libtfm_spm.a(thread.o)
                0x00000000000020f4                thrd_start
 .text.thrd_start_scheduler
                0x0000000000002138       0x1c secure_fw/spm/libtfm_spm.a(thread.o)
                0x0000000000002138                thrd_start_scheduler
 .text.tfm_nspm_get_current_client_id
                0x0000000000002154        0x6 secure_fw/spm/libtfm_spm.a(tfm_spm_ns_ctx.o)
                0x0000000000002154                tfm_nspm_get_current_client_id
 *fill*         0x000000000000215a        0x2 
 .text.tfm_nspm_ctx_init
                0x000000000000215c       0x18 secure_fw/spm/libtfm_spm.a(tfm_spm_ns_ctx.o)
                0x000000000000215c                tfm_nspm_ctx_init
 .text.tfm_hal_platform_common_init
                0x0000000000002174       0x32 secure_fw/spm/libtfm_spm.a(tfm_hal_platform_common.o)
                0x0000000000002174                tfm_hal_platform_common_init
 *fill*         0x00000000000021a6        0x2 
 .text.tfm_hal_get_ns_VTOR
                0x00000000000021a8        0xc secure_fw/spm/libtfm_spm.a(tfm_hal_platform_common.o)
                0x00000000000021a8                tfm_hal_get_ns_VTOR
 .text.tfm_hal_get_ns_MSP
                0x00000000000021b4        0xc secure_fw/spm/libtfm_spm.a(tfm_hal_platform_common.o)
                0x00000000000021b4                tfm_hal_get_ns_MSP
 .text.tfm_hal_get_ns_entry_point
                0x00000000000021c0        0xc secure_fw/spm/libtfm_spm.a(tfm_hal_platform_common.o)
                0x00000000000021c0                tfm_hal_get_ns_entry_point
 .text.tfm_spm_client_psa_call
                0x00000000000021cc      0x200 secure_fw/spm/libtfm_spm.a(psa_call_api.o)
                0x00000000000021cc                tfm_spm_client_psa_call
 .text.tfm_spm_client_psa_framework_version
                0x00000000000023cc        0x6 secure_fw/spm/libtfm_spm.a(psa_version_api.o)
                0x00000000000023cc                tfm_spm_client_psa_framework_version
 .text.tfm_spm_client_psa_version
                0x00000000000023d2       0x2c secure_fw/spm/libtfm_spm.a(psa_version_api.o)
                0x00000000000023d2                tfm_spm_client_psa_version
 *fill*         0x00000000000023fe        0x2 
 .text.tfm_spm_partition_psa_read
                0x0000000000002400       0x7c secure_fw/spm/libtfm_spm.a(psa_read_write_skip_api.o)
                0x0000000000002400                tfm_spm_partition_psa_read
 .text.tfm_spm_partition_psa_skip
                0x000000000000247c       0x46 secure_fw/spm/libtfm_spm.a(psa_read_write_skip_api.o)
                0x000000000000247c                tfm_spm_partition_psa_skip
 *fill*         0x00000000000024c2        0x2 
 .text.tfm_spm_partition_psa_write
                0x00000000000024c4       0x78 secure_fw/spm/libtfm_spm.a(psa_read_write_skip_api.o)
                0x00000000000024c4                tfm_spm_partition_psa_write
 *libplatform_s*:*(.rodata*)
 .rodata.CSWTCH.17
                0x000000000000253c        0x4 platform/libplatform_s.a(system_nrf5340_application.o)
 .rodata.CSWTCH.5
                0x0000000000002540        0x4 platform/libplatform_s.a(system_nrf5340_application.o)
 .rodata.CSWTCH.3
                0x0000000000002544        0x4 platform/libplatform_s.a(system_nrf5340_application.o)
 .rodata.ranges
                0x0000000000002548       0x20 platform/libplatform_s.a(tfm_platform_hal_ioctl.o)
 *libtfm_spm*:*(.rodata*)
 .rodata.memory_regions
                0x0000000000002568       0x14 secure_fw/spm/libtfm_spm.a(target_cfg.o)
                0x0000000000002568                memory_regions
 .rodata.serv_pool_ea
                0x000000000000257c        0x4 secure_fw/spm/libtfm_spm.a(rom_loader.o)
 .rodata.part_pool_ea
                0x0000000000002580        0x4 secure_fw/spm/libtfm_spm.a(rom_loader.o)
 .rodata.ldinf_ea
                0x0000000000002584        0x4 secure_fw/spm/libtfm_spm.a(rom_loader.o)

.tfm_secure_data_start
                0x0000000020000000        0x0
                0x0000000020000000                . = ABSOLUTE (0x20000000)

.tfm_bl2_shared_data
                0x0000000020000000      0x400
                0x0000000020000400                . = (. + 0x400)
 *fill*         0x0000000020000000      0x400 

.msp_stack      0x0000000020000400      0x7f8
                0x0000000020000bf8                . = (. + (__msp_stack_size__ - 0x8))
 *fill*         0x0000000020000400      0x7f8 
                0x0000000020000400                Image$$ARM_LIB_STACK$$ZI$$Base = ADDR (.msp_stack)
                0x0000000020000bf8                Image$$ARM_LIB_STACK$$ZI$$Limit = (ADDR (.msp_stack) + SIZEOF (.msp_stack))

.msp_stack_seal_res
                0x0000000020000bf8        0x8
                0x0000000020000c00                . = (. + 0x8)
 *fill*         0x0000000020000bf8        0x8 
                0x0000000020000bf8                __StackSeal = ADDR (.msp_stack_seal_res)

.TFM_SP_META_PTR
                0x0000000020000c00       0x20
 *(.bss.SP_META_PTR_SPRTL_INST)
 .bss.SP_META_PTR_SPRTL_INST
                0x0000000020000c00        0x4 secure_fw/partitions/lib/runtime/libtfm_sprt.a(sprt_partition_metadata_indicator.o)
                0x0000000020000c00                p_partition_metadata
                0x0000000020000c20                . = ALIGN (0x20)
 *fill*         0x0000000020000c04       0x1c 
                0x0000000020000c00                Image$$TFM_SP_META_PTR$$ZI$$Base = ADDR (.TFM_SP_META_PTR)
                0x0000000020000c20                Image$$TFM_SP_META_PTR$$ZI$$Limit = (ADDR (.TFM_SP_META_PTR) + SIZEOF (.TFM_SP_META_PTR))
                0x0000000020000c20                . = ALIGN (0x20)
                0x0000000020000c20                Image$$TFM_APP_RW_STACK_START$$Base = .

.TFM_APP_ROT_LINKER_DATA
                0x0000000020000c20        0x0 load address 0x00000000000025a0
 *tfm_app_rot_partition*:*(.data*)
 *(TFM_*_APP-ROT_ATTR_RW)
                0x0000000020000c20                . = ALIGN (0x4)
                0x0000000020000c20                Image$$TFM_APP_ROT_LINKER_DATA$$RW$$Base = ADDR (.TFM_APP_ROT_LINKER_DATA)
                0x0000000020000c20                Image$$TFM_APP_ROT_LINKER_DATA$$RW$$Limit = (ADDR (.TFM_APP_ROT_LINKER_DATA) + SIZEOF (.TFM_APP_ROT_LINKER_DATA))

.TFM_APP_ROT_LINKER_BSS
                0x0000000020000c20       0x20
                0x0000000020000c20                start_of_TFM_APP_ROT_LINKER = .
 *tfm_app_rot_partition*:*(.bss*)
 *tfm_app_rot_partition*:*(COMMON)
 *(TFM_*_APP-ROT_ATTR_ZI)
                0x0000000020000c24                . = (. + (. - start_of_TFM_APP_ROT_LINKER)?0x0:0x4)
 *fill*         0x0000000020000c20        0x4 
                0x0000000020000c40                . = ALIGN (0x20)
 *fill*         0x0000000020000c24       0x1c 
                0x0000000020000c20                Image$$TFM_APP_ROT_LINKER_DATA$$ZI$$Base = ADDR (.TFM_APP_ROT_LINKER_BSS)
                0x0000000020000c40                Image$$TFM_APP_ROT_LINKER_DATA$$ZI$$Limit = (ADDR (.TFM_APP_ROT_LINKER_BSS) + SIZEOF (.TFM_APP_ROT_LINKER_BSS))
                0x0000000020000c40                Image$$TFM_APP_RW_STACK_END$$Base = .
                0x0000000020000c40                Image$$TFM_PSA_RW_STACK_START$$Base = .

.TFM_PSA_ROT_LINKER_DATA
                0x0000000020000c40        0x0 load address 0x00000000000025a0
 *tfm_psa_rot_partition*:*(.data*)
 *(TFM_*_PSA-ROT_ATTR_RW)
                0x0000000020000c40                . = ALIGN (0x4)
                0x0000000020000c40                Image$$TFM_PSA_ROT_LINKER_DATA$$RW$$Base = ADDR (.TFM_PSA_ROT_LINKER_DATA)
                0x0000000020000c40                Image$$TFM_PSA_ROT_LINKER_DATA$$RW$$Limit = (ADDR (.TFM_PSA_ROT_LINKER_DATA) + SIZEOF (.TFM_PSA_ROT_LINKER_DATA))

.TFM_PSA_ROT_LINKER_BSS
                0x0000000020000c40     0x11e0
                0x0000000020000c40                start_of_TFM_PSA_ROT_LINKER = .
 *tfm_psa_rot_partition*:*(.bss*)
 .bss.scratch   0x0000000020000c40      0x408 secure_fw/partitions/crypto/libtfm_psa_rot_partition_crypto.a(crypto_init.o)
 .bss.operations
                0x0000000020001048       0x28 secure_fw/partitions/crypto/libtfm_psa_rot_partition_crypto.a(crypto_alloc.o)
 .bss.mbedtls_mem_buf
                0x0000000020001070        0x1 secure_fw/partitions/crypto/libtfm_psa_rot_partition_crypto.a(crypto_library.o)
 .bss.mbedtls_version_full
                0x0000000020001071       0x12 secure_fw/partitions/crypto/libtfm_psa_rot_partition_crypto.a(crypto_library.o)
 *fill*         0x0000000020001083        0x5 
 .bss.tfm_sp_crypto_stack
                0x0000000020001088      0x800 secure_fw/partitions/crypto/libtfm_psa_rot_partition_crypto.a(intermedia_tfm_crypto.o)
                0x0000000020001088                tfm_sp_crypto_stack
 .bss.tfm_sp_platform_stack
                0x0000000020001888      0x500 secure_fw/partitions/platform/libtfm_psa_rot_partition_platform.a(intermedia_tfm_platform.o)
                0x0000000020001888                tfm_sp_platform_stack
 .bss.g_builtin_key_slots
                0x0000000020001d88       0x90 secure_fw/partitions/crypto/libtfm_psa_rot_partition_crypto.a(tfm_builtin_key_loader.o)
 *tfm_psa_rot_partition*:*(COMMON)
 *(TFM_*_PSA-ROT_ATTR_ZI)
                0x0000000020001e18                . = (. + (. - start_of_TFM_PSA_ROT_LINKER)?0x0:0x4)
                0x0000000020001e20                . = ALIGN (0x20)
 *fill*         0x0000000020001e18        0x8 
                0x0000000020000c40                Image$$TFM_PSA_ROT_LINKER_DATA$$ZI$$Base = ADDR (.TFM_PSA_ROT_LINKER_BSS)
                0x0000000020001e20                Image$$TFM_PSA_ROT_LINKER_DATA$$ZI$$Limit = (ADDR (.TFM_PSA_ROT_LINKER_BSS) + SIZEOF (.TFM_PSA_ROT_LINKER_BSS))
                0x0000000020001e20                Image$$TFM_PSA_RW_STACK_END$$Base = .

.TFM_UNPRIV_CODE
                0x00000000000025a0     0x3540
 *(SFN)
 SFN            0x00000000000025a0       0x88 secure_fw/CMakeFiles/tfm_s.dir/partitions/ns_agent_tz/psa_api_veneers_v80m.o
                0x00000000000025a0                __acle_se_tfm_psa_framework_version_veneer
                0x00000000000025be                __acle_se_tfm_psa_version_veneer
                0x00000000000025dc                __acle_se_tfm_psa_call_veneer
                0x00000000000025fe                __acle_se_tfm_psa_connect_veneer
                0x0000000000002610                __acle_se_tfm_psa_close_veneer
 *(.text*)
 .text          0x0000000000002628       0x88 /home/jordan/ncs/toolchains/7795df4459/opt/zephyr-sdk/arm-zephyr-eabi/bin/../lib/gcc/arm-zephyr-eabi/12.2.0/thumb/v8-m.main/nofp/crtbegin.o
 .text          0x00000000000026b0       0x7c /home/jordan/ncs/toolchains/7795df4459/opt/zephyr-sdk/arm-zephyr-eabi/bin/../lib/gcc/arm-zephyr-eabi/12.2.0/../../../../arm-zephyr-eabi/lib/thumb/v8-m.main/nofp/crt0.o
                0x00000000000026b0                _stack_init
                0x00000000000026b8                _mainCRTStartup
                0x00000000000026b8                _start
 .text.clear_caller_context
                0x000000000000272c        0x8 secure_fw/CMakeFiles/tfm_s.dir/partitions/ns_agent_tz/psa_api_veneers_v80m.o
 .text.C_HardFault_Handler
                0x0000000000002734        0x4 secure_fw/CMakeFiles/tfm_s.dir/__/platform/ext/common/faults.o
                0x0000000000002734                C_HardFault_Handler
 .text.HardFault_Handler
                0x0000000000002738        0x6 secure_fw/CMakeFiles/tfm_s.dir/__/platform/ext/common/faults.o
                0x0000000000002738                HardFault_Handler
 .text.C_MemManage_Handler
                0x000000000000273e        0x4 secure_fw/CMakeFiles/tfm_s.dir/__/platform/ext/common/faults.o
                0x000000000000273e                C_MemManage_Handler
 .text.MemManage_Handler
                0x0000000000002742        0x6 secure_fw/CMakeFiles/tfm_s.dir/__/platform/ext/common/faults.o
                0x0000000000002742                MemManage_Handler
 .text.C_BusFault_Handler
                0x0000000000002748        0x4 secure_fw/CMakeFiles/tfm_s.dir/__/platform/ext/common/faults.o
                0x0000000000002748                C_BusFault_Handler
 .text.BusFault_Handler
                0x000000000000274c        0x6 secure_fw/CMakeFiles/tfm_s.dir/__/platform/ext/common/faults.o
                0x000000000000274c                BusFault_Handler
 .text.C_SecureFault_Handler
                0x0000000000002752        0x4 secure_fw/CMakeFiles/tfm_s.dir/__/platform/ext/common/faults.o
                0x0000000000002752                C_SecureFault_Handler
 .text.SecureFault_Handler
                0x0000000000002756        0x6 secure_fw/CMakeFiles/tfm_s.dir/__/platform/ext/common/faults.o
                0x0000000000002756                SecureFault_Handler
 .text.C_UsageFault_Handler
                0x000000000000275c        0x4 secure_fw/CMakeFiles/tfm_s.dir/__/platform/ext/common/faults.o
                0x000000000000275c                C_UsageFault_Handler
 .text.UsageFault_Handler
                0x0000000000002760        0x6 secure_fw/CMakeFiles/tfm_s.dir/__/platform/ext/common/faults.o
                0x0000000000002760                UsageFault_Handler
 .text.memset   0x0000000000002766       0x3e secure_fw/partitions/lib/runtime/libtfm_sprt.a(crt_memset.o)
                0x0000000000002766                memset
 .text.psa_framework_version
                0x00000000000027a4       0x10 secure_fw/partitions/lib/runtime/libtfm_sprt.a(psa_api_ipc.o)
                0x00000000000027a4                psa_framework_version
 .text.psa_version
                0x00000000000027b4       0x10 secure_fw/partitions/lib/runtime/libtfm_sprt.a(psa_api_ipc.o)
                0x00000000000027b4                psa_version
 .text.tfm_psa_call_pack
                0x00000000000027c4       0x14 secure_fw/partitions/lib/runtime/libtfm_sprt.a(psa_api_ipc.o)
                0x00000000000027c4                tfm_psa_call_pack
 .text.psa_wait
                0x00000000000027d8       0x10 secure_fw/partitions/lib/runtime/libtfm_sprt.a(psa_api_ipc.o)
                0x00000000000027d8                psa_wait
 .text.psa_get  0x00000000000027e8       0x10 secure_fw/partitions/lib/runtime/libtfm_sprt.a(psa_api_ipc.o)
                0x00000000000027e8                psa_get
 .text.psa_read
                0x00000000000027f8       0x14 secure_fw/partitions/lib/runtime/libtfm_sprt.a(psa_api_ipc.o)
                0x00000000000027f8                psa_read
 .text.psa_write
                0x000000000000280c       0x14 secure_fw/partitions/lib/runtime/libtfm_sprt.a(psa_api_ipc.o)
                0x000000000000280c                psa_write
 .text.psa_reply
                0x0000000000002820       0x10 secure_fw/partitions/lib/runtime/libtfm_sprt.a(psa_api_ipc.o)
                0x0000000000002820                psa_reply
 .text.psa_panic
                0x0000000000002830       0x10 secure_fw/partitions/lib/runtime/libtfm_sprt.a(psa_api_ipc.o)
                0x0000000000002830                psa_panic
 .text.tfm_plat_builtin_key_get_desc_table_ptr
                0x0000000000002840        0x4 platform/libplatform_crypto_keys.a(crypto_keys.o)
                0x0000000000002840                tfm_plat_builtin_key_get_desc_table_ptr
 .text.verify_header
                0x0000000000002844       0x40 secure_fw/partitions/crypto/mbedcrypto/nrf_security_src/libcrypto_service_mbedcrypto.a(memory_buffer_alloc.o)
 .text.verify_chain
                0x0000000000002884       0x3c secure_fw/partitions/crypto/mbedcrypto/nrf_security_src/libcrypto_service_mbedcrypto.a(memory_buffer_alloc.o)
 .text.buffer_alloc_calloc
                0x00000000000028c0       0xf4 secure_fw/partitions/crypto/mbedcrypto/nrf_security_src/libcrypto_service_mbedcrypto.a(memory_buffer_alloc.o)
 .text.buffer_alloc_free
                0x00000000000029b4       0xe8 secure_fw/partitions/crypto/mbedcrypto/nrf_security_src/libcrypto_service_mbedcrypto.a(memory_buffer_alloc.o)
 .text.mbedtls_memory_buffer_alloc_init
                0x0000000000002a9c       0x64 secure_fw/partitions/crypto/mbedcrypto/nrf_security_src/libcrypto_service_mbedcrypto.a(memory_buffer_alloc.o)
                0x0000000000002a9c                mbedtls_memory_buffer_alloc_init
 .text.platform_calloc_uninit
                0x0000000000002b00        0x4 secure_fw/partitions/crypto/mbedcrypto/nrf_security_src/libcrypto_service_mbedcrypto.a(platform.o)
 .text.platform_free_uninit
                0x0000000000002b04        0x2 secure_fw/partitions/crypto/mbedcrypto/nrf_security_src/libcrypto_service_mbedcrypto.a(platform.o)
 *fill*         0x0000000000002b06        0x2 
 .text.mbedtls_free
                0x0000000000002b08        0xc secure_fw/partitions/crypto/mbedcrypto/nrf_security_src/libcrypto_service_mbedcrypto.a(platform.o)
                0x0000000000002b08                mbedtls_free
 .text.mbedtls_platform_set_calloc_free
                0x0000000000002b14       0x14 secure_fw/partitions/crypto/mbedcrypto/nrf_security_src/libcrypto_service_mbedcrypto.a(platform.o)
                0x0000000000002b14                mbedtls_platform_set_calloc_free
 .text.psa_remove_key_data_from_memory
                0x0000000000002b28       0x1c secure_fw/partitions/crypto/mbedcrypto/nrf_security_src/libcrypto_service_mbedcrypto.a(psa_crypto.o)
                0x0000000000002b28                psa_remove_key_data_from_memory
 .text.psa_wipe_key_slot
                0x0000000000002b44       0x22 secure_fw/partitions/crypto/mbedcrypto/nrf_security_src/libcrypto_service_mbedcrypto.a(psa_crypto.o)
                0x0000000000002b44                psa_wipe_key_slot
 *fill*         0x0000000000002b66        0x2 
 .text.mbedcrypto__psa_generate_random
                0x0000000000002b68       0x1c secure_fw/partitions/crypto/mbedcrypto/nrf_security_src/libcrypto_service_mbedcrypto.a(psa_crypto.o)
                0x0000000000002b68                mbedcrypto__psa_generate_random
 .text.mbedtls_psa_crypto_free
                0x0000000000002b84       0x24 secure_fw/partitions/crypto/mbedcrypto/nrf_security_src/libcrypto_service_mbedcrypto.a(psa_crypto.o)
                0x0000000000002b84                mbedtls_psa_crypto_free
 .text.mbedcrypto__psa_crypto_init
                0x0000000000002ba8       0x3c secure_fw/partitions/crypto/mbedcrypto/nrf_security_src/libcrypto_service_mbedcrypto.a(psa_crypto.o)
                0x0000000000002ba8                mbedcrypto__psa_crypto_init
 .text.psa_initialize_key_slots
                0x0000000000002be4       0x18 secure_fw/partitions/crypto/mbedcrypto/nrf_security_src/libcrypto_service_mbedcrypto.a(psa_crypto_slot_management.o)
                0x0000000000002be4                psa_initialize_key_slots
 .text.psa_wipe_all_key_slots
                0x0000000000002bfc       0x2c secure_fw/partitions/crypto/mbedcrypto/nrf_security_src/libcrypto_service_mbedcrypto.a(psa_crypto_slot_management.o)
                0x0000000000002bfc                psa_wipe_all_key_slots
 .text.psa_driver_wrapper_init
                0x0000000000002c28        0x4 secure_fw/partitions/crypto/mbedcrypto/nrf_security_src/libcrypto_service_mbedcrypto.a(psa_crypto_driver_wrappers.o)
                0x0000000000002c28                psa_driver_wrapper_init
 .text.psa_driver_wrapper_free
                0x0000000000002c2c        0x2 secure_fw/partitions/crypto/mbedcrypto/nrf_security_src/libcrypto_service_mbedcrypto.a(psa_crypto_driver_wrappers.o)
                0x0000000000002c2c                psa_driver_wrapper_free
 .text.psa_driver_wrapper_init_random
                0x0000000000002c2e        0x4 secure_fw/partitions/crypto/mbedcrypto/nrf_security_src/libcrypto_service_mbedcrypto.a(psa_crypto_driver_wrappers.o)
                0x0000000000002c2e                psa_driver_wrapper_init_random
 .text.psa_driver_wrapper_get_random
                0x0000000000002c32       0x22 secure_fw/partitions/crypto/mbedcrypto/nrf_security_src/libcrypto_service_mbedcrypto.a(psa_crypto_driver_wrappers.o)
                0x0000000000002c32                psa_driver_wrapper_get_random
 .text.psa_driver_wrapper_free_random
                0x0000000000002c54        0x4 secure_fw/partitions/crypto/mbedcrypto/nrf_security_src/libcrypto_service_mbedcrypto.a(psa_crypto_driver_wrappers.o)
                0x0000000000002c54                psa_driver_wrapper_free_random
 .text.memcpy   0x0000000000002c58       0x4a secure_fw/partitions/lib/runtime/libtfm_sprt.a(crt_memcpy.o)
                0x0000000000002c58                memcpy
 *fill*         0x0000000000002ca2        0x2 
 .text.common_sfn_thread
                0x0000000000002ca4       0x88 secure_fw/partitions/lib/runtime/libtfm_sprt.a(sfn_common_thread.o)
                0x0000000000002ca4                common_sfn_thread
 .text.nrf_cc3xx_platform_init
                0x0000000000002d2c       0x44 /home/jordan/ncs/v2.5.1/nrfxlib/crypto/nrf_cc312_platform/lib/cortex-m33/soft-float/no-interrupts/libnrf_cc312_platform_0.9.18.a(nrf_cc3xx_platform.c.obj)
                0x0000000000002d2c                nrf_cc3xx_platform_init
 .text.nrf_cc3xx_platform_ctr_drbg_init
                0x0000000000002d70       0x60 /home/jordan/ncs/v2.5.1/nrfxlib/crypto/nrf_cc312_platform/lib/cortex-m33/soft-float/no-interrupts/libnrf_cc312_platform_0.9.18.a(nrf_cc3xx_platform_ctr_drbg.c.obj)
                0x0000000000002d70                nrf_cc3xx_platform_ctr_drbg_init
 .text.nrf_cc3xx_platform_ctr_drbg_get
                0x0000000000002dd0       0x44 /home/jordan/ncs/v2.5.1/nrfxlib/crypto/nrf_cc312_platform/lib/cortex-m33/soft-float/no-interrupts/libnrf_cc312_platform_0.9.18.a(nrf_cc3xx_platform_ctr_drbg.c.obj)
                0x0000000000002dd0                nrf_cc3xx_platform_ctr_drbg_get
 .text.mbedtls_zeroize_internal
                0x0000000000002e14       0x14 /home/jordan/ncs/v2.5.1/nrfxlib/crypto/nrf_cc312_platform/lib/cortex-m33/soft-float/no-interrupts/libnrf_cc312_platform_0.9.18.a(mbedtls_common.c.obj)
                0x0000000000002e14                mbedtls_zeroize_internal
 .text.mbedtls_platform_zeroize
                0x0000000000002e28       0x14 /home/jordan/ncs/v2.5.1/nrfxlib/crypto/nrf_cc312_platform/lib/cortex-m33/soft-float/no-interrupts/libnrf_cc312_platform_0.9.18.a(mbedtls_common.c.obj)
                0x0000000000002e28                mbedtls_platform_zeroize
 .text.block_cipher_df
                0x0000000000002e3c      0x1d0 /home/jordan/ncs/v2.5.1/nrfxlib/crypto/nrf_cc312_platform/lib/cortex-m33/soft-float/no-interrupts/libnrf_cc312_platform_0.9.18.a(ctr_drbg.c.obj)
 .text.ctr_drbg_update_internal
                0x000000000000300c      0x174 /home/jordan/ncs/v2.5.1/nrfxlib/crypto/nrf_cc312_platform/lib/cortex-m33/soft-float/no-interrupts/libnrf_cc312_platform_0.9.18.a(ctr_drbg.c.obj)
 .text.mbedtls_ctr_drbg_reseed_internal
                0x0000000000003180       0xc4 /home/jordan/ncs/v2.5.1/nrfxlib/crypto/nrf_cc312_platform/lib/cortex-m33/soft-float/no-interrupts/libnrf_cc312_platform_0.9.18.a(ctr_drbg.c.obj)
 .text.cc_mbedtls_ctr_drbg_init
                0x0000000000003244       0x2c /home/jordan/ncs/v2.5.1/nrfxlib/crypto/nrf_cc312_platform/lib/cortex-m33/soft-float/no-interrupts/libnrf_cc312_platform_0.9.18.a(ctr_drbg.c.obj)
                0x0000000000003244                cc_mbedtls_ctr_drbg_init
 .text.cc_mbedtls_ctr_drbg_seed
                0x0000000000003270       0xa0 /home/jordan/ncs/v2.5.1/nrfxlib/crypto/nrf_cc312_platform/lib/cortex-m33/soft-float/no-interrupts/libnrf_cc312_platform_0.9.18.a(ctr_drbg.c.obj)
                0x0000000000003270                cc_mbedtls_ctr_drbg_seed
 .text.cc_mbedtls_ctr_drbg_random_with_add
                0x0000000000003310      0x1e4 /home/jordan/ncs/v2.5.1/nrfxlib/crypto/nrf_cc312_platform/lib/cortex-m33/soft-float/no-interrupts/libnrf_cc312_platform_0.9.18.a(ctr_drbg.c.obj)
                0x0000000000003310                cc_mbedtls_ctr_drbg_random_with_add
 .text.entropy_update
                0x00000000000034f4       0x7c /home/jordan/ncs/v2.5.1/nrfxlib/crypto/nrf_cc312_platform/lib/cortex-m33/soft-float/no-interrupts/libnrf_cc312_platform_0.9.18.a(entropy.c.obj)
 .text.entropy_gather_internal.part.0
                0x0000000000003570       0x88 /home/jordan/ncs/v2.5.1/nrfxlib/crypto/nrf_cc312_platform/lib/cortex-m33/soft-float/no-interrupts/libnrf_cc312_platform_0.9.18.a(entropy.c.obj)
 .text.cc_mbedtls_entropy_init
                0x00000000000035f8       0x84 /home/jordan/ncs/v2.5.1/nrfxlib/crypto/nrf_cc312_platform/lib/cortex-m33/soft-float/no-interrupts/libnrf_cc312_platform_0.9.18.a(entropy.c.obj)
                0x00000000000035f8                cc_mbedtls_entropy_init
 .text.cc_mbedtls_entropy_func
                0x000000000000367c      0x110 /home/jordan/ncs/v2.5.1/nrfxlib/crypto/nrf_cc312_platform/lib/cortex-m33/soft-float/no-interrupts/libnrf_cc312_platform_0.9.18.a(entropy.c.obj)
                0x000000000000367c                cc_mbedtls_entropy_func
 .text.RndStartupTest.constprop.0
                0x000000000000378c       0xac /home/jordan/ncs/v2.5.1/nrfxlib/crypto/nrf_cc312_platform/lib/cortex-m33/soft-float/no-interrupts/libnrf_cc312_platform_0.9.18.a(cc_lib.c.obj)
 .text.CC_LibInit
                0x0000000000003838       0x74 /home/jordan/ncs/v2.5.1/nrfxlib/crypto/nrf_cc312_platform/lib/cortex-m33/soft-float/no-interrupts/libnrf_cc312_platform_0.9.18.a(cc_lib.c.obj)
                0x0000000000003838                CC_LibInit
 .text.CC_HalInit
                0x00000000000038ac        0x4 /home/jordan/ncs/v2.5.1/nrfxlib/crypto/nrf_cc312_platform/lib/cortex-m33/soft-float/no-interrupts/libnrf_cc312_platform_0.9.18.a(cc_hal.c.obj)
                0x00000000000038ac                CC_HalInit
 .text.CC_HalClearInterruptBit
                0x00000000000038b0       0x1c /home/jordan/ncs/v2.5.1/nrfxlib/crypto/nrf_cc312_platform/lib/cortex-m33/soft-float/no-interrupts/libnrf_cc312_platform_0.9.18.a(cc_hal.c.obj)
                0x00000000000038b0                CC_HalClearInterruptBit
 .text.CC_HalMaskInterrupt
                0x00000000000038cc        0xc /home/jordan/ncs/v2.5.1/nrfxlib/crypto/nrf_cc312_platform/lib/cortex-m33/soft-float/no-interrupts/libnrf_cc312_platform_0.9.18.a(cc_hal.c.obj)
                0x00000000000038cc                CC_HalMaskInterrupt
 .text.CC_HalWaitInterrupt
                0x00000000000038d8        0xc /home/jordan/ncs/v2.5.1/nrfxlib/crypto/nrf_cc312_platform/lib/cortex-m33/soft-float/no-interrupts/libnrf_cc312_platform_0.9.18.a(cc_hal.c.obj)
                0x00000000000038d8                CC_HalWaitInterrupt
 .text.CC_HalWaitInterruptRND
                0x00000000000038e4        0xc /home/jordan/ncs/v2.5.1/nrfxlib/crypto/nrf_cc312_platform/lib/cortex-m33/soft-float/no-interrupts/libnrf_cc312_platform_0.9.18.a(cc_hal.c.obj)
                0x00000000000038e4                CC_HalWaitInterruptRND
 .text.CC_PalInit
                0x00000000000038f0       0x5c /home/jordan/ncs/v2.5.1/nrfxlib/crypto/nrf_cc312_platform/lib/cortex-m33/soft-float/no-interrupts/libnrf_cc312_platform_0.9.18.a(cc_pal.c.obj)
                0x00000000000038f0                CC_PalInit
 .text.CC_PalTerminate
                0x000000000000394c       0x34 /home/jordan/ncs/v2.5.1/nrfxlib/crypto/nrf_cc312_platform/lib/cortex-m33/soft-float/no-interrupts/libnrf_cc312_platform_0.9.18.a(cc_pal.c.obj)
                0x000000000000394c                CC_PalTerminate
 .text.CC_PalDmaInit
                0x0000000000003980        0x4 /home/jordan/ncs/v2.5.1/nrfxlib/crypto/nrf_cc312_platform/lib/cortex-m33/soft-float/no-interrupts/libnrf_cc312_platform_0.9.18.a(cc_pal_dma.c.obj)
                0x0000000000003980                CC_PalDmaInit
 .text.CC_PalDmaTerminate
                0x0000000000003984        0x4 /home/jordan/ncs/v2.5.1/nrfxlib/crypto/nrf_cc312_platform/lib/cortex-m33/soft-float/no-interrupts/libnrf_cc312_platform_0.9.18.a(cc_pal_dma.c.obj)
                0x0000000000003984                CC_PalDmaTerminate
 .text.CC_PalWaitInterruptRND
                0x0000000000003988       0x38 /home/jordan/ncs/v2.5.1/nrfxlib/crypto/nrf_cc312_platform/lib/cortex-m33/soft-float/no-interrupts/libnrf_cc312_platform_0.9.18.a(cc_pal_interrupt_ctrl.c.obj)
                0x0000000000003988                CC_PalWaitInterruptRND
 .text.CC_PalWaitInterrupt
                0x00000000000039c0       0x28 /home/jordan/ncs/v2.5.1/nrfxlib/crypto/nrf_cc312_platform/lib/cortex-m33/soft-float/no-interrupts/libnrf_cc312_platform_0.9.18.a(cc_pal_interrupt_ctrl.c.obj)
                0x00000000000039c0                CC_PalWaitInterrupt
 .text.CC_PalMemCopyPlat
                0x00000000000039e8        0x4 /home/jordan/ncs/v2.5.1/nrfxlib/crypto/nrf_cc312_platform/lib/cortex-m33/soft-float/no-interrupts/libnrf_cc312_platform_0.9.18.a(cc_pal_mem.c.obj)
                0x00000000000039e8                CC_PalMemCopyPlat
 .text.CC_PalMemSetPlat
                0x00000000000039ec        0x4 /home/jordan/ncs/v2.5.1/nrfxlib/crypto/nrf_cc312_platform/lib/cortex-m33/soft-float/no-interrupts/libnrf_cc312_platform_0.9.18.a(cc_pal_mem.c.obj)
                0x00000000000039ec                CC_PalMemSetPlat
 .text.CC_PalMemSetZeroPlat
                0x00000000000039f0        0x8 /home/jordan/ncs/v2.5.1/nrfxlib/crypto/nrf_cc312_platform/lib/cortex-m33/soft-float/no-interrupts/libnrf_cc312_platform_0.9.18.a(cc_pal_mem.c.obj)
                0x00000000000039f0                CC_PalMemSetZeroPlat
 .text.CC_PalMutexCreate
                0x00000000000039f8       0x14 /home/jordan/ncs/v2.5.1/nrfxlib/crypto/nrf_cc312_platform/lib/cortex-m33/soft-float/no-interrupts/libnrf_cc312_platform_0.9.18.a(cc_pal_mutex.c.obj)
                0x00000000000039f8                CC_PalMutexCreate
 .text.CC_PalMutexDestroy
                0x0000000000003a0c       0x14 /home/jordan/ncs/v2.5.1/nrfxlib/crypto/nrf_cc312_platform/lib/cortex-m33/soft-float/no-interrupts/libnrf_cc312_platform_0.9.18.a(cc_pal_mutex.c.obj)
                0x0000000000003a0c                CC_PalMutexDestroy
 .text.CC_PalMutexLock
                0x0000000000003a20       0x10 /home/jordan/ncs/v2.5.1/nrfxlib/crypto/nrf_cc312_platform/lib/cortex-m33/soft-float/no-interrupts/libnrf_cc312_platform_0.9.18.a(cc_pal_mutex.c.obj)
                0x0000000000003a20                CC_PalMutexLock
 .text.CC_PalMutexUnlock
                0x0000000000003a30       0x14 /home/jordan/ncs/v2.5.1/nrfxlib/crypto/nrf_cc312_platform/lib/cortex-m33/soft-float/no-interrupts/libnrf_cc312_platform_0.9.18.a(cc_pal_mutex.c.obj)
                0x0000000000003a30                CC_PalMutexUnlock
 .text.CC_PalPowerSaveModeInit
                0x0000000000003a44       0x3c /home/jordan/ncs/v2.5.1/nrfxlib/crypto/nrf_cc312_platform/lib/cortex-m33/soft-float/no-interrupts/libnrf_cc312_platform_0.9.18.a(cc_pal_pm.c.obj)
                0x0000000000003a44                CC_PalPowerSaveModeInit
 .text.CC_PalPowerSaveModeSelect
                0x0000000000003a80       0x84 /home/jordan/ncs/v2.5.1/nrfxlib/crypto/nrf_cc312_platform/lib/cortex-m33/soft-float/no-interrupts/libnrf_cc312_platform_0.9.18.a(cc_pal_pm.c.obj)
                0x0000000000003a80                CC_PalPowerSaveModeSelect
 .text.mutex_init
                0x0000000000003b04        0xc /home/jordan/ncs/v2.5.1/nrfxlib/crypto/nrf_cc312_platform/lib/cortex-m33/soft-float/no-interrupts/libnrf_cc312_platform_0.9.18.a(threading_alt.c.obj)
                0x0000000000003b04                mutex_init
 .text.mutex_lock
                0x0000000000003b10        0xc /home/jordan/ncs/v2.5.1/nrfxlib/crypto/nrf_cc312_platform/lib/cortex-m33/soft-float/no-interrupts/libnrf_cc312_platform_0.9.18.a(threading_alt.c.obj)
                0x0000000000003b10                mutex_lock
 .text.mutex_unlock
                0x0000000000003b1c        0xc /home/jordan/ncs/v2.5.1/nrfxlib/crypto/nrf_cc312_platform/lib/cortex-m33/soft-float/no-interrupts/libnrf_cc312_platform_0.9.18.a(threading_alt.c.obj)
                0x0000000000003b1c                mutex_unlock
 .text.nrf_cc3xx_platform_abort
                0x0000000000003b28       0x24 /home/jordan/ncs/v2.5.1/nrfxlib/crypto/nrf_cc312_platform/lib/cortex-m33/soft-float/no-interrupts/libnrf_cc312_platform_0.9.18.a(nrf_cc3xx_platform_abort.c.obj)
 .text.CC_PalAbort
                0x0000000000003b4c       0x44 /home/jordan/ncs/v2.5.1/nrfxlib/crypto/nrf_cc312_platform/lib/cortex-m33/soft-float/no-interrupts/libnrf_cc312_platform_0.9.18.a(nrf_cc3xx_platform_abort.c.obj)
                0x0000000000003b4c                CC_PalAbort
 .text.mutex_free
                0x0000000000003b90       0x34 /home/jordan/ncs/v2.5.1/nrfxlib/crypto/nrf_cc312_platform/lib/cortex-m33/soft-float/no-interrupts/libnrf_cc312_platform_0.9.18.a(nrf_cc3xx_platform_mutex.c.obj)
 .text.mutex_lock
                0x0000000000003bc4       0x48 /home/jordan/ncs/v2.5.1/nrfxlib/crypto/nrf_cc312_platform/lib/cortex-m33/soft-float/no-interrupts/libnrf_cc312_platform_0.9.18.a(nrf_cc3xx_platform_mutex.c.obj)
 .text.mutex_unlock
                0x0000000000003c0c       0x38 /home/jordan/ncs/v2.5.1/nrfxlib/crypto/nrf_cc312_platform/lib/cortex-m33/soft-float/no-interrupts/libnrf_cc312_platform_0.9.18.a(nrf_cc3xx_platform_mutex.c.obj)
 .text.mutex_init
                0x0000000000003c44       0x20 /home/jordan/ncs/v2.5.1/nrfxlib/crypto/nrf_cc312_platform/lib/cortex-m33/soft-float/no-interrupts/libnrf_cc312_platform_0.9.18.a(nrf_cc3xx_platform_mutex.c.obj)
 .text.startTrngHW
                0x0000000000003c64      0x130 /home/jordan/ncs/v2.5.1/nrfxlib/crypto/nrf_cc312_platform/lib/cortex-m33/soft-float/no-interrupts/libnrf_cc312_platform_0.9.18.a(llf_rnd_trng90b.c.obj)
 .text.LLF_RND_RepetitionCounterTest
                0x0000000000003d94       0x64 /home/jordan/ncs/v2.5.1/nrfxlib/crypto/nrf_cc312_platform/lib/cortex-m33/soft-float/no-interrupts/libnrf_cc312_platform_0.9.18.a(llf_rnd_trng90b.c.obj)
                0x0000000000003d94                LLF_RND_RepetitionCounterTest
 .text.LLF_RND_AdaptiveProportionTest
                0x0000000000003df8       0x80 /home/jordan/ncs/v2.5.1/nrfxlib/crypto/nrf_cc312_platform/lib/cortex-m33/soft-float/no-interrupts/libnrf_cc312_platform_0.9.18.a(llf_rnd_trng90b.c.obj)
                0x0000000000003df8                LLF_RND_AdaptiveProportionTest
 .text.getTrngSource
                0x0000000000003e78      0x2a8 /home/jordan/ncs/v2.5.1/nrfxlib/crypto/nrf_cc312_platform/lib/cortex-m33/soft-float/no-interrupts/libnrf_cc312_platform_0.9.18.a(llf_rnd_trng90b.c.obj)
 .text.LLF_RND_GetTrngSource
                0x0000000000004120       0x18 /home/jordan/ncs/v2.5.1/nrfxlib/crypto/nrf_cc312_platform/lib/cortex-m33/soft-float/no-interrupts/libnrf_cc312_platform_0.9.18.a(llf_rnd_trng90b.c.obj)
                0x0000000000004120                LLF_RND_GetTrngSource
 .text.LLF_RND_RunTrngStartupTest
                0x0000000000004138       0x1c /home/jordan/ncs/v2.5.1/nrfxlib/crypto/nrf_cc312_platform/lib/cortex-m33/soft-float/no-interrupts/libnrf_cc312_platform_0.9.18.a(llf_rnd_trng90b.c.obj)
                0x0000000000004138                LLF_RND_RunTrngStartupTest
 .text.mbedtls_hardware_poll
                0x0000000000004154      0x104 /home/jordan/ncs/v2.5.1/nrfxlib/crypto/nrf_cc312_platform/lib/cortex-m33/soft-float/no-interrupts/libnrf_cc312_platform_0.9.18.a(trng_api.c.obj)
                0x0000000000004154                mbedtls_hardware_poll
 .text.cc_mbedtls_aes_init
                0x0000000000004258       0x20 /home/jordan/ncs/v2.5.1/nrfxlib/crypto/nrf_cc312_platform/lib/cortex-m33/soft-float/no-interrupts/libnrf_cc312_platform_0.9.18.a(aes_alt.c.obj)
                0x0000000000004258                cc_mbedtls_aes_init
 .text.cc_mbedtls_aes_free
                0x0000000000004278        0xc /home/jordan/ncs/v2.5.1/nrfxlib/crypto/nrf_cc312_platform/lib/cortex-m33/soft-float/no-interrupts/libnrf_cc312_platform_0.9.18.a(aes_alt.c.obj)
                0x0000000000004278                cc_mbedtls_aes_free
 .text.cc_mbedtls_aes_setkey_enc
                0x0000000000004284       0x44 /home/jordan/ncs/v2.5.1/nrfxlib/crypto/nrf_cc312_platform/lib/cortex-m33/soft-float/no-interrupts/libnrf_cc312_platform_0.9.18.a(aes_alt.c.obj)
                0x0000000000004284                cc_mbedtls_aes_setkey_enc
 .text.cc_mbedtls_aes_crypt_ecb
                0x00000000000042c8       0x50 /home/jordan/ncs/v2.5.1/nrfxlib/crypto/nrf_cc312_platform/lib/cortex-m33/soft-float/no-interrupts/libnrf_cc312_platform_0.9.18.a(aes_alt.c.obj)
                0x00000000000042c8                cc_mbedtls_aes_crypt_ecb
 .text.cc_mbedtls_sha256_init
                0x0000000000004318       0x28 /home/jordan/ncs/v2.5.1/nrfxlib/crypto/nrf_cc312_platform/lib/cortex-m33/soft-float/no-interrupts/libnrf_cc312_platform_0.9.18.a(sha256_alt.c.obj)
                0x0000000000004318                cc_mbedtls_sha256_init
 .text.cc_mbedtls_sha256_free
                0x0000000000004340        0xc /home/jordan/ncs/v2.5.1/nrfxlib/crypto/nrf_cc312_platform/lib/cortex-m33/soft-float/no-interrupts/libnrf_cc312_platform_0.9.18.a(sha256_alt.c.obj)
                0x0000000000004340                cc_mbedtls_sha256_free
 .text.cc_mbedtls_sha256_starts
                0x000000000000434c       0x28 /home/jordan/ncs/v2.5.1/nrfxlib/crypto/nrf_cc312_platform/lib/cortex-m33/soft-float/no-interrupts/libnrf_cc312_platform_0.9.18.a(sha256_alt.c.obj)
                0x000000000000434c                cc_mbedtls_sha256_starts
 .text.cc_mbedtls_sha256_update
                0x0000000000004374       0x54 /home/jordan/ncs/v2.5.1/nrfxlib/crypto/nrf_cc312_platform/lib/cortex-m33/soft-float/no-interrupts/libnrf_cc312_platform_0.9.18.a(sha256_alt.c.obj)
                0x0000000000004374                cc_mbedtls_sha256_update
 .text.cc_mbedtls_sha256_finish
                0x00000000000043c8       0x48 /home/jordan/ncs/v2.5.1/nrfxlib/crypto/nrf_cc312_platform/lib/cortex-m33/soft-float/no-interrupts/libnrf_cc312_platform_0.9.18.a(sha256_alt.c.obj)
                0x00000000000043c8                cc_mbedtls_sha256_finish
 .text.mbedtls_sha_starts_internal
                0x0000000000004410       0x28 /home/jordan/ncs/v2.5.1/nrfxlib/crypto/nrf_cc312_platform/lib/cortex-m33/soft-float/no-interrupts/libnrf_cc312_platform_0.9.18.a(mbedtls_hash_common.c.obj)
                0x0000000000004410                mbedtls_sha_starts_internal
 .text.mbedtls_sha_finish_internal
                0x0000000000004438       0x5c /home/jordan/ncs/v2.5.1/nrfxlib/crypto/nrf_cc312_platform/lib/cortex-m33/soft-float/no-interrupts/libnrf_cc312_platform_0.9.18.a(mbedtls_hash_common.c.obj)
                0x0000000000004438                mbedtls_sha_finish_internal
 .text.mbedtls_sha_update_internal
                0x0000000000004494      0x1ec /home/jordan/ncs/v2.5.1/nrfxlib/crypto/nrf_cc312_platform/lib/cortex-m33/soft-float/no-interrupts/libnrf_cc312_platform_0.9.18.a(mbedtls_hash_common.c.obj)
                0x0000000000004494                mbedtls_sha_update_internal
 .text.cc_mbedtls_sha256
                0x0000000000004680       0x50 /home/jordan/ncs/v2.5.1/nrfxlib/crypto/nrf_cc312_platform/lib/cortex-m33/soft-float/no-interrupts/libnrf_cc312_platform_0.9.18.a(sha256.c.obj)
                0x0000000000004680                cc_mbedtls_sha256
 .text.RNG_PLAT_SetUserRngParameters
                0x00000000000046d0       0x74 /home/jordan/ncs/v2.5.1/nrfxlib/crypto/nrf_cc312_platform/lib/cortex-m33/soft-float/no-interrupts/libnrf_cc312_platform_0.9.18.a(cc_rng_plat.c.obj)
                0x00000000000046d0                RNG_PLAT_SetUserRngParameters
 .text.CC_PalTrngParamGet
                0x0000000000004744       0xac /home/jordan/ncs/v2.5.1/nrfxlib/crypto/nrf_cc312_platform/lib/cortex-m33/soft-float/no-interrupts/libnrf_cc312_platform_0.9.18.a(cc_pal_trng.c.obj)
                0x0000000000004744                CC_PalTrngParamGet
 .text.LLF_RND_WaitRngInterrupt
                0x00000000000047f0       0x20 /home/jordan/ncs/v2.5.1/nrfxlib/crypto/nrf_cc312_platform/lib/cortex-m33/soft-float/no-interrupts/libnrf_cc312_platform_0.9.18.a(llf_rnd.c.obj)
                0x00000000000047f0                LLF_RND_WaitRngInterrupt
 .text.LLF_RND_GetRoscSampleCnt
                0x0000000000004810       0x34 /home/jordan/ncs/v2.5.1/nrfxlib/crypto/nrf_cc312_platform/lib/cortex-m33/soft-float/no-interrupts/libnrf_cc312_platform_0.9.18.a(llf_rnd.c.obj)
                0x0000000000004810                LLF_RND_GetRoscSampleCnt
 .text.LLF_RND_GetFastestRosc
                0x0000000000004844       0x20 /home/jordan/ncs/v2.5.1/nrfxlib/crypto/nrf_cc312_platform/lib/cortex-m33/soft-float/no-interrupts/libnrf_cc312_platform_0.9.18.a(llf_rnd.c.obj)
                0x0000000000004844                LLF_RND_GetFastestRosc
 .text.LLF_RND_TurnOffTrng
                0x0000000000004864       0x24 /home/jordan/ncs/v2.5.1/nrfxlib/crypto/nrf_cc312_platform/lib/cortex-m33/soft-float/no-interrupts/libnrf_cc312_platform_0.9.18.a(llf_rnd.c.obj)
                0x0000000000004864                LLF_RND_TurnOffTrng
 .text.SetDataBuffersInfo
                0x0000000000004888       0x64 /home/jordan/ncs/v2.5.1/nrfxlib/crypto/nrf_cc312_platform/lib/cortex-m33/soft-float/no-interrupts/libnrf_cc312_platform_0.9.18.a(driver_common.c.obj)
                0x0000000000004888                SetDataBuffersInfo
 .text.InitHashDrv
                0x00000000000048ec       0x50 /home/jordan/ncs/v2.5.1/nrfxlib/crypto/nrf_cc312_platform/lib/cortex-m33/soft-float/no-interrupts/libnrf_cc312_platform_0.9.18.a(hash_driver.c.obj)
                0x00000000000048ec                InitHashDrv
 .text.ProcessHashDrv
                0x000000000000493c      0x210 /home/jordan/ncs/v2.5.1/nrfxlib/crypto/nrf_cc312_platform/lib/cortex-m33/soft-float/no-interrupts/libnrf_cc312_platform_0.9.18.a(hash_driver.c.obj)
                0x000000000000493c                ProcessHashDrv
 .text.FinishHashDrv
                0x0000000000004b4c       0x74 /home/jordan/ncs/v2.5.1/nrfxlib/crypto/nrf_cc312_platform/lib/cortex-m33/soft-float/no-interrupts/libnrf_cc312_platform_0.9.18.a(hash_driver.c.obj)
                0x0000000000004b4c                FinishHashDrv
 .text.InitAes  0x0000000000004bc0       0xc8 /home/jordan/ncs/v2.5.1/nrfxlib/crypto/nrf_cc312_platform/lib/cortex-m33/soft-float/no-interrupts/libnrf_cc312_platform_0.9.18.a(aes_driver.c.obj)
 .text.LoadAesKey
                0x0000000000004c88      0x114 /home/jordan/ncs/v2.5.1/nrfxlib/crypto/nrf_cc312_platform/lib/cortex-m33/soft-float/no-interrupts/libnrf_cc312_platform_0.9.18.a(aes_driver.c.obj)
 .text.write_invalid_key
                0x0000000000004d9c       0x50 /home/jordan/ncs/v2.5.1/nrfxlib/crypto/nrf_cc312_platform/lib/cortex-m33/soft-float/no-interrupts/libnrf_cc312_platform_0.9.18.a(aes_driver.c.obj)
                0x0000000000004d9c                write_invalid_key
 .text.ProcessAesDrv
                0x0000000000004dec      0x338 /home/jordan/ncs/v2.5.1/nrfxlib/crypto/nrf_cc312_platform/lib/cortex-m33/soft-float/no-interrupts/libnrf_cc312_platform_0.9.18.a(aes_driver.c.obj)
                0x0000000000004dec                ProcessAesDrv
 .text.FinishAesDrv
                0x0000000000005124      0x200 /home/jordan/ncs/v2.5.1/nrfxlib/crypto/nrf_cc312_platform/lib/cortex-m33/soft-float/no-interrupts/libnrf_cc312_platform_0.9.18.a(aes_driver.c.obj)
                0x0000000000005124                FinishAesDrv
 .text.kmu_validate_slot_and_size
                0x0000000000005324       0x2c /home/jordan/ncs/v2.5.1/nrfxlib/crypto/nrf_cc312_platform/lib/cortex-m33/soft-float/no-interrupts/libnrf_cc312_platform_0.9.18.a(kmu_shared.c.obj)
                0x0000000000005324                kmu_validate_slot_and_size
 .text.kmu_validate_slot_and_size_no_kdr
                0x0000000000005350       0x2c /home/jordan/ncs/v2.5.1/nrfxlib/crypto/nrf_cc312_platform/lib/cortex-m33/soft-float/no-interrupts/libnrf_cc312_platform_0.9.18.a(kmu_shared.c.obj)
                0x0000000000005350                kmu_validate_slot_and_size_no_kdr
 .text.kmu_load_key_aes
                0x000000000000537c      0x200 /home/jordan/ncs/v2.5.1/nrfxlib/crypto/nrf_cc312_platform/lib/cortex-m33/soft-float/no-interrupts/libnrf_cc312_platform_0.9.18.a(kmu_shared.c.obj)
                0x000000000000537c                kmu_load_key_aes
 .text.kmu_derive_cmac
                0x000000000000557c      0x120 /home/jordan/ncs/v2.5.1/nrfxlib/crypto/nrf_cc312_platform/lib/cortex-m33/soft-float/no-interrupts/libnrf_cc312_platform_0.9.18.a(kmu_shared.c.obj)
                0x000000000000557c                kmu_derive_cmac
 .text.UtilCmacBuildDataForDerivation
                0x000000000000569c       0xc0 /home/jordan/ncs/v2.5.1/nrfxlib/crypto/nrf_cc312_platform/lib/cortex-m33/soft-float/no-interrupts/libnrf_cc312_platform_0.9.18.a(cc_util_cmac.c.obj)
                0x000000000000569c                UtilCmacBuildDataForDerivation
 .text.CC_PalDataBufferAttrGet
                0x000000000000575c        0x8 /home/jordan/ncs/v2.5.1/nrfxlib/crypto/nrf_cc312_platform/lib/cortex-m33/soft-float/no-interrupts/libnrf_cc312_platform_0.9.18.a(cc_pal_buff_attr.c.obj)
                0x000000000000575c                CC_PalDataBufferAttrGet
 .text          0x0000000000005764       0xc8 /home/jordan/ncs/toolchains/7795df4459/opt/zephyr-sdk/arm-zephyr-eabi/bin/../lib/gcc/arm-zephyr-eabi/12.2.0/thumb/v8-m.main/nofp/libgcc.a(cmse.o)
                0x0000000000005764                cmse_check_address_range
 .text.exit     0x000000000000582c       0x28 /home/jordan/ncs/toolchains/7795df4459/opt/zephyr-sdk/arm-zephyr-eabi/bin/../lib/gcc/arm-zephyr-eabi/12.2.0/../../../../arm-zephyr-eabi/lib/thumb/v8-m.main/nofp/libc_nano.a(lib_a-exit.o)
                0x000000000000582c                exit
 .text.__libc_init_array
                0x0000000000005854       0x48 /home/jordan/ncs/toolchains/7795df4459/opt/zephyr-sdk/arm-zephyr-eabi/bin/../lib/gcc/arm-zephyr-eabi/12.2.0/../../../../arm-zephyr-eabi/lib/thumb/v8-m.main/nofp/libc_nano.a(lib_a-init.o)
                0x0000000000005854                __libc_init_array
 .text.memmove  0x000000000000589c       0x34 /home/jordan/ncs/toolchains/7795df4459/opt/zephyr-sdk/arm-zephyr-eabi/bin/../lib/gcc/arm-zephyr-eabi/12.2.0/../../../../arm-zephyr-eabi/lib/thumb/v8-m.main/nofp/libc_nano.a(lib_a-memmove.o)
                0x000000000000589c                memmove
 .text._exit    0x00000000000058d0        0x4 /home/jordan/ncs/toolchains/7795df4459/opt/zephyr-sdk/arm-zephyr-eabi/bin/../lib/gcc/arm-zephyr-eabi/12.2.0/../../../../arm-zephyr-eabi/lib/thumb/v8-m.main/nofp/libnosys.a(_exit.o)
                0x00000000000058d0                _exit
 *(.init)
 .init          0x00000000000058d4        0x4 /home/jordan/ncs/toolchains/7795df4459/opt/zephyr-sdk/arm-zephyr-eabi/bin/../lib/gcc/arm-zephyr-eabi/12.2.0/thumb/v8-m.main/nofp/crti.o
                0x00000000000058d4                _init
 .init          0x00000000000058d8        0x8 /home/jordan/ncs/toolchains/7795df4459/opt/zephyr-sdk/arm-zephyr-eabi/bin/../lib/gcc/arm-zephyr-eabi/12.2.0/thumb/v8-m.main/nofp/crtn.o
 *(.fini)
 .fini          0x00000000000058e0        0x4 /home/jordan/ncs/toolchains/7795df4459/opt/zephyr-sdk/arm-zephyr-eabi/bin/../lib/gcc/arm-zephyr-eabi/12.2.0/thumb/v8-m.main/nofp/crti.o
                0x00000000000058e0                _fini
 .fini          0x00000000000058e4        0x8 /home/jordan/ncs/toolchains/7795df4459/opt/zephyr-sdk/arm-zephyr-eabi/bin/../lib/gcc/arm-zephyr-eabi/12.2.0/thumb/v8-m.main/nofp/crtn.o
 *crtbegin.o(.ctors)
 *crtbegin?.o(.ctors)
 *(EXCLUDE_FILE(*crtend.o *crtend?.o) .ctors)
 *(SORT_BY_NAME(.ctors.*))
 *(.ctors)
 *crtbegin.o(.dtors)
 *crtbegin?.o(.dtors)
 *(EXCLUDE_FILE(*crtend.o *crtend?.o) .dtors)
 *(SORT_BY_NAME(.dtors.*))
 *(.dtors)
 *(.rodata*)
 .rodata.str1.1
                0x00000000000058ec        0xb secure_fw/CMakeFiles/tfm_s.dir/__/generated/secure_fw/partitions/crypto/auto_generated/load_info_tfm_crypto.o
 .rodata.str1.1
                0x00000000000058f7       0x15 secure_fw/CMakeFiles/tfm_s.dir/__/generated/secure_fw/partitions/platform/auto_generated/load_info_tfm_platform.o
 .rodata.psa_api_cross
                0x000000000000590c       0x2c secure_fw/partitions/lib/runtime/libtfm_sprt.a(psa_interface_cross.o)
                0x000000000000590c                psa_api_cross
 .rodata.CSWTCH.10
                0x0000000000005938       0x20 /home/jordan/ncs/v2.5.1/nrfxlib/crypto/nrf_cc312_platform/lib/cortex-m33/soft-float/no-interrupts/libnrf_cc312_platform_0.9.18.a(nrf_cc3xx_platform.c.obj)
 .rodata.RndStartupTest.constprop.0.str1.4
                0x0000000000005958       0x6f /home/jordan/ncs/v2.5.1/nrfxlib/crypto/nrf_cc312_platform/lib/cortex-m33/soft-float/no-interrupts/libnrf_cc312_platform_0.9.18.a(cc_lib.c.obj)
 *fill*         0x00000000000059c7        0x1 
 .rodata.CC_PalPowerSaveModeInit.str1.4
                0x00000000000059c8       0x20 /home/jordan/ncs/v2.5.1/nrfxlib/crypto/nrf_cc312_platform/lib/cortex-m33/soft-float/no-interrupts/libnrf_cc312_platform_0.9.18.a(cc_pal_pm.c.obj)
 .rodata.mutex_free.str1.4
                0x00000000000059e8       0x26 /home/jordan/ncs/v2.5.1/nrfxlib/crypto/nrf_cc312_platform/lib/cortex-m33/soft-float/no-interrupts/libnrf_cc312_platform_0.9.18.a(nrf_cc3xx_platform_mutex.c.obj)
 *fill*         0x0000000000005a0e        0x2 
 .rodata.mutex_init.str1.4
                0x0000000000005a10       0x23 /home/jordan/ncs/v2.5.1/nrfxlib/crypto/nrf_cc312_platform/lib/cortex-m33/soft-float/no-interrupts/libnrf_cc312_platform_0.9.18.a(nrf_cc3xx_platform_mutex.c.obj)
 *fill*         0x0000000000005a33        0x1 
 .rodata.mbedtls_hardware_poll.str1.4
                0x0000000000005a34       0x16 /home/jordan/ncs/v2.5.1/nrfxlib/crypto/nrf_cc312_platform/lib/cortex-m33/soft-float/no-interrupts/libnrf_cc312_platform_0.9.18.a(trng_api.c.obj)
                                         0x6e (size before relaxing)
 *fill*         0x0000000000005a4a        0x2 
 .rodata.cc_mbedtls_aes_init.str1.4
                0x0000000000005a4c       0x13 /home/jordan/ncs/v2.5.1/nrfxlib/crypto/nrf_cc312_platform/lib/cortex-m33/soft-float/no-interrupts/libnrf_cc312_platform_0.9.18.a(aes_alt.c.obj)
 *fill*         0x0000000000005a5f        0x1 
 .rodata.cc_mbedtls_sha256_init.str1.4
                0x0000000000005a60        0xe /home/jordan/ncs/v2.5.1/nrfxlib/crypto/nrf_cc312_platform/lib/cortex-m33/soft-float/no-interrupts/libnrf_cc312_platform_0.9.18.a(sha256_alt.c.obj)
 .rodata.ProcessHashDrv.str1.4
                0x0000000000005a6e       0x6f /home/jordan/ncs/v2.5.1/nrfxlib/crypto/nrf_cc312_platform/lib/cortex-m33/soft-float/no-interrupts/libnrf_cc312_platform_0.9.18.a(hash_driver.c.obj)
 *fill*         0x0000000000005a6e        0x2 
 .rodata.HASH_LARVAL_SHA256
                0x0000000000005a70       0x20 /home/jordan/ncs/v2.5.1/nrfxlib/crypto/nrf_cc312_platform/lib/cortex-m33/soft-float/no-interrupts/libnrf_cc312_platform_0.9.18.a(hash_driver.c.obj)
 .rodata.HASH_LARVAL_SHA224
                0x0000000000005a90       0x20 /home/jordan/ncs/v2.5.1/nrfxlib/crypto/nrf_cc312_platform/lib/cortex-m33/soft-float/no-interrupts/libnrf_cc312_platform_0.9.18.a(hash_driver.c.obj)
 .rodata.HASH_LARVAL_SHA1
                0x0000000000005ab0       0x14 /home/jordan/ncs/v2.5.1/nrfxlib/crypto/nrf_cc312_platform/lib/cortex-m33/soft-float/no-interrupts/libnrf_cc312_platform_0.9.18.a(hash_driver.c.obj)
 .rodata.ProcessAesDrv.str1.4
                0x0000000000005ac4       0x6f /home/jordan/ncs/v2.5.1/nrfxlib/crypto/nrf_cc312_platform/lib/cortex-m33/soft-float/no-interrupts/libnrf_cc312_platform_0.9.18.a(aes_driver.c.obj)
 .rodata._global_impure_ptr
                0x0000000000005ac4        0x4 /home/jordan/ncs/toolchains/7795df4459/opt/zephyr-sdk/arm-zephyr-eabi/bin/../lib/gcc/arm-zephyr-eabi/12.2.0/../../../../arm-zephyr-eabi/lib/thumb/v8-m.main/nofp/libc_nano.a(lib_a-impure.o)
                0x0000000000005ac4                _global_impure_ptr
 *(.eh_frame*)
 .eh_frame      0x0000000000005ac8        0x0 /home/jordan/ncs/toolchains/7795df4459/opt/zephyr-sdk/arm-zephyr-eabi/bin/../lib/gcc/arm-zephyr-eabi/12.2.0/thumb/v8-m.main/nofp/crtbegin.o
 .eh_frame      0x0000000000005ac8        0x4 /home/jordan/ncs/toolchains/7795df4459/opt/zephyr-sdk/arm-zephyr-eabi/bin/../lib/gcc/arm-zephyr-eabi/12.2.0/thumb/v8-m.main/nofp/crtend.o
                0x0000000000005b40                . = ALIGN (0x20)
 *fill*         0x0000000000005acc       0x14 
                0x00000000000025a0                Image$$TFM_UNPRIV_CODE$$RO$$Base = ADDR (.TFM_UNPRIV_CODE)
                0x0000000000005ae0                Image$$TFM_UNPRIV_CODE$$RO$$Limit = (ADDR (.TFM_UNPRIV_CODE) + SIZEOF (.TFM_UNPRIV_CODE))

.glue_7         0x0000000000005ae0        0x0
 .glue_7        0x0000000000005ae0        0x0 linker stubs

.glue_7t        0x0000000000005ae0        0x0
 .glue_7t       0x0000000000005ae0        0x0 linker stubs

.vfp11_veneer   0x0000000000005ae0        0x0
 .vfp11_veneer  0x0000000000005ae0        0x0 linker stubs

.v4_bx          0x0000000000005ae0        0x0
 .v4_bx         0x0000000000005ae0        0x0 linker stubs

.iplt           0x0000000000005ae0        0x0