Archive member included to satisfy reference by file (symbol)

app/libapp.a(button_irq.c.obj)
                              (--whole-archive)
app/libapp.a(hts.c.obj)       (--whole-archive)
app/libapp.a(main.c.obj)      (--whole-archive)
zephyr/libzephyr.a(heap.c.obj)
                              (--whole-archive)
zephyr/libzephyr.a(cbprintf_packaged.c.obj)
                              (--whole-archive)
zephyr/libzephyr.a(printk.c.obj)
                              (--whole-archive)
zephyr/libzephyr.a(sem.c.obj)
                              (--whole-archive)
zephyr/libzephyr.a(thread_entry.c.obj)
                              (--whole-archive)
zephyr/libzephyr.a(cbprintf_complete.c.obj)
                              (--whole-archive)
zephyr/libzephyr.a(assert.c.obj)
                              (--whole-archive)
zephyr/libzephyr.a(mpsc_pbuf.c.obj)
                              (--whole-archive)
zephyr/libzephyr.a(dec.c.obj)
                              (--whole-archive)
zephyr/libzephyr.a(hex.c.obj)
                              (--whole-archive)
zephyr/libzephyr.a(rb.c.obj)  (--whole-archive)
zephyr/libzephyr.a(timeutil.c.obj)
                              (--whole-archive)
zephyr/libzephyr.a(bitarray.c.obj)
                              (--whole-archive)
zephyr/libzephyr.a(onoff.c.obj)
                              (--whole-archive)
zephyr/libzephyr.a(notify.c.obj)
                              (--whole-archive)
zephyr/libzephyr.a(configs.c.obj)
                              (--whole-archive)
zephyr/libzephyr.a(ipc_service.c.obj)
                              (--whole-archive)
zephyr/libzephyr.a(ipc_rpmsg_static_vrings.c.obj)
                              (--whole-archive)
zephyr/libzephyr.a(ipc_rpmsg.c.obj)
                              (--whole-archive)
zephyr/libzephyr.a(ipc_static_vrings.c.obj)
                              (--whole-archive)
zephyr/libzephyr.a(log_core.c.obj)
                              (--whole-archive)
zephyr/libzephyr.a(log_mgmt.c.obj)
                              (--whole-archive)
zephyr/libzephyr.a(log_cache.c.obj)
                              (--whole-archive)
zephyr/libzephyr.a(log_msg.c.obj)
                              (--whole-archive)
zephyr/libzephyr.a(log_output.c.obj)
                              (--whole-archive)
zephyr/libzephyr.a(log_backend_uart.c.obj)
                              (--whole-archive)
zephyr/libzephyr.a(mem_attr.c.obj)
                              (--whole-archive)
zephyr/libzephyr.a(tracing_none.c.obj)
                              (--whole-archive)
zephyr/libzephyr.a(dis.c.obj)
                              (--whole-archive)
zephyr/libzephyr.a(bas.c.obj)
                              (--whole-archive)
zephyr/libzephyr.a(addr_utils.c.obj)
                              (--whole-archive)
zephyr/libzephyr.a(utils.c.obj)
                              (--whole-archive)
zephyr/libzephyr.a(aes_decrypt.c.obj)
                              (--whole-archive)
zephyr/libzephyr.a(aes_encrypt.c.obj)
                              (--whole-archive)
zephyr/libzephyr.a(cmac_mode.c.obj)
                              (--whole-archive)
zephyr/libzephyr.a(sha256.c.obj)
                              (--whole-archive)
zephyr/libzephyr.a(hmac.c.obj)
                              (--whole-archive)
zephyr/libzephyr.a(hmac_prng.c.obj)
                              (--whole-archive)
zephyr/arch/common/libarch__common.a(sw_isr_common.c.obj)
                              (--whole-archive)
zephyr/arch/arch/arm/core/libarch__arm__core.a(fatal.c.obj)
                              (--whole-archive)
zephyr/arch/arch/arm/core/libarch__arm__core.a(nmi.c.obj)
                              (--whole-archive)
zephyr/arch/arch/arm/core/libarch__arm__core.a(nmi_on_reset.S.obj)
                              (--whole-archive)
zephyr/arch/arch/arm/core/libarch__arm__core.a(tls.c.obj)
                              (--whole-archive)
zephyr/arch/arch/arm/core/cortex_m/libarch__arm__core__cortex_m.a(exc_exit.S.obj)
                              (--whole-archive)
zephyr/arch/arch/arm/core/cortex_m/libarch__arm__core__cortex_m.a(fault.c.obj)
                              (--whole-archive)
zephyr/arch/arch/arm/core/cortex_m/libarch__arm__core__cortex_m.a(fault_s.S.obj)
                              (--whole-archive)
zephyr/arch/arch/arm/core/cortex_m/libarch__arm__core__cortex_m.a(fpu.c.obj)
                              (--whole-archive)
zephyr/arch/arch/arm/core/cortex_m/libarch__arm__core__cortex_m.a(reset.S.obj)
                              (--whole-archive)
zephyr/arch/arch/arm/core/cortex_m/libarch__arm__core__cortex_m.a(scb.c.obj)
                              (--whole-archive)
zephyr/arch/arch/arm/core/cortex_m/libarch__arm__core__cortex_m.a(thread_abort.c.obj)
                              (--whole-archive)
zephyr/arch/arch/arm/core/cortex_m/libarch__arm__core__cortex_m.a(vector_table.S.obj)
                              (--whole-archive)
[...]
Memory Configuration

Name             Origin             Length             Attributes
FLASH            0x0000000000000000 0x0000000000100000 xr
RAM              0x0000000020000000 0x0000000000070000 xw
IDT_LIST         0x00000000ffff7fff 0x0000000000008000 xw
*default*        0x0000000000000000 0xffffffffffffffff

Linker script and memory map

                0x000000000000f488                vfprintf = __d_vfprintf
                0x0000000000000000                vfscanf = __d_vfscanf
LOAD zephyr/CMakeFiles/zephyr_final.dir/misc/empty_file.c.obj
LOAD zephyr/CMakeFiles/zephyr_final.dir/isr_tables.c.obj
LOAD zephyr/CMakeFiles/offsets.dir/./arch/arm/core/offsets/offsets.c.obj
LOAD app/libapp.a
LOAD zephyr/libzephyr.a
LOAD zephyr/arch/common/libarch__common.a
LOAD zephyr/arch/arch/arm/core/libarch__arm__core.a
LOAD zephyr/arch/arch/arm/core/cortex_m/libarch__arm__core__cortex_m.a
LOAD zephyr/arch/arch/arm/core/cortex_m/cmse/libarch__arm__core__cortex_m__cmse.a
LOAD zephyr/arch/arch/arm/core/mpu/libarch__arm__core__mpu.a
LOAD zephyr/lib/libc/picolibc/liblib__libc__picolibc.a
LOAD zephyr/lib/libc/common/liblib__libc__common.a
LOAD zephyr/soc/soc/arm/nordic_nrf/libsoc__arm__nordic_nrf.a
LOAD zephyr/boards/arm/nrf5340dk_nrf5340/libboards__arm__nrf5340dk_nrf5340.a
LOAD zephyr/subsys/bluetooth/common/libsubsys__bluetooth__common.a
LOAD zephyr/subsys/bluetooth/host/libsubsys__bluetooth__host.a
LOAD zephyr/subsys/bluetooth/crypto/libsubsys__bluetooth__crypto.a
LOAD zephyr/subsys/net/libsubsys__net.a
LOAD zephyr/drivers/bluetooth/libdrivers__bluetooth.a
LOAD zephyr/drivers/clock_control/libdrivers__clock_control.a
LOAD zephyr/drivers/console/libdrivers__console.a
LOAD zephyr/drivers/gpio/libdrivers__gpio.a
LOAD zephyr/drivers/mbox/libdrivers__mbox.a
LOAD zephyr/drivers/pinctrl/libdrivers__pinctrl.a
LOAD zephyr/drivers/serial/libdrivers__serial.a
LOAD zephyr/drivers/timer/libdrivers__timer.a
LOAD modules/pfe/lib/button_lib/lib..__pfe__lib__button_lib.a
LOAD modules/hal_nordic/nrfx/libmodules__hal_nordic__nrfx.a
LOAD modules/libmetal/libmetal/lib/libmetal.a
LOAD modules/open-amp/open-amp/lib/libopen_amp.a
LOAD zephyr/kernel/libkernel.a
LOAD /home/jordan/zephyr-sdk-0.16.4/arm-zephyr-eabi/bin/../lib/gcc/arm-zephyr-eabi/12.2.0/thumb/v8-m.main/nofp/libgcc.a
LOAD zephyr/arch/common/libisr_tables.a
LOAD /home/jordan/zephyr-sdk-0.16.4/arm-zephyr-eabi/bin/../lib/gcc/../../picolibc/arm-zephyr-eabi/lib/thumb/v8-m.main/nofp/libc.a
LOAD /home/jordan/zephyr-sdk-0.16.4/arm-zephyr-eabi/bin/../lib/gcc/arm-zephyr-eabi/12.2.0/thumb/v8-m.main/nofp/libgcc.a
                0x0000000000000020                _region_min_align = 0x20

.rel.plt        0x0000000000000000        0x0
 *(SORT_BY_ALIGNMENT(.rel.plt))
                [!provide]                        PROVIDE (__rel_iplt_start = .)
 *(SORT_BY_ALIGNMENT(.rel.iplt))
 .rel.iplt      0x0000000000000000        0x0 zephyr/CMakeFiles/zephyr_final.dir/isr_tables.c.obj
                [!provide]                        PROVIDE (__rel_iplt_end = .)

.rela.plt       0x0000000000000000        0x0
 *(SORT_BY_ALIGNMENT(.rela.plt))
                [!provide]                        PROVIDE (__rela_iplt_start = .)
 *(SORT_BY_ALIGNMENT(.rela.iplt))
                [!provide]                        PROVIDE (__rela_iplt_end = .)

.rel.dyn
 *(SORT_BY_ALIGNMENT(.rel.*))

.rela.dyn
 *(SORT_BY_ALIGNMENT(.rela.*))

/DISCARD/
 *(SORT_BY_ALIGNMENT(.plt))

/DISCARD/
 *(SORT_BY_ALIGNMENT(.iplt))
                0x0000000000000000                __rom_region_start = 0x0

rom_start       0x0000000000000000      0x154
                0x0000000000000000                __rom_start_address = .
 FILL mask 0x00
                0x0000000000000000                . = (. + (0x0 - (. - __rom_start_address)))
                0x0000000000000000                . = ALIGN (0x4)
                0x0000000000000000                . = ALIGN (0x80)
                0x0000000000000000                . = ALIGN (0x200)
                0x0000000000000000                _vector_start = .
 *(SORT_BY_ALIGNMENT(.exc_vector_table))
 *(SORT_BY_ALIGNMENT(.exc_vector_table.*))
 .exc_vector_table._vector_table_section
                0x0000000000000000       0x40 zephyr/arch/arch/arm/core/cortex_m/libarch__arm__core__cortex_m.a(vector_table.S.obj)
                0x0000000000000000                _vector_table
 *(SORT_BY_ALIGNMENT(.vectors))
                0x0000000000000154                _vector_end = .
                0x0000000000000040                . = ALIGN (0x4)
 *(SORT_BY_ALIGNMENT(.gnu.linkonce.irq_vector_table*))
 .gnu.linkonce.irq_vector_table
                0x0000000000000040      0x114 zephyr/CMakeFiles/zephyr_final.dir/isr_tables.c.obj
                0x0000000000000040                _irq_vector_table
                0x0000000000000154                _vector_end = .

text            0x0000000000000158    0x16494
                0x0000000000000158                __text_region_start = .
 *(SORT_BY_ALIGNMENT(.text))
 .text          0x0000000000000158       0x30 /home/jordan/zephyr-sdk-0.16.4/arm-zephyr-eabi/bin/../lib/gcc/arm-zephyr-eabi/12.2.0/thumb/v8-m.main/nofp/libgcc.a(_aeabi_uldivmod.o)
                0x0000000000000158                __aeabi_uldivmod
 .text          0x0000000000000188        0x4 /home/jordan/zephyr-sdk-0.16.4/arm-zephyr-eabi/bin/../lib/gcc/arm-zephyr-eabi/12.2.0/thumb/v8-m.main/nofp/libgcc.a(_dvmd_tls.o)
                0x0000000000000188                __aeabi_ldiv0
                0x0000000000000188                __aeabi_idiv0
 .text          0x000000000000018c      0x29c /home/jordan/zephyr-sdk-0.16.4/arm-zephyr-eabi/bin/../lib/gcc/arm-zephyr-eabi/12.2.0/thumb/v8-m.main/nofp/libgcc.a(_udivmoddi4.o)
                0x000000000000018c                __udivmoddi4
 .text          0x0000000000000428       0x14 /home/jordan/zephyr-sdk-0.16.4/arm-zephyr-eabi/bin/../lib/gcc/../../picolibc/arm-zephyr-eabi/lib/thumb/v8-m.main/nofp/libc.a(strcmp.S.o)
                0x0000000000000428                strcmp
 .text          0x000000000000043c       0x10 /home/jordan/zephyr-sdk-0.16.4/arm-zephyr-eabi/bin/../lib/gcc/../../picolibc/arm-zephyr-eabi/lib/thumb/v8-m.main/nofp/libc.a(strcpy.S.o)
                0x000000000000043c                strcpy
 .text          0x000000000000044c       0x10 /home/jordan/zephyr-sdk-0.16.4/arm-zephyr-eabi/bin/../lib/gcc/../../picolibc/arm-zephyr-eabi/lib/thumb/v8-m.main/nofp/libc.a(strlen.S.o)
                0x000000000000044c                strlen
 *(SORT_BY_ALIGNMENT(.text.*))
 *fill*         0x000000000000045c        0x4 
 .text.bt_init  0x0000000000000460      0x5a8 zephyr/subsys/bluetooth/host/libsubsys__bluetooth__host.a(hci_core.c.obj)
 .text.isr_ble  0x0000000000000a08       0x14 app/libapp.a(button_irq.c.obj)
                0x0000000000000a08                isr_ble
 .text.htmc_ccc_cfg_changed
                0x0000000000000a1c       0x10 app/libapp.a(hts.c.obj)
 .text.indicate_destroy
                0x0000000000000a2c       0x18 app/libapp.a(hts.c.obj)
 .text.indicate_cb
                0x0000000000000a44       0x1c app/libapp.a(hts.c.obj)
 .text.hts_indicate
                0x0000000000000a60       0x54 app/libapp.a(hts.c.obj)
                0x0000000000000a60                hts_indicate
 .text.disconnected
                0x0000000000000ab4        0xc app/libapp.a(main.c.obj)
 .text.connected
                0x0000000000000ac0       0x18 app/libapp.a(main.c.obj)
 .text.auth_cancel
                0x0000000000000ad8       0x84 app/libapp.a(main.c.obj)
 .text.main     0x0000000000000b5c       0xa4 app/libapp.a(main.c.obj)
                0x0000000000000b5c                main
 .text.cbvprintf_package
                0x0000000000000c00      0x3a4 zephyr/libzephyr.a(cbprintf_packaged.c.obj)
                0x0000000000000c00                cbvprintf_package
 .text.cbprintf_package_convert
                0x0000000000000fa4      0x3c0 zephyr/libzephyr.a(cbprintf_packaged.c.obj)
                0x0000000000000fa4                cbprintf_package_convert
 .text.__printk_hook_install
                0x0000000000001364        0xc zephyr/libzephyr.a(printk.c.obj)
                0x0000000000001364                __printk_hook_install
 .text.z_thread_entry
                0x0000000000001370       0x34 zephyr/libzephyr.a(thread_entry.c.obj)
                0x0000000000001370                z_thread_entry
 .text.process_event
                0x00000000000013a4      0x21c zephyr/libzephyr.a(onoff.c.obj)
 .text.ipc_service_open_instance
                0x00000000000015c0       0x40 zephyr/libzephyr.a(ipc_service.c.obj)
                0x00000000000015c0                ipc_service_open_instance
 .text.ipc_service_close_instance
                0x0000000000001600       0x40 zephyr/libzephyr.a(ipc_service.c.obj)
                0x0000000000001600                ipc_service_close_instance
 .text.ipc_service_register_endpoint
                0x0000000000001640       0x44 zephyr/libzephyr.a(ipc_service.c.obj)
                0x0000000000001640                ipc_service_register_endpoint
 .text.ipc_service_deregister_endpoint
                0x0000000000001684       0x58 zephyr/libzephyr.a(ipc_service.c.obj)
                0x0000000000001684                ipc_service_deregister_endpoint
 .text.ipc_service_send
                0x00000000000016dc       0x5c zephyr/libzephyr.a(ipc_service.c.obj)
                0x00000000000016dc                ipc_service_send
 .text.shared_memory_prepare
                0x0000000000001738       0x14 zephyr/libzephyr.a(ipc_rpmsg_static_vrings.c.obj)
 .text.advertise_ept
                0x000000000000174c       0x44 zephyr/libzephyr.a(ipc_rpmsg_static_vrings.c.obj)
 .text.get_ept  0x0000000000001790       0x28 zephyr/libzephyr.a(ipc_rpmsg_static_vrings.c.obj)
 .text.open     0x00000000000017b8      0x1b8 zephyr/libzephyr.a(ipc_rpmsg_static_vrings.c.obj)
 .text.bound_cb
                0x0000000000001970       0x30 zephyr/libzephyr.a(ipc_rpmsg_static_vrings.c.obj)
 .text.send     0x00000000000019a0       0x4c zephyr/libzephyr.a(ipc_rpmsg_static_vrings.c.obj)
 .text.register_ept
                0x00000000000019ec       0xe0 zephyr/libzephyr.a(ipc_rpmsg_static_vrings.c.obj)
 .text.deregister_ept
                0x0000000000001acc       0x44 zephyr/libzephyr.a(ipc_rpmsg_static_vrings.c.obj)
 .text.ns_bind_cb
                0x0000000000001b10       0x6c zephyr/libzephyr.a(ipc_rpmsg.c.obj)
 .text.ipc_rpmsg_register_ept
                0x0000000000001b7c       0x3c zephyr/libzephyr.a(ipc_rpmsg.c.obj)
                0x0000000000001b7c                ipc_rpmsg_register_ept
 .text.ipc_rpmsg_init
                0x0000000000001bb8       0x70 zephyr/libzephyr.a(ipc_rpmsg.c.obj)
                0x0000000000001bb8                ipc_rpmsg_init
 .text.ipc_static_vrings_init
                0x0000000000001c28      0x108 zephyr/libzephyr.a(ipc_static_vrings.c.obj)
                0x0000000000001c28                ipc_static_vrings_init
 .text.activate_foreach_backend
                0x0000000000001d30       0x64 zephyr/libzephyr.a(log_core.c.obj)
 .text.enable_logger
                0x0000000000001d94       0x5c zephyr/libzephyr.a(log_core.c.obj)
 .text.log_process_thread_timer_expiry_fn
                0x0000000000001df0        0xc zephyr/libzephyr.a(log_core.c.obj)
 .text.z_log_init
                0x0000000000001dfc       0x90 zephyr/libzephyr.a(log_core.c.obj)
 .text.log_format_func_t_get
                0x0000000000001e8c        0xc zephyr/libzephyr.a(log_core.c.obj)
                0x0000000000001e8c                log_format_func_t_get
 .text.log_set_timestamp_func
                0x0000000000001e98       0x20 zephyr/libzephyr.a(log_core.c.obj)
                0x0000000000001e98                log_set_timestamp_func
 .text.z_log_notify_backend_enabled
                0x0000000000001eb8       0x1c zephyr/libzephyr.a(log_core.c.obj)
                0x0000000000001eb8                z_log_notify_backend_enabled
 .text.z_log_dropped
                0x0000000000001ed4       0x28 zephyr/libzephyr.a(log_core.c.obj)
                0x0000000000001ed4                z_log_dropped
 .text.z_log_dropped_read_and_clear
                0x0000000000001efc       0x18 zephyr/libzephyr.a(log_core.c.obj)
                0x0000000000001efc                z_log_dropped_read_and_clear
 .text.dropped_notify
                0x0000000000001f14       0x30 zephyr/libzephyr.a(log_core.c.obj)
                0x0000000000001f14                dropped_notify
 .text.z_log_msg_init
                0x0000000000001f44       0x20 zephyr/libzephyr.a(log_core.c.obj)
                0x0000000000001f44                z_log_msg_init
 .text.log_core_init
                0x0000000000001f64       0x34 zephyr/libzephyr.a(log_core.c.obj)
                0x0000000000001f64                log_core_init
 .text.z_log_msg_alloc
                0x0000000000001f98       0x10 zephyr/libzephyr.a(log_core.c.obj)
                0x0000000000001f98                z_log_msg_alloc
 .text.z_log_msg_local_claim
                0x0000000000001fa8        0xc zephyr/libzephyr.a(log_core.c.obj)
                0x0000000000001fa8                z_log_msg_local_claim
 .text.z_log_msg_free
                0x0000000000001fb4       0x10 zephyr/libzephyr.a(log_core.c.obj)
                0x0000000000001fb4                z_log_msg_free
 .text.z_log_msg_pending
                0x0000000000001fc4        0xc zephyr/libzephyr.a(log_core.c.obj)
                0x0000000000001fc4                z_log_msg_pending
 .text.z_impl_log_process
                0x0000000000001fd0       0xb4 zephyr/libzephyr.a(log_core.c.obj)
                0x0000000000001fd0                z_impl_log_process
 .text.z_impl_log_panic
                0x0000000000002084       0x44 zephyr/libzephyr.a(log_core.c.obj)
                0x0000000000002084                z_impl_log_panic
 .text.log_process_thread_func
                0x00000000000020c8       0xa4 zephyr/libzephyr.a(log_core.c.obj)
 .text.z_log_msg_post_finalize
                0x000000000000216c       0x78 zephyr/libzephyr.a(log_core.c.obj)
 .text.z_log_msg_commit
                0x00000000000021e4       0x24 zephyr/libzephyr.a(log_core.c.obj)
                0x00000000000021e4                z_log_msg_commit
 .text.log_source_name_get
                0x0000000000002208       0x1c zephyr/libzephyr.a(log_mgmt.c.obj)
                0x0000000000002208                log_source_name_get
 .text.log_backend_enable
                0x0000000000002224       0x28 zephyr/libzephyr.a(log_mgmt.c.obj)
                0x0000000000002224                log_backend_enable
 .text.z_impl_z_log_msg_static_create
                0x000000000000224c      0x108 zephyr/libzephyr.a(log_msg.c.obj)
                0x000000000000224c                z_impl_z_log_msg_static_create
 .text.z_log_msg_runtime_vcreate
                0x0000000000002354       0x8c zephyr/libzephyr.a(log_msg.c.obj)
                0x0000000000002354                z_log_msg_runtime_vcreate
 .text.print_formatted
                0x00000000000023e0       0x24 zephyr/libzephyr.a(log_output.c.obj)
 .text.newline_print
                0x0000000000002404       0x1c zephyr/libzephyr.a(log_output.c.obj)
 .text.log_output_process
                0x0000000000002420      0x2dc zephyr/libzephyr.a(log_output.c.obj)
                0x0000000000002420                log_output_process
 .text.log_output_msg_process
                0x00000000000026fc       0x70 zephyr/libzephyr.a(log_output.c.obj)
                0x00000000000026fc                log_output_msg_process
 .text.log_output_dropped_process
                0x000000000000276c       0x58 zephyr/libzephyr.a(log_output.c.obj)
                0x000000000000276c                log_output_dropped_process
 .text.log_output_timestamp_freq_set
                0x00000000000027c4       0x2c zephyr/libzephyr.a(log_output.c.obj)
                0x00000000000027c4                log_output_timestamp_freq_set
 .text.char_out
                0x00000000000027f0       0x24 zephyr/libzephyr.a(log_backend_uart.c.obj)
 .text.mem_attr_get_regions
                0x0000000000002814        0xc zephyr/libzephyr.a(mem_attr.c.obj)
                0x0000000000002814                mem_attr_get_regions
 .text.read_blvl
                0x0000000000002820       0x28 zephyr/libzephyr.a(bas.c.obj)
 .text.blvl_ccc_cfg_changed
                0x0000000000002848       0x48 zephyr/libzephyr.a(bas.c.obj)
 .text.sub_bytes
                0x0000000000002890       0x18 zephyr/libzephyr.a(aes_encrypt.c.obj)
 .text.tc_aes128_set_encrypt_key
                0x00000000000028a8       0xa8 zephyr/libzephyr.a(aes_encrypt.c.obj)
                0x00000000000028a8                tc_aes128_set_encrypt_key
 .text.compress
                0x0000000000002950      0x1d4 zephyr/libzephyr.a(sha256.c.obj)
 .text.tc_sha256_init
                0x0000000000002b24       0x58 zephyr/libzephyr.a(sha256.c.obj)
                0x0000000000002b24                tc_sha256_init
 .text.z_arm_fatal_error
                0x0000000000002b7c       0xa0 zephyr/arch/arch/arm/core/libarch__arm__core.a(fatal.c.obj)
                0x0000000000002b7c                z_arm_fatal_error
 .text.z_SysNmiOnReset
                0x0000000000002c1c        0x8 zephyr/arch/arch/arm/core/libarch__arm__core.a(nmi_on_reset.S.obj)
                0x0000000000002c1c                z_SysNmiOnReset
 .text.arch_tls_stack_setup
                0x0000000000002c24       0x5c zephyr/arch/arch/arm/core/libarch__arm__core.a(tls.c.obj)
                0x0000000000002c24                arch_tls_stack_setup
 .text._HandlerModeExit
                0x0000000000002c80       0x1c zephyr/arch/arch/arm/core/cortex_m/libarch__arm__core__cortex_m.a(exc_exit.S.obj)
                0x0000000000002c80                z_arm_exc_exit
                0x0000000000002c80                z_arm_int_exit
 .text.mem_manage_fault.constprop.0
                0x0000000000002c9c       0xd0 zephyr/arch/arch/arm/core/cortex_m/libarch__arm__core__cortex_m.a(fault.c.obj)
 .text.usage_fault.constprop.0
                0x0000000000002d6c       0xbc zephyr/arch/arch/arm/core/cortex_m/libarch__arm__core__cortex_m.a(fault.c.obj)
 .text.bus_fault.constprop.0
                0x0000000000002e28       0xd0 zephyr/arch/arch/arm/core/cortex_m/libarch__arm__core__cortex_m.a(fault.c.obj)
 .text.z_arm_fault
                0x0000000000002ef8      0x1d0 zephyr/arch/arch/arm/core/cortex_m/libarch__arm__core__cortex_m.a(fault.c.obj)
                0x0000000000002ef8                z_arm_fault
 .text.z_arm_fault_init
                0x00000000000030c8       0x18 zephyr/arch/arch/arm/core/cortex_m/libarch__arm__core__cortex_m.a(fault.c.obj)
                0x00000000000030c8                z_arm_fault_init
 .text.__fault  0x00000000000030e0       0x14 zephyr/arch/arch/arm/core/cortex_m/libarch__arm__core__cortex_m.a(fault_s.S.obj)
                0x00000000000030e0                z_arm_bus_fault
                0x00000000000030e0                z_arm_usage_fault
                0x00000000000030e0                z_arm_mpu_fault
                0x00000000000030e0                z_arm_exc_spurious
                0x00000000000030e0                z_arm_debug_monitor
                0x00000000000030e0                z_arm_hard_fault
 .text._reset_section
                0x00000000000030f4       0x30 zephyr/arch/arch/arm/core/cortex_m/libarch__arm__core__cortex_m.a(reset.S.obj)
                0x00000000000030f4                z_arm_reset
                0x00000000000030f4                __start
 .text.z_impl_k_thread_abort
                0x0000000000003124       0x2c zephyr/arch/arch/arm/core/cortex_m/libarch__arm__core__cortex_m.a(thread_abort.c.obj)
                0x0000000000003124                z_impl_k_thread_abort
 .text.arch_swap
                0x0000000000003150       0x30 zephyr/arch/arch/arm/core/cortex_m/libarch__arm__core__cortex_m.a(swap.c.obj)
                0x0000000000003150                arch_swap
 .text.z_arm_pendsv
                0x0000000000003180       0x68 zephyr/arch/arch/arm/core/cortex_m/libarch__arm__core__cortex_m.a(swap_helper.S.obj)
                0x0000000000003180                z_arm_pendsv
 .text.z_arm_svc
                0x00000000000031e8       0x20 zephyr/arch/arch/arm/core/cortex_m/libarch__arm__core__cortex_m.a(swap_helper.S.obj)
                0x00000000000031e8                z_arm_svc
 .text.arch_irq_enable
                0x0000000000003208       0x1c zephyr/arch/arch/arm/core/cortex_m/libarch__arm__core__cortex_m.a(irq_manage.c.obj)
                0x0000000000003208                arch_irq_enable
 .text.arch_irq_disable
                0x0000000000003224       0x28 zephyr/arch/arch/arm/core/cortex_m/libarch__arm__core__cortex_m.a(irq_manage.c.obj)
                0x0000000000003224                arch_irq_disable
 .text.arch_irq_is_enabled
                0x000000000000324c       0x1c zephyr/arch/arch/arm/core/cortex_m/libarch__arm__core__cortex_m.a(irq_manage.c.obj)
                0x000000000000324c                arch_irq_is_enabled
 .text.z_arm_irq_priority_set
                0x0000000000003268       0x2c zephyr/arch/arch/arm/core/cortex_m/libarch__arm__core__cortex_m.a(irq_manage.c.obj)
                0x0000000000003268                z_arm_irq_priority_set
 .text.z_prep_c
                0x0000000000003294       0x48 zephyr/arch/arch/arm/core/cortex_m/libarch__arm__core__cortex_m.a(prep_c.c.obj)
                0x0000000000003294                z_prep_c
 .text.arch_new_thread
                0x00000000000032dc       0x38 zephyr/arch/arch/arm/core/cortex_m/libarch__arm__core__cortex_m.a(thread.c.obj)
                0x00000000000032dc                arch_new_thread
 .text.arch_switch_to_main_thread
                0x0000000000003314       0x34 zephyr/arch/arch/arm/core/cortex_m/libarch__arm__core__cortex_m.a(thread.c.obj)
                0x0000000000003314                arch_switch_to_main_thread
 .text.z_arm_cpu_idle_init
                0x0000000000003348        0xc zephyr/arch/arch/arm/core/cortex_m/libarch__arm__core__cortex_m.a(cpu_idle.S.obj)
                0x0000000000003348                z_arm_cpu_idle_init
 .text.arch_cpu_idle
                0x0000000000003354       0x38 zephyr/arch/arch/arm/core/cortex_m/libarch__arm__core__cortex_m.a(cpu_idle.S.obj)
                0x0000000000003354                arch_cpu_idle
 .text.arch_cpu_atomic_idle
                0x000000000000338c       0x34 zephyr/arch/arch/arm/core/cortex_m/libarch__arm__core__cortex_m.a(cpu_idle.S.obj)
                0x000000000000338c                arch_cpu_atomic_idle
 .text.z_arm_interrupt_init
                0x00000000000033c0       0x18 zephyr/arch/arch/arm/core/cortex_m/libarch__arm__core__cortex_m.a(irq_init.c.obj)
                0x00000000000033c0                z_arm_interrupt_init
 .text._isr_wrapper
                0x00000000000033d8       0x28 zephyr/arch/arch/arm/core/cortex_m/libarch__arm__core__cortex_m.a(isr_wrapper.S.obj)
                0x00000000000033d8                _isr_wrapper
 .text.z_arm_configure_static_mpu_regions
                0x0000000000003400       0x38 zephyr/arch/arch/arm/core/mpu/libarch__arm__core__mpu.a(arm_core_mpu.c.obj)
                0x0000000000003400                z_arm_configure_static_mpu_regions
 .text.region_init
                0x0000000000003438       0x34 zephyr/arch/arch/arm/core/mpu/libarch__arm__core__mpu.a(arm_mpu.c.obj)
 .text.region_allocate_and_init
                0x000000000000346c       0x38 zephyr/arch/arch/arm/core/mpu/libarch__arm__core__mpu.a(arm_mpu.c.obj)
 .text.mpu_configure_regions_and_partition.constprop.0
                0x00000000000034a4      0x164 zephyr/arch/arch/arm/core/mpu/libarch__arm__core__mpu.a(arm_mpu.c.obj)
 .text.arm_core_mpu_enable
                0x0000000000003608       0x18 zephyr/arch/arch/arm/core/mpu/libarch__arm__core__mpu.a(arm_mpu.c.obj)
                0x0000000000003608                arm_core_mpu_enable
 .text.arm_core_mpu_disable
                0x0000000000003620       0x14 zephyr/arch/arch/arm/core/mpu/libarch__arm__core__mpu.a(arm_mpu.c.obj)
                0x0000000000003620                arm_core_mpu_disable
 .text.arm_core_mpu_configure_static_mpu_regions
                0x0000000000003634       0x14 zephyr/arch/arch/arm/core/mpu/libarch__arm__core__mpu.a(arm_mpu.c.obj)
                0x0000000000003634                arm_core_mpu_configure_static_mpu_regions
 .text.arm_core_mpu_mark_areas_for_dynamic_regions
                0x0000000000003648       0xb8 zephyr/arch/arch/arm/core/mpu/libarch__arm__core__mpu.a(arm_mpu.c.obj)
                0x0000000000003648                arm_core_mpu_mark_areas_for_dynamic_regions
 .text.z_arm_mpu_init
                0x0000000000003700      0x130 zephyr/arch/arch/arm/core/mpu/libarch__arm__core__mpu.a(arm_mpu.c.obj)
                0x0000000000003700                z_arm_mpu_init
 .text.z_impl_zephyr_fputc
                0x0000000000003830       0x10 zephyr/lib/libc/picolibc/liblib__libc__picolibc.a(libc-hooks.c.obj)
                0x0000000000003830                z_impl_zephyr_fputc
 .text.__stdout_hook_install
                0x0000000000003840       0x18 zephyr/lib/libc/picolibc/liblib__libc__picolibc.a(libc-hooks.c.obj)
                0x0000000000003840                __stdout_hook_install
 .text.cbvprintf
                0x0000000000003858       0x38 zephyr/lib/libc/picolibc/liblib__libc__picolibc.a(libc-hooks.c.obj)
                0x0000000000003858                cbvprintf
 .text.malloc_prepare
                0x0000000000003890       0x24 zephyr/lib/libc/common/liblib__libc__common.a(malloc.c.obj)
 .text.nrf_gpio_pin_control_select
                0x00000000000038b4       0x3c zephyr/soc/soc/arm/nordic_nrf/libsoc__arm__nordic_nrf.a(soc.c.obj)
 .text.nordicsemi_nrf53_init
                0x00000000000038f0       0x5c zephyr/soc/soc/arm/nordic_nrf/libsoc__arm__nordic_nrf.a(soc.c.obj)
 .text.rtc_pretick_init
                0x000000000000394c       0x60 zephyr/soc/soc/arm/nordic_nrf/libsoc__arm__nordic_nrf.a(soc.c.obj)
 .text.z_arm_on_enter_cpu_idle
                0x00000000000039ac       0x64 zephyr/soc/soc/arm/nordic_nrf/libsoc__arm__nordic_nrf.a(soc.c.obj)
                0x00000000000039ac                z_arm_on_enter_cpu_idle
 .text.arch_busy_wait
                0x0000000000003a10       0x24 zephyr/soc/soc/arm/nordic_nrf/libsoc__arm__nordic_nrf.a(soc.c.obj)
                0x0000000000003a10                arch_busy_wait
 .text.rtc_cb   0x0000000000003a34       0x40 zephyr/soc/soc/arm/nordic_nrf/libsoc__arm__nordic_nrf.a(sync_rtc.c.obj)
 .text.sync_rtc_setup
                0x0000000000003a74       0xbc zephyr/soc/soc/arm/nordic_nrf/libsoc__arm__nordic_nrf.a(sync_rtc.c.obj)
 .text.mbox_callback
                0x0000000000003b30       0x80 zephyr/soc/soc/arm/nordic_nrf/libsoc__arm__nordic_nrf.a(sync_rtc.c.obj)
 .text.z_arm_platform_init
                0x0000000000003bb0        0x4 zephyr/soc/soc/arm/nordic_nrf/libsoc__arm__nordic_nrf.a(soc_nrf_common.S.obj)
                0x0000000000003bb0                z_arm_platform_init
 .text.remoteproc_mgr_boot
                0x0000000000003bb4       0x68 zephyr/boards/arm/nrf5340dk_nrf5340/libboards__arm__nrf5340dk_nrf5340.a(nrf5340_cpunet_reset.c.obj)
 .text.bt_hex   0x0000000000003c1c       0x44 zephyr/subsys/bluetooth/common/libsubsys__bluetooth__common.a(bt_str.c.obj)
                0x0000000000003c1c                bt_hex
 .text.bt_addr_le_str
                0x0000000000003c60       0x7c zephyr/subsys/bluetooth/common/libsubsys__bluetooth__common.a(bt_str.c.obj)
                0x0000000000003c60                bt_addr_le_str
 .text.long_wq_init
                0x0000000000003cdc       0x38 zephyr/subsys/bluetooth/host/libsubsys__bluetooth__host.a(long_wq.c.obj)
 .text.bt_long_wq_schedule
                0x0000000000003d14        0xc zephyr/subsys/bluetooth/host/libsubsys__bluetooth__host.a(long_wq.c.obj)
                0x0000000000003d14                bt_long_wq_schedule
 .text.uuid_to_uuid128
                0x0000000000003d20       0x78 zephyr/subsys/bluetooth/host/libsubsys__bluetooth__host.a(uuid.c.obj)
 .text.bt_buf_get_rx
                0x0000000000003d98       0x2c zephyr/subsys/bluetooth/host/libsubsys__bluetooth__host.a(buf.c.obj)
                0x0000000000003d98                bt_buf_get_rx
 .text.bt_buf_get_evt
                0x0000000000003dc4       0x38 zephyr/subsys/bluetooth/host/libsubsys__bluetooth__host.a(buf.c.obj)
                0x0000000000003dc4                bt_buf_get_evt
 .text.hci_data_buf_overflow
                0x0000000000003dfc       0x18 zephyr/subsys/bluetooth/host/libsubsys__bluetooth__host.a(hci_core.c.obj)
 .text.hci_disconn_complete_prio
                0x0000000000003e14       0x40 zephyr/subsys/bluetooth/host/libsubsys__bluetooth__host.a(hci_core.c.obj)
 .text.hci_disconn_complete
                0x0000000000003e54       0x4c zephyr/subsys/bluetooth/host/libsubsys__bluetooth__host.a(hci_core.c.obj)
 .text.le_phy_update_complete
                0x0000000000003ea0       0x34 zephyr/subsys/bluetooth/host/libsubsys__bluetooth__host.a(hci_core.c.obj)
 .text.le_data_len_change
                0x0000000000003ed4       0x30 zephyr/subsys/bluetooth/host/libsubsys__bluetooth__host.a(hci_core.c.obj)
 .text.hci_hardware_error
                0x0000000000003f04       0x24 zephyr/subsys/bluetooth/host/libsubsys__bluetooth__host.a(hci_core.c.obj)
 .text.rx_queue_put
                0x0000000000003f28       0x3c zephyr/subsys/bluetooth/host/libsubsys__bluetooth__host.a(hci_core.c.obj)
 .text.find_pending_connect.part.0
                0x0000000000003f64       0x2c zephyr/subsys/bluetooth/host/libsubsys__bluetooth__host.a(hci_core.c.obj)
 .text.le_conn_param_neg_reply.part.0
                0x0000000000003f90       0x14 zephyr/subsys/bluetooth/host/libsubsys__bluetooth__host.a(hci_core.c.obj)
 .text.handle_event.part.0
                0x0000000000003fa4       0x48 zephyr/subsys/bluetooth/host/libsubsys__bluetooth__host.a(hci_core.c.obj)
 .text.handle_event
                0x0000000000003fec       0x50 zephyr/subsys/bluetooth/host/libsubsys__bluetooth__host.a(hci_core.c.obj)
 .text.hci_le_meta_event
                0x000000000000403c       0x20 zephyr/subsys/bluetooth/host/libsubsys__bluetooth__host.a(hci_core.c.obj)
 .text.le_remote_feat_complete
                0x000000000000405c       0x54 zephyr/subsys/bluetooth/host/libsubsys__bluetooth__host.a(hci_core.c.obj)
 .text.rx_work_handler
                0x00000000000040b0      0x134 zephyr/subsys/bluetooth/host/libsubsys__bluetooth__host.a(hci_core.c.obj)
 .text.hci_cmd_done.part.0
                0x00000000000041e4      0x134 zephyr/subsys/bluetooth/host/libsubsys__bluetooth__host.a(hci_core.c.obj)
 .text.hci_cmd_status
                0x0000000000004318       0x30 zephyr/subsys/bluetooth/host/libsubsys__bluetooth__host.a(hci_core.c.obj)
 .text.hci_cmd_complete
                0x0000000000004348       0x50 zephyr/subsys/bluetooth/host/libsubsys__bluetooth__host.a(hci_core.c.obj)
 .text.hci_num_completed_packets
                0x0000000000004398      0x130 zephyr/subsys/bluetooth/host/libsubsys__bluetooth__host.a(hci_core.c.obj)
 .text.le_conn_update_complete
                0x00000000000044c8       0xc4 zephyr/subsys/bluetooth/host/libsubsys__bluetooth__host.a(hci_core.c.obj)
 .text.bt_hci_cmd_state_set_init
                0x000000000000458c       0x24 zephyr/subsys/bluetooth/host/libsubsys__bluetooth__host.a(hci_core.c.obj)
                0x000000000000458c                bt_hci_cmd_state_set_init
 .text.bt_hci_cmd_create
                0x00000000000045b0       0x74 zephyr/subsys/bluetooth/host/libsubsys__bluetooth__host.a(hci_core.c.obj)
                0x00000000000045b0                bt_hci_cmd_create
 .text.bt_hci_cmd_send_sync
                0x0000000000004624       0xf0 zephyr/subsys/bluetooth/host/libsubsys__bluetooth__host.a(hci_core.c.obj)
                0x0000000000004624                bt_hci_cmd_send_sync
 .text.hci_le_read_max_data_len
                0x0000000000004714       0x44 zephyr/subsys/bluetooth/host/libsubsys__bluetooth__host.a(hci_core.c.obj)
 .text.bt_hci_le_rand
                0x0000000000004758       0x58 zephyr/subsys/bluetooth/host/libsubsys__bluetooth__host.a(hci_core.c.obj)
                0x0000000000004758                bt_hci_le_rand
 .text.bt_hci_le_enh_conn_complete
                0x00000000000047b0      0x2b4 zephyr/subsys/bluetooth/host/libsubsys__bluetooth__host.a(hci_core.c.obj)
                0x00000000000047b0                bt_hci_le_enh_conn_complete
 .text.le_legacy_conn_complete
                0x0000000000004a64       0x70 zephyr/subsys/bluetooth/host/libsubsys__bluetooth__host.a(hci_core.c.obj)
 .text.bt_security_err_get
                0x0000000000004ad4       0x10 zephyr/subsys/bluetooth/host/libsubsys__bluetooth__host.a(hci_core.c.obj)
                0x0000000000004ad4                bt_security_err_get
 .text.hci_encrypt_key_refresh_complete
                0x0000000000004ae4       0x88 zephyr/subsys/bluetooth/host/libsubsys__bluetooth__host.a(hci_core.c.obj)
 .text.hci_encrypt_change
                0x0000000000004b6c       0x9c zephyr/subsys/bluetooth/host/libsubsys__bluetooth__host.a(hci_core.c.obj)
 .text.bt_hci_get_ver_str
                0x0000000000004c08       0x3c zephyr/subsys/bluetooth/host/libsubsys__bluetooth__host.a(hci_core.c.obj)
                0x0000000000004c08                bt_hci_get_ver_str
 .text.bt_send  0x0000000000004c44       0x10 zephyr/subsys/bluetooth/host/libsubsys__bluetooth__host.a(hci_core.c.obj)
                0x0000000000004c44                bt_send
 .text.bt_hci_cmd_send
                0x0000000000004c54       0x58 zephyr/subsys/bluetooth/host/libsubsys__bluetooth__host.a(hci_core.c.obj)
                0x0000000000004c54                bt_hci_cmd_send
 .text.bt_hci_host_num_completed_packets
                0x0000000000004cac       0xd8 zephyr/subsys/bluetooth/host/libsubsys__bluetooth__host.a(hci_core.c.obj)
                0x0000000000004cac                bt_hci_host_num_completed_packets
 .text.le_ltk_request
                0x0000000000004d84       0xc0 zephyr/subsys/bluetooth/host/libsubsys__bluetooth__host.a(hci_core.c.obj)
 .text.le_conn_param_req
                0x0000000000004e44       0xc0 zephyr/subsys/bluetooth/host/libsubsys__bluetooth__host.a(hci_core.c.obj)
 .text.hci_tx_thread
                0x0000000000004f04      0x15c zephyr/subsys/bluetooth/host/libsubsys__bluetooth__host.a(hci_core.c.obj)
 .text.hci_event_prio
                0x0000000000005060       0x9c zephyr/subsys/bluetooth/host/libsubsys__bluetooth__host.a(hci_core.c.obj)
                0x0000000000005060                hci_event_prio
 .text.bt_recv  0x00000000000050fc       0x50 zephyr/subsys/bluetooth/host/libsubsys__bluetooth__host.a(hci_core.c.obj)
                0x00000000000050fc                bt_recv
 .text.bt_hci_driver_register
                0x000000000000514c       0x28 zephyr/subsys/bluetooth/host/libsubsys__bluetooth__host.a(hci_core.c.obj)
                0x000000000000514c                bt_hci_driver_register
 .text.bt_finalize_init
                0x0000000000005174      0x134 zephyr/subsys/bluetooth/host/libsubsys__bluetooth__host.a(hci_core.c.obj)
                0x0000000000005174                bt_finalize_init
 .text.init_work
                0x00000000000052a8       0x18 zephyr/subsys/bluetooth/host/libsubsys__bluetooth__host.a(hci_core.c.obj)
 .text.bt_enable
                0x00000000000052c0      0x104 zephyr/subsys/bluetooth/host/libsubsys__bluetooth__host.a(hci_core.c.obj)
                0x00000000000052c0                bt_enable
 .text.bt_get_name
                0x00000000000053c4        0x8 zephyr/subsys/bluetooth/host/libsubsys__bluetooth__host.a(hci_core.c.obj)
                0x00000000000053c4                bt_get_name
 .text.id_find  0x00000000000053cc       0x30 zephyr/subsys/bluetooth/host/libsubsys__bluetooth__host.a(id.c.obj)
 .text.id_create.constprop.0
                0x00000000000053fc       0x5c zephyr/subsys/bluetooth/host/libsubsys__bluetooth__host.a(id.c.obj)
 .text.set_random_address
                0x0000000000005458       0x58 zephyr/subsys/bluetooth/host/libsubsys__bluetooth__host.a(id.c.obj)
 .text.bt_id_add.part.0
                0x00000000000054b0      0x144 zephyr/subsys/bluetooth/host/libsubsys__bluetooth__host.a(id.c.obj)
 .text.bt_id_del.part.0
                0x00000000000055f4      0x104 zephyr/subsys/bluetooth/host/libsubsys__bluetooth__host.a(id.c.obj)
 .text.bt_id_pending_keys_update
                0x00000000000056f8       0x2c zephyr/subsys/bluetooth/host/libsubsys__bluetooth__host.a(id.c.obj)
                0x00000000000056f8                bt_id_pending_keys_update
 .text.bt_id_find_conflict
                0x0000000000005724       0x20 zephyr/subsys/bluetooth/host/libsubsys__bluetooth__host.a(id.c.obj)
                0x0000000000005724                bt_id_find_conflict
 .text.bt_id_add
                0x0000000000005744       0x34 zephyr/subsys/bluetooth/host/libsubsys__bluetooth__host.a(id.c.obj)
                0x0000000000005744                bt_id_add
 .text.bt_id_del
                0x0000000000005778       0x38 zephyr/subsys/bluetooth/host/libsubsys__bluetooth__host.a(id.c.obj)
                0x0000000000005778                bt_id_del
 .text.bt_id_create
                0x00000000000057b0       0x98 zephyr/subsys/bluetooth/host/libsubsys__bluetooth__host.a(id.c.obj)
                0x00000000000057b0                bt_id_create
 .text.bt_id_read_public_addr
                0x0000000000005848       0x88 zephyr/subsys/bluetooth/host/libsubsys__bluetooth__host.a(id.c.obj)
                0x0000000000005848                bt_id_read_public_addr
 .text.bt_setup_public_id_addr
                0x00000000000058d0       0x20 zephyr/subsys/bluetooth/host/libsubsys__bluetooth__host.a(id.c.obj)
                0x00000000000058d0                bt_setup_public_id_addr
 .text.bt_read_static_addr
                0x00000000000058f0       0x94 zephyr/subsys/bluetooth/host/libsubsys__bluetooth__host.a(id.c.obj)
                0x00000000000058f0                bt_read_static_addr
 .text.bt_setup_random_id_addr
                0x0000000000005984       0x60 zephyr/subsys/bluetooth/host/libsubsys__bluetooth__host.a(id.c.obj)
                0x0000000000005984                bt_setup_random_id_addr
 .text.bt_id_set_adv_own_addr
                0x00000000000059e4       0xd4 zephyr/subsys/bluetooth/host/libsubsys__bluetooth__host.a(id.c.obj)
                0x00000000000059e4                bt_id_set_adv_own_addr
 .text.bt_id_init
                0x0000000000005ab8       0x54 zephyr/subsys/bluetooth/host/libsubsys__bluetooth__host.a(id.c.obj)
                0x0000000000005ab8                bt_id_init
 .text.hci_set_ad
                0x0000000000005b0c       0xd0 zephyr/subsys/bluetooth/host/libsubsys__bluetooth__host.a(adv.c.obj)
 .text.adv_is_directed
                0x0000000000005bdc       0x18 zephyr/subsys/bluetooth/host/libsubsys__bluetooth__host.a(adv.c.obj)
 .text.le_adv_start_add_conn
                0x0000000000005bf4       0x60 zephyr/subsys/bluetooth/host/libsubsys__bluetooth__host.a(adv.c.obj)
 .text.valid_adv_param
                0x0000000000005c54       0x84 zephyr/subsys/bluetooth/host/libsubsys__bluetooth__host.a(adv.c.obj)
 .text.bt_le_ext_adv_foreach
                0x0000000000005cd8        0xc zephyr/subsys/bluetooth/host/libsubsys__bluetooth__host.a(adv.c.obj)
                0x0000000000005cd8                bt_le_ext_adv_foreach
 .text.bt_le_adv_lookup_legacy
                0x0000000000005ce4        0x8 zephyr/subsys/bluetooth/host/libsubsys__bluetooth__host.a(adv.c.obj)
                0x0000000000005ce4                bt_le_adv_lookup_legacy
 .text.bt_le_adv_start_legacy
                0x0000000000005cec      0x278 zephyr/subsys/bluetooth/host/libsubsys__bluetooth__host.a(adv.c.obj)
                0x0000000000005cec                bt_le_adv_start_legacy
 .text.bt_le_adv_start
                0x0000000000005f64       0x64 zephyr/subsys/bluetooth/host/libsubsys__bluetooth__host.a(adv.c.obj)
                0x0000000000005f64                bt_le_adv_start
 .text.bt_le_adv_stop
                0x0000000000005fc8       0x78 zephyr/subsys/bluetooth/host/libsubsys__bluetooth__host.a(adv.c.obj)
                0x0000000000005fc8                bt_le_adv_stop
 .text.adv_timeout
                0x0000000000006040       0x24 zephyr/subsys/bluetooth/host/libsubsys__bluetooth__host.a(adv.c.obj)
 .text.bt_le_adv_resume
                0x0000000000006064       0xe0 zephyr/subsys/bluetooth/host/libsubsys__bluetooth__host.a(adv.c.obj)
                0x0000000000006064                bt_le_adv_resume
 .text.prng_reseed.constprop.0
                0x0000000000006144       0x60 zephyr/subsys/bluetooth/host/libsubsys__bluetooth__host.a(crypto.c.obj)
 .text.prng_init
                0x00000000000061a4       0x40 zephyr/subsys/bluetooth/host/libsubsys__bluetooth__host.a(crypto.c.obj)
                0x00000000000061a4                prng_init
 .text.bt_rand  0x00000000000061e4       0x3c zephyr/subsys/bluetooth/host/libsubsys__bluetooth__host.a(crypto.c.obj)
                0x00000000000061e4                bt_rand
 .text.bt_pub_key_is_debug
                0x0000000000006220       0x18 zephyr/subsys/bluetooth/host/libsubsys__bluetooth__host.a(ecc.c.obj)
                0x0000000000006220                bt_pub_key_is_debug
 .text.bt_pub_key_gen
                0x0000000000006238       0xec zephyr/subsys/bluetooth/host/libsubsys__bluetooth__host.a(ecc.c.obj)
                0x0000000000006238                bt_pub_key_gen
 .text.bt_pub_key_get
                0x0000000000006324       0x1c zephyr/subsys/bluetooth/host/libsubsys__bluetooth__host.a(ecc.c.obj)
                0x0000000000006324                bt_pub_key_get
 .text.bt_dh_key_gen
                0x0000000000006340       0x98 zephyr/subsys/bluetooth/host/libsubsys__bluetooth__host.a(ecc.c.obj)
                0x0000000000006340                bt_dh_key_gen
 .text.bt_hci_evt_le_pkey_complete
                0x00000000000063d8       0x74 zephyr/subsys/bluetooth/host/libsubsys__bluetooth__host.a(ecc.c.obj)
                0x00000000000063d8                bt_hci_evt_le_pkey_complete
 .text.bt_hci_evt_le_dhkey_complete
                0x000000000000644c       0x1c zephyr/subsys/bluetooth/host/libsubsys__bluetooth__host.a(ecc.c.obj)
                0x000000000000644c                bt_hci_evt_le_dhkey_complete
 .text.notify_connected
                0x0000000000006468       0x3c zephyr/subsys/bluetooth/host/libsubsys__bluetooth__host.a(conn.c.obj)
 .text.tx_notify
                0x00000000000064a4       0x60 zephyr/subsys/bluetooth/host/libsubsys__bluetooth__host.a(conn.c.obj)
 .text.conn_tx_destroy
                0x0000000000006504       0x2c zephyr/subsys/bluetooth/host/libsubsys__bluetooth__host.a(conn.c.obj)
 .text.send_frag
                0x0000000000006530      0x178 zephyr/subsys/bluetooth/host/libsubsys__bluetooth__host.a(conn.c.obj)
 .text.bt_conn_create_pdu_timeout.part.0
                0x00000000000066a8       0x18 zephyr/subsys/bluetooth/host/libsubsys__bluetooth__host.a(conn.c.obj)
 .text.bt_conn_get_pkts
                0x00000000000066c0       0x18 zephyr/subsys/bluetooth/host/libsubsys__bluetooth__host.a(conn.c.obj)
                0x00000000000066c0                bt_conn_get_pkts
 .text.bt_conn_new
                0x00000000000066d8       0x5c zephyr/subsys/bluetooth/host/libsubsys__bluetooth__host.a(conn.c.obj)
                0x00000000000066d8                bt_conn_new
 .text.bt_conn_recv
                0x0000000000006734       0xf4 zephyr/subsys/bluetooth/host/libsubsys__bluetooth__host.a(conn.c.obj)
                0x0000000000006734                bt_conn_recv
 .text.bt_conn_send_cb
                0x0000000000006828       0xe8 zephyr/subsys/bluetooth/host/libsubsys__bluetooth__host.a(conn.c.obj)
                0x0000000000006828                bt_conn_send_cb
 .text.bt_conn_prepare_events
                0x0000000000006910       0x90 zephyr/subsys/bluetooth/host/libsubsys__bluetooth__host.a(conn.c.obj)
                0x0000000000006910                bt_conn_prepare_events
 .text.bt_conn_unref
                0x00000000000069a0       0x64 zephyr/subsys/bluetooth/host/libsubsys__bluetooth__host.a(conn.c.obj)
                0x00000000000069a0                bt_conn_unref
 .text.bt_conn_set_state
                0x0000000000006a04      0x218 zephyr/subsys/bluetooth/host/libsubsys__bluetooth__host.a(conn.c.obj)
                0x0000000000006a04                bt_conn_set_state
 .text.bt_conn_lookup_handle
                0x0000000000006c1c       0x40 zephyr/subsys/bluetooth/host/libsubsys__bluetooth__host.a(conn.c.obj)
                0x0000000000006c1c                bt_conn_lookup_handle
 .text.bt_conn_foreach
                0x0000000000006c5c       0x30 zephyr/subsys/bluetooth/host/libsubsys__bluetooth__host.a(conn.c.obj)
                0x0000000000006c5c                bt_conn_foreach
 .text.bt_conn_index
                0x0000000000006c8c       0x18 zephyr/subsys/bluetooth/host/libsubsys__bluetooth__host.a(conn.c.obj)
                0x0000000000006c8c                bt_conn_index
 .text.bt_conn_create_pdu_timeout
                0x0000000000006ca4       0x2c zephyr/subsys/bluetooth/host/libsubsys__bluetooth__host.a(conn.c.obj)
                0x0000000000006ca4                bt_conn_create_pdu_timeout
 .text.notify_le_param_updated
                0x0000000000006cd0       0x80 zephyr/subsys/bluetooth/host/libsubsys__bluetooth__host.a(conn.c.obj)
                0x0000000000006cd0                notify_le_param_updated
 .text.le_param_req
                0x0000000000006d50       0x74 zephyr/subsys/bluetooth/host/libsubsys__bluetooth__host.a(conn.c.obj)
                0x0000000000006d50                le_param_req
 .text.bt_conn_identity_resolved
                0x0000000000006dc4       0x5c zephyr/subsys/bluetooth/host/libsubsys__bluetooth__host.a(conn.c.obj)
                0x0000000000006dc4                bt_conn_identity_resolved
 .text.bt_conn_security_changed
                0x0000000000006e20       0x4c zephyr/subsys/bluetooth/host/libsubsys__bluetooth__host.a(conn.c.obj)
                0x0000000000006e20                bt_conn_security_changed
 .text.bt_conn_add_le
                0x0000000000006e6c       0x3c zephyr/subsys/bluetooth/host/libsubsys__bluetooth__host.a(conn.c.obj)
                0x0000000000006e6c                bt_conn_add_le
 .text.bt_conn_lookup_addr_le
                0x0000000000006ea8       0x34 zephyr/subsys/bluetooth/host/libsubsys__bluetooth__host.a(conn.c.obj)
                0x0000000000006ea8                bt_conn_lookup_addr_le
 .text.bt_conn_exists_le
                0x0000000000006edc       0x70 zephyr/subsys/bluetooth/host/libsubsys__bluetooth__host.a(conn.c.obj)
                0x0000000000006edc                bt_conn_exists_le
 .text.bt_conn_lookup_state_le
                0x0000000000006f4c       0x44 zephyr/subsys/bluetooth/host/libsubsys__bluetooth__host.a(conn.c.obj)
                0x0000000000006f4c                bt_conn_lookup_state_le
 .text.send_conn_le_param_update
                0x0000000000006f90       0x68 zephyr/subsys/bluetooth/host/libsubsys__bluetooth__host.a(conn.c.obj)
 .text.deferred_work
                0x0000000000006ff8       0xf0 zephyr/subsys/bluetooth/host/libsubsys__bluetooth__host.a(conn.c.obj)
 .text.bt_conn_create_frag_timeout
                0x00000000000070e8        0xc zephyr/subsys/bluetooth/host/libsubsys__bluetooth__host.a(conn.c.obj)
                0x00000000000070e8                bt_conn_create_frag_timeout
 .text.bt_conn_process_tx
                0x00000000000070f4      0x114 zephyr/subsys/bluetooth/host/libsubsys__bluetooth__host.a(conn.c.obj)
                0x00000000000070f4                bt_conn_process_tx
 .text.bt_conn_auth_cb_register
                0x0000000000007208       0x34 zephyr/subsys/bluetooth/host/libsubsys__bluetooth__host.a(conn.c.obj)
                0x0000000000007208                bt_conn_auth_cb_register
 .text.bt_conn_lookup_index
                0x000000000000723c       0x10 zephyr/subsys/bluetooth/host/libsubsys__bluetooth__host.a(conn.c.obj)
                0x000000000000723c                bt_conn_lookup_index
 .text.bt_conn_init
                0x000000000000724c       0x44 zephyr/subsys/bluetooth/host/libsubsys__bluetooth__host.a(conn.c.obj)
                0x000000000000724c                bt_conn_init
 .text.l2cap_create_le_sig_pdu.part.0
                0x0000000000007290       0x1c zephyr/subsys/bluetooth/host/libsubsys__bluetooth__host.a(l2cap.c.obj)
 .text.l2cap_accept.part.0
                0x00000000000072ac       0x30 zephyr/subsys/bluetooth/host/libsubsys__bluetooth__host.a(l2cap.c.obj)
 .text.l2cap_accept
                0x00000000000072dc       0x1c zephyr/subsys/bluetooth/host/libsubsys__bluetooth__host.a(l2cap.c.obj)
 .text.bt_l2cap_connected
                0x00000000000072f8       0x8c zephyr/subsys/bluetooth/host/libsubsys__bluetooth__host.a(l2cap.c.obj)
                0x00000000000072f8                bt_l2cap_connected
 .text.l2cap_recv.part.0
                0x0000000000007384       0xac zephyr/subsys/bluetooth/host/libsubsys__bluetooth__host.a(l2cap.c.obj)
 .text.l2cap_recv
                0x0000000000007430       0x24 zephyr/subsys/bluetooth/host/libsubsys__bluetooth__host.a(l2cap.c.obj)
 .text.bt_l2cap_recv
                0x0000000000007454       0x58 zephyr/subsys/bluetooth/host/libsubsys__bluetooth__host.a(l2cap.c.obj)
                0x0000000000007454                bt_l2cap_recv
 .text.bt_l2cap_update_conn_param
                0x00000000000074ac       0x64 zephyr/subsys/bluetooth/host/libsubsys__bluetooth__host.a(l2cap.c.obj)
                0x00000000000074ac                bt_l2cap_update_conn_param
 .text.att_op_get_type
                0x0000000000007510       0x74 zephyr/subsys/bluetooth/host/libsubsys__bluetooth__host.a(att.c.obj)
 .text.bt_att_released
                0x0000000000007584        0xc zephyr/subsys/bluetooth/host/libsubsys__bluetooth__host.a(att.c.obj)
 .text.bt_att_connected
                0x0000000000007590       0x38 zephyr/subsys/bluetooth/host/libsubsys__bluetooth__host.a(att.c.obj)
 .text.read_group_cb
                0x00000000000075c8       0xb8 zephyr/subsys/bluetooth/host/libsubsys__bluetooth__host.a(att.c.obj)
 .text.bt_att_accept
                0x0000000000007680      0x120 zephyr/subsys/bluetooth/host/libsubsys__bluetooth__host.a(att.c.obj)
 .text.read_type_cb
                0x00000000000077a0       0xac zephyr/subsys/bluetooth/host/libsubsys__bluetooth__host.a(att.c.obj)
 .text.bt_att_chan_create_pdu
                0x000000000000784c       0x94 zephyr/subsys/bluetooth/host/libsubsys__bluetooth__host.a(att.c.obj)
 .text.find_type_cb
                0x00000000000078e0      0x164 zephyr/subsys/bluetooth/host/libsubsys__bluetooth__host.a(att.c.obj)
 .text.chan_send
                0x0000000000007a44       0xe4 zephyr/subsys/bluetooth/host/libsubsys__bluetooth__host.a(att.c.obj)
 .text.att_tx_destroy
                0x0000000000007b28      0x10c zephyr/subsys/bluetooth/host/libsubsys__bluetooth__host.a(att.c.obj)
 .text.bt_att_recv
                0x0000000000007c34       0xc8 zephyr/subsys/bluetooth/host/libsubsys__bluetooth__host.a(att.c.obj)
 .text.att_write_rsp.constprop.0
                0x0000000000007cfc       0xc0 zephyr/subsys/bluetooth/host/libsubsys__bluetooth__host.a(att.c.obj)
 .text.att_get  0x0000000000007dbc       0x4c zephyr/subsys/bluetooth/host/libsubsys__bluetooth__host.a(att.c.obj)
 .text.bt_att_create_pdu
                0x0000000000007e08       0x64 zephyr/subsys/bluetooth/host/libsubsys__bluetooth__host.a(att.c.obj)
                0x0000000000007e08                bt_att_create_pdu
 .text.bt_att_create_rsp_pdu
                0x0000000000007e6c       0x4c zephyr/subsys/bluetooth/host/libsubsys__bluetooth__host.a(att.c.obj)
                0x0000000000007e6c                bt_att_create_rsp_pdu
 .text.att_read_group_req
                0x0000000000007eb8       0xf4 zephyr/subsys/bluetooth/host/libsubsys__bluetooth__host.a(att.c.obj)
 .text.att_read_mult_vl_req
                0x0000000000007fac       0x9c zephyr/subsys/bluetooth/host/libsubsys__bluetooth__host.a(att.c.obj)
 .text.att_read_mult_req
                0x0000000000008048       0x9c zephyr/subsys/bluetooth/host/libsubsys__bluetooth__host.a(att.c.obj)
 .text.att_read_rsp
                0x00000000000080e4       0x94 zephyr/subsys/bluetooth/host/libsubsys__bluetooth__host.a(att.c.obj)
 .text.att_read_type_req
                0x0000000000008178       0xc0 zephyr/subsys/bluetooth/host/libsubsys__bluetooth__host.a(att.c.obj)
 .text.att_find_type_req
                0x0000000000008238       0xc4 zephyr/subsys/bluetooth/host/libsubsys__bluetooth__host.a(att.c.obj)
 .text.att_find_info_req
                0x00000000000082fc       0x6c zephyr/subsys/bluetooth/host/libsubsys__bluetooth__host.a(att.c.obj)
 .text.bt_att_req_alloc
                0x0000000000008368       0x50 zephyr/subsys/bluetooth/host/libsubsys__bluetooth__host.a(att.c.obj)
                0x0000000000008368                bt_att_req_alloc
 .text.bt_att_req_free
                0x00000000000083b8       0x20 zephyr/subsys/bluetooth/host/libsubsys__bluetooth__host.a(att.c.obj)
                0x00000000000083b8                bt_att_req_free
 .text.att_handle_rsp
                0x00000000000083d8       0x80 zephyr/subsys/bluetooth/host/libsubsys__bluetooth__host.a(att.c.obj)
 .text.bt_att_disconnected
                0x0000000000008458       0xc0 zephyr/subsys/bluetooth/host/libsubsys__bluetooth__host.a(att.c.obj)
 .text.att_timeout
                0x0000000000008518       0xc8 zephyr/subsys/bluetooth/host/libsubsys__bluetooth__host.a(att.c.obj)
 .text.bt_att_set_tx_meta_data
                0x00000000000085e0       0x24 zephyr/subsys/bluetooth/host/libsubsys__bluetooth__host.a(att.c.obj)
                0x00000000000085e0                bt_att_set_tx_meta_data
 .text.find_cf_cfg
                0x0000000000008604       0x5c zephyr/subsys/bluetooth/host/libsubsys__bluetooth__host.a(gatt.c.obj)
 .text.find_sc_cfg
                0x0000000000008660       0x40 zephyr/subsys/bluetooth/host/libsubsys__bluetooth__host.a(gatt.c.obj)
 .text.find_ccc_cfg
                0x00000000000086a0       0x48 zephyr/subsys/bluetooth/host/libsubsys__bluetooth__host.a(gatt.c.obj)
 .text.bt_gatt_attr_write_ccc
                0x00000000000086e8       0xbc zephyr/subsys/bluetooth/host/libsubsys__bluetooth__host.a(gatt.c.obj)
                0x00000000000086e8                bt_gatt_attr_write_ccc
 .text.clear_cf_cfg
                0x00000000000087a4       0x28 zephyr/subsys/bluetooth/host/libsubsys__bluetooth__host.a(gatt.c.obj)
 .text.sc_save  0x00000000000087cc       0x60 zephyr/subsys/bluetooth/host/libsubsys__bluetooth__host.a(gatt.c.obj)
 .text.disconnected_cb
                0x000000000000882c       0xb4 zephyr/subsys/bluetooth/host/libsubsys__bluetooth__host.a(gatt.c.obj)
 .text.read_ppcp
                0x00000000000088e0       0x38 zephyr/subsys/bluetooth/host/libsubsys__bluetooth__host.a(gatt.c.obj)
 .text.cf_write
                0x0000000000008918       0x98 zephyr/subsys/bluetooth/host/libsubsys__bluetooth__host.a(gatt.c.obj)
 .text.sc_indicate_rsp
                0x00000000000089b0       0x4c zephyr/subsys/bluetooth/host/libsubsys__bluetooth__host.a(gatt.c.obj)
 .text.bt_gatt_init
                0x00000000000089fc       0x78 zephyr/subsys/bluetooth/host/libsubsys__bluetooth__host.a(gatt.c.obj)
                0x00000000000089fc                bt_gatt_init
 .text.bt_gatt_attr_get_handle
                0x0000000000008a74       0x60 zephyr/subsys/bluetooth/host/libsubsys__bluetooth__host.a(gatt.c.obj)
                0x0000000000008a74                bt_gatt_attr_get_handle
 .text.bt_gatt_foreach_attr_type
                0x0000000000008ad4       0xb4 zephyr/subsys/bluetooth/host/libsubsys__bluetooth__host.a(gatt.c.obj)
                0x0000000000008ad4                bt_gatt_foreach_attr_type
 .text.db_hash_gen
                0x0000000000008b88       0x80 zephyr/subsys/bluetooth/host/libsubsys__bluetooth__host.a(gatt.c.obj)
 .text.db_hash_read
                0x0000000000008c08       0x74 zephyr/subsys/bluetooth/host/libsubsys__bluetooth__host.a(gatt.c.obj)
 .text.db_hash_process
                0x0000000000008c7c       0x14 zephyr/subsys/bluetooth/host/libsubsys__bluetooth__host.a(gatt.c.obj)
 .text.bt_gatt_attr_next
                0x0000000000008c90       0x24 zephyr/subsys/bluetooth/host/libsubsys__bluetooth__host.a(gatt.c.obj)
                0x0000000000008c90                bt_gatt_attr_next
 .text.gatt_indicate
                0x0000000000008cb4       0xe4 zephyr/subsys/bluetooth/host/libsubsys__bluetooth__host.a(gatt.c.obj)
 .text.bt_gatt_indicate
                0x0000000000008d98       0xf0 zephyr/subsys/bluetooth/host/libsubsys__bluetooth__host.a(gatt.c.obj)
                0x0000000000008d98                bt_gatt_indicate
 .text.sc_process
                0x0000000000008e88       0x60 zephyr/subsys/bluetooth/host/libsubsys__bluetooth__host.a(gatt.c.obj)
 .text.update_ccc
                0x0000000000008ee8      0x12c zephyr/subsys/bluetooth/host/libsubsys__bluetooth__host.a(gatt.c.obj)
 .text.gatt_notify
                0x0000000000009014       0xb0 zephyr/subsys/bluetooth/host/libsubsys__bluetooth__host.a(gatt.c.obj)
 .text.notify_cb
                0x00000000000090c4      0x13c zephyr/subsys/bluetooth/host/libsubsys__bluetooth__host.a(gatt.c.obj)
 .text.bt_gatt_connected
                0x0000000000009200       0x4c zephyr/subsys/bluetooth/host/libsubsys__bluetooth__host.a(gatt.c.obj)
                0x0000000000009200                bt_gatt_connected
 .text.bt_gatt_att_max_mtu_changed
                0x000000000000924c       0x28 zephyr/subsys/bluetooth/host/libsubsys__bluetooth__host.a(gatt.c.obj)
                0x000000000000924c                bt_gatt_att_max_mtu_changed
 .text.bt_gatt_encrypt_change
                0x0000000000009274       0x28 zephyr/subsys/bluetooth/host/libsubsys__bluetooth__host.a(gatt.c.obj)
                0x0000000000009274                bt_gatt_encrypt_change
 .text.bt_gatt_disconnected
                0x000000000000929c       0x48 zephyr/subsys/bluetooth/host/libsubsys__bluetooth__host.a(gatt.c.obj)
                0x000000000000929c                bt_gatt_disconnected
 .text.smp_find
                0x00000000000092e4       0x1c zephyr/subsys/bluetooth/host/libsubsys__bluetooth__host.a(smp.c.obj)
 .text.latch_auth_cb
                0x0000000000009300       0x2c zephyr/subsys/bluetooth/host/libsubsys__bluetooth__host.a(smp.c.obj)
 .text.get_io_capa
                0x000000000000932c       0x4c zephyr/subsys/bluetooth/host/libsubsys__bluetooth__host.a(smp.c.obj)
 .text.smp_chan_get.part.0
                0x0000000000009378       0x18 zephyr/subsys/bluetooth/host/libsubsys__bluetooth__host.a(smp.c.obj)
 .text.bt_smp_pkey_ready.part.0
                0x0000000000009390       0x14 zephyr/subsys/bluetooth/host/libsubsys__bluetooth__host.a(smp.c.obj)
 .text.smp_send.constprop.0
                0x00000000000093a4       0x48 zephyr/subsys/bluetooth/host/libsubsys__bluetooth__host.a(smp.c.obj)
 .text.smp_init
                0x00000000000093ec       0x38 zephyr/subsys/bluetooth/host/libsubsys__bluetooth__host.a(smp.c.obj)
 .text.smp_dhkey_generate
                0x0000000000009424       0x3c zephyr/subsys/bluetooth/host/libsubsys__bluetooth__host.a(smp.c.obj)
 .text.smp_send_pairing_confirm
                0x0000000000009460       0x90 zephyr/subsys/bluetooth/host/libsubsys__bluetooth__host.a(smp.c.obj)
 .text.smp_public_key_periph
                0x00000000000094f0      0x15c zephyr/subsys/bluetooth/host/libsubsys__bluetooth__host.a(smp.c.obj)
 .text.smp_public_key
                0x000000000000964c       0xac zephyr/subsys/bluetooth/host/libsubsys__bluetooth__host.a(smp.c.obj)
 .text.compute_and_check_and_send_periph_dhcheck
                0x00000000000096f8      0x184 zephyr/subsys/bluetooth/host/libsubsys__bluetooth__host.a(smp.c.obj)
 .text.bt_smp_connected
                0x000000000000987c       0x44 zephyr/subsys/bluetooth/host/libsubsys__bluetooth__host.a(smp.c.obj)
 .text.smp_pairing_confirm
                0x00000000000098c0       0x84 zephyr/subsys/bluetooth/host/libsubsys__bluetooth__host.a(smp.c.obj)
 .text.smp_pairing_random
                0x0000000000009944      0x214 zephyr/subsys/bluetooth/host/libsubsys__bluetooth__host.a(smp.c.obj)
 .text.bt_smp_accept.part.0
                0x0000000000009b58       0x30 zephyr/subsys/bluetooth/host/libsubsys__bluetooth__host.a(smp.c.obj)
 .text.bt_smp_accept
                0x0000000000009b88       0x20 zephyr/subsys/bluetooth/host/libsubsys__bluetooth__host.a(smp.c.obj)
 .text.smp_ident_info
                0x0000000000009ba8       0x8c zephyr/subsys/bluetooth/host/libsubsys__bluetooth__host.a(smp.c.obj)
 .text.smp_encrypt_info
                0x0000000000009c34       0x8c zephyr/subsys/bluetooth/host/libsubsys__bluetooth__host.a(smp.c.obj)
 .text.get_auth
                0x0000000000009cc0       0x58 zephyr/subsys/bluetooth/host/libsubsys__bluetooth__host.a(smp.c.obj)
 .text.smp_pairing_req
                0x0000000000009d18      0x378 zephyr/subsys/bluetooth/host/libsubsys__bluetooth__host.a(smp.c.obj)
 .text.bt_smp_start_security
                0x000000000000a090      0x18c zephyr/subsys/bluetooth/host/libsubsys__bluetooth__host.a(smp.c.obj)
                0x000000000000a090                bt_smp_start_security
 .text.smp_pairing_complete
                0x000000000000a21c      0x120 zephyr/subsys/bluetooth/host/libsubsys__bluetooth__host.a(smp.c.obj)
 .text.smp_error
                0x000000000000a33c       0xa8 zephyr/subsys/bluetooth/host/libsubsys__bluetooth__host.a(smp.c.obj)
 .text.bt_smp_recv
                0x000000000000a3e4       0xe4 zephyr/subsys/bluetooth/host/libsubsys__bluetooth__host.a(smp.c.obj)
 .text.bt_smp_pkey_ready
                0x000000000000a4c8       0x40 zephyr/subsys/bluetooth/host/libsubsys__bluetooth__host.a(smp.c.obj)
 .text.smp_ident_addr_info
                0x000000000000a508      0x1cc zephyr/subsys/bluetooth/host/libsubsys__bluetooth__host.a(smp.c.obj)
 .text.smp_central_ident
                0x000000000000a6d4       0xb0 zephyr/subsys/bluetooth/host/libsubsys__bluetooth__host.a(smp.c.obj)
 .text.smp_pairing_failed
                0x000000000000a784       0x60 zephyr/subsys/bluetooth/host/libsubsys__bluetooth__host.a(smp.c.obj)
 .text.bt_smp_encrypt_change
                0x000000000000a7e4      0x22c zephyr/subsys/bluetooth/host/libsubsys__bluetooth__host.a(smp.c.obj)
 .text.smp_timeout
                0x000000000000aa10       0x30 zephyr/subsys/bluetooth/host/libsubsys__bluetooth__host.a(smp.c.obj)
 .text.bt_smp_update_keys
                0x000000000000aa40      0x140 zephyr/subsys/bluetooth/host/libsubsys__bluetooth__host.a(smp.c.obj)
                0x000000000000aa40                bt_smp_update_keys
 .text.bt_smp_init
                0x000000000000ab80       0x2c zephyr/subsys/bluetooth/host/libsubsys__bluetooth__host.a(smp.c.obj)
                0x000000000000ab80                bt_smp_init
 .text.bt_keys_get_addr
                0x000000000000abac       0x4c zephyr/subsys/bluetooth/host/libsubsys__bluetooth__host.a(keys.c.obj)
                0x000000000000abac                bt_keys_get_addr
 .text.bt_keys_foreach_type
                0x000000000000abf8       0x1c zephyr/subsys/bluetooth/host/libsubsys__bluetooth__host.a(keys.c.obj)
                0x000000000000abf8                bt_keys_foreach_type
 .text.bt_keys_find
                0x000000000000ac14       0x38 zephyr/subsys/bluetooth/host/libsubsys__bluetooth__host.a(keys.c.obj)
                0x000000000000ac14                bt_keys_find
 .text.bt_keys_find_irk
                0x000000000000ac4c       0x80 zephyr/subsys/bluetooth/host/libsubsys__bluetooth__host.a(keys.c.obj)
                0x000000000000ac4c                bt_keys_find_irk
 .text.bt_keys_find_addr
                0x000000000000accc       0x24 zephyr/subsys/bluetooth/host/libsubsys__bluetooth__host.a(keys.c.obj)
                0x000000000000accc                bt_keys_find_addr
 .text.bt_crypto_f5
                0x000000000000acf0       0xd0 zephyr/subsys/bluetooth/crypto/libsubsys__bluetooth__crypto.a(bt_crypto.c.obj)
                0x000000000000acf0                bt_crypto_f5
 .text.bt_crypto_g2
                0x000000000000adc0       0x5c zephyr/subsys/bluetooth/crypto/libsubsys__bluetooth__crypto.a(bt_crypto.c.obj)
                0x000000000000adc0                bt_crypto_g2
 .text.net_buf_destroy
                0x000000000000ae1c       0x38 zephyr/subsys/net/libsubsys__net.a(buf.c.obj)
 .text.net_buf_pool_get
                0x000000000000ae54       0x10 zephyr/subsys/net/libsubsys__net.a(buf.c.obj)
                0x000000000000ae54                net_buf_pool_get
 .text.net_buf_id
                0x000000000000ae64       0x20 zephyr/subsys/net/libsubsys__net.a(buf.c.obj)
                0x000000000000ae64                net_buf_id
 .text.fixed_data_alloc
                0x000000000000ae84       0x24 zephyr/subsys/net/libsubsys__net.a(buf.c.obj)
 .text.net_buf_alloc_len
                0x000000000000aea8       0xf4 zephyr/subsys/net/libsubsys__net.a(buf.c.obj)
                0x000000000000aea8                net_buf_alloc_len
 .text.net_buf_unref
                0x000000000000af9c       0x38 zephyr/subsys/net/libsubsys__net.a(buf.c.obj)
                0x000000000000af9c                net_buf_unref
 .text.bt_ipc_send
                0x000000000000afd4       0x54 zephyr/drivers/bluetooth/libdrivers__bluetooth.a(ipc.c.obj)
 .text.bt_ipc_init
                0x000000000000b028       0x28 zephyr/drivers/bluetooth/libdrivers__bluetooth.a(ipc.c.obj)
 .text.hci_ept_bound
                0x000000000000b050        0xc zephyr/drivers/bluetooth/libdrivers__bluetooth.a(ipc.c.obj)
 .text.bt_ipc_open.part.0
                0x000000000000b05c       0x6c zephyr/drivers/bluetooth/libdrivers__bluetooth.a(ipc.c.obj)
 .text.hci_ept_recv
                0x000000000000b0c8      0x1c0 zephyr/drivers/bluetooth/libdrivers__bluetooth.a(ipc.c.obj)
 .text.bt_ipc_open
                0x000000000000b288       0x2c zephyr/drivers/bluetooth/libdrivers__bluetooth.a(ipc.c.obj)
 .text.bt_ipc_close.part.0
                0x000000000000b2b4       0x54 zephyr/drivers/bluetooth/libdrivers__bluetooth.a(ipc.c.obj)
 .text.bt_ipc_close
                0x000000000000b308       0x30 zephyr/drivers/bluetooth/libdrivers__bluetooth.a(ipc.c.obj)
 .text.bt_hci_transport_setup
                0x000000000000b338       0x18 zephyr/drivers/bluetooth/libdrivers__bluetooth.a(nrf53_support.c.obj)
                0x000000000000b338                bt_hci_transport_setup
 .text.onoff_stop
                0x000000000000b350       0x30 zephyr/drivers/clock_control/libdrivers__clock_control.a(clock_control_nrf.c.obj)
 .text.onoff_start
                0x000000000000b380       0x44 zephyr/drivers/clock_control/libdrivers__clock_control.a(clock_control_nrf.c.obj)
 .text.clk_init
                0x000000000000b3c4       0x64 zephyr/drivers/clock_control/libdrivers__clock_control.a(clock_control_nrf.c.obj)
 .text.clkstarted_handle.constprop.0
                0x000000000000b428       0x34 zephyr/drivers/clock_control/libdrivers__clock_control.a(clock_control_nrf.c.obj)
 .text.clock_event_handler
                0x000000000000b45c       0x30 zephyr/drivers/clock_control/libdrivers__clock_control.a(clock_control_nrf.c.obj)
 .text.generic_hfclk_start
                0x000000000000b48c       0x64 zephyr/drivers/clock_control/libdrivers__clock_control.a(clock_control_nrf.c.obj)
 .text.api_blocking_start
                0x000000000000b4f0       0x3c zephyr/drivers/clock_control/libdrivers__clock_control.a(clock_control_nrf.c.obj)
 .text.generic_hfclk_stop
                0x000000000000b52c       0x34 zephyr/drivers/clock_control/libdrivers__clock_control.a(clock_control_nrf.c.obj)
 .text.z_nrf_clock_control_lf_on
                0x000000000000b560       0xfc zephyr/drivers/clock_control/libdrivers__clock_control.a(clock_control_nrf.c.obj)
                0x000000000000b560                z_nrf_clock_control_lf_on
 .text.uart_console_init
                0x000000000000b65c       0x28 zephyr/drivers/console/libdrivers__console.a(uart_console.c.obj)
 .text.console_out
                0x000000000000b684       0x28 zephyr/drivers/console/libdrivers__console.a(uart_console.c.obj)
 .text.gpio_nrfx_pin_interrupt_configure
                0x000000000000b6ac      0x100 zephyr/drivers/gpio/libdrivers__gpio.a(gpio_nrfx.c.obj)
 .text.gpio_nrfx_init
                0x000000000000b7ac       0x48 zephyr/drivers/gpio/libdrivers__gpio.a(gpio_nrfx.c.obj)
 .text.nrfx_gpio_handler
                0x000000000000b7f4       0x4c zephyr/drivers/gpio/libdrivers__gpio.a(gpio_nrfx.c.obj)
 .text.gpio_nrfx_pin_configure
                0x000000000000b840      0x18c zephyr/drivers/gpio/libdrivers__gpio.a(gpio_nrfx.c.obj)
 .text.mbox_nrf_init
                0x000000000000b9cc       0x9c zephyr/drivers/mbox/libdrivers__mbox.a(mbox_nrfx_ipc.c.obj)
 .text.mbox_nrf_set_enabled
                0x000000000000ba68       0x94 zephyr/drivers/mbox/libdrivers__mbox.a(mbox_nrfx_ipc.c.obj)
 .text.mbox_nrf_send
                0x000000000000bafc       0x44 zephyr/drivers/mbox/libdrivers__mbox.a(mbox_nrfx_ipc.c.obj)
 .text.mbox_dispatcher
                0x000000000000bb40       0x60 zephyr/drivers/mbox/libdrivers__mbox.a(mbox_nrfx_ipc.c.obj)
 .text.nrf_gpio_pin_port_decode
                0x000000000000bba0       0x24 zephyr/drivers/pinctrl/libdrivers__pinctrl.a(pinctrl_nrf.c.obj)
 .text.pinctrl_configure_pins
                0x000000000000bbc4      0x1a8 zephyr/drivers/pinctrl/libdrivers__pinctrl.a(pinctrl_nrf.c.obj)
                0x000000000000bbc4                pinctrl_configure_pins
 .text.uarte_0_init
                0x000000000000bd6c      0x27c zephyr/drivers/serial/libdrivers__serial.a(uart_nrfx_uarte.c.obj)
 .text.uarte_nrfx_poll_out
                0x000000000000bfe8       0xcc zephyr/drivers/serial/libdrivers__serial.a(uart_nrfx_uarte.c.obj)
 .text.compare_int_lock
                0x000000000000c0b4       0x40 zephyr/drivers/timer/libdrivers__timer.a(nrf_rtc_timer.c.obj)
 .text.sys_clock_timeout_handler
                0x000000000000c0f4       0x48 zephyr/drivers/timer/libdrivers__timer.a(nrf_rtc_timer.c.obj)
 .text.compare_int_unlock
                0x000000000000c13c       0x4c zephyr/drivers/timer/libdrivers__timer.a(nrf_rtc_timer.c.obj)
 .text.z_nrf_rtc_timer_compare_evt_address_get
                0x000000000000c188       0x10 zephyr/drivers/timer/libdrivers__timer.a(nrf_rtc_timer.c.obj)
                0x000000000000c188                z_nrf_rtc_timer_compare_evt_address_get
 .text.z_nrf_rtc_timer_compare_read
                0x000000000000c198       0x10 zephyr/drivers/timer/libdrivers__timer.a(nrf_rtc_timer.c.obj)
                0x000000000000c198                z_nrf_rtc_timer_compare_read
 .text.z_nrf_rtc_timer_read
                0x000000000000c1a8       0x44 zephyr/drivers/timer/libdrivers__timer.a(nrf_rtc_timer.c.obj)
                0x000000000000c1a8                z_nrf_rtc_timer_read
 .text.compare_set
                0x000000000000c1ec      0x124 zephyr/drivers/timer/libdrivers__timer.a(nrf_rtc_timer.c.obj)
 .text.sys_clock_driver_init
                0x000000000000c310       0xa4 zephyr/drivers/timer/libdrivers__timer.a(nrf_rtc_timer.c.obj)
 .text.rtc_nrf_isr
                0x000000000000c3b4      0x100 zephyr/drivers/timer/libdrivers__timer.a(nrf_rtc_timer.c.obj)
                0x000000000000c3b4                rtc_nrf_isr
 .text.z_nrf_rtc_timer_chan_alloc
                0x000000000000c4b4       0x3c zephyr/drivers/timer/libdrivers__timer.a(nrf_rtc_timer.c.obj)
                0x000000000000c4b4                z_nrf_rtc_timer_chan_alloc
 .text.z_nrf_rtc_timer_chan_free
                0x000000000000c4f0       0x1c zephyr/drivers/timer/libdrivers__timer.a(nrf_rtc_timer.c.obj)
                0x000000000000c4f0                z_nrf_rtc_timer_chan_free
 .text.sys_clock_set_timeout
                0x000000000000c50c       0x5c zephyr/drivers/timer/libdrivers__timer.a(nrf_rtc_timer.c.obj)
                0x000000000000c50c                sys_clock_set_timeout
 .text.sys_clock_elapsed
                0x000000000000c568       0x14 zephyr/drivers/timer/libdrivers__timer.a(nrf_rtc_timer.c.obj)
                0x000000000000c568                sys_clock_elapsed
 .text.button_init
                0x000000000000c57c       0x60 modules/pfe/lib/button_lib/lib..__pfe__lib__button_lib.a(button_lib.c.obj)
                0x000000000000c57c                button_init
 .text.nrf53_errata_42
                0x000000000000c5dc       0x24 modules/hal_nordic/nrfx/libmodules__hal_nordic__nrfx.a(system_nrf5340_application.c.obj)
 .text.SystemInit
                0x000000000000c600      0x1c4 modules/hal_nordic/nrfx/libmodules__hal_nordic__nrfx.a(system_nrf5340_application.c.obj)
                0x000000000000c600                SystemInit
 .text.nrfx_flag32_alloc
                0x000000000000c7c4       0x40 modules/hal_nordic/nrfx/libmodules__hal_nordic__nrfx.a(nrfx_flag32_allocator.c.obj)
                0x000000000000c7c4                nrfx_flag32_alloc
 .text.nrfx_flag32_free
                0x000000000000c804       0x38 modules/hal_nordic/nrfx/libmodules__hal_nordic__nrfx.a(nrfx_flag32_allocator.c.obj)
                0x000000000000c804                nrfx_flag32_free
 .text.nrfx_gppi_channels_enable
                0x000000000000c83c        0xc modules/hal_nordic/nrfx/libmodules__hal_nordic__nrfx.a(nrfx_gppi_dppi.c.obj)
                0x000000000000c83c                nrfx_gppi_channels_enable
 .text.nrfx_gppi_channels_disable
                0x000000000000c848        0xc modules/hal_nordic/nrfx/libmodules__hal_nordic__nrfx.a(nrfx_gppi_dppi.c.obj)
                0x000000000000c848                nrfx_gppi_channels_disable
 .text.nrfx_clock_init
                0x000000000000c854       0x20 modules/hal_nordic/nrfx/libmodules__hal_nordic__nrfx.a(nrfx_clock.c.obj)
                0x000000000000c854                nrfx_clock_init
 .text.nrfx_clock_enable
                0x000000000000c874       0x30 modules/hal_nordic/nrfx/libmodules__hal_nordic__nrfx.a(nrfx_clock.c.obj)
                0x000000000000c874                nrfx_clock_enable
 .text.nrfx_clock_start
                0x000000000000c8a4       0xd0 modules/hal_nordic/nrfx/libmodules__hal_nordic__nrfx.a(nrfx_clock.c.obj)
                0x000000000000c8a4                nrfx_clock_start
 .text.nrfx_power_clock_irq_handler
                0x000000000000c974       0xb0 modules/hal_nordic/nrfx/libmodules__hal_nordic__nrfx.a(nrfx_clock.c.obj)
                0x000000000000c974                nrfx_power_clock_irq_handler
 .text.nrfx_dppi_channel_alloc
                0x000000000000ca24        0xc modules/hal_nordic/nrfx/libmodules__hal_nordic__nrfx.a(nrfx_dppi.c.obj)
                0x000000000000ca24                nrfx_dppi_channel_alloc
 .text.nrfx_dppi_channel_free
                0x000000000000ca30       0x1c modules/hal_nordic/nrfx/libmodules__hal_nordic__nrfx.a(nrfx_dppi.c.obj)
                0x000000000000ca30                nrfx_dppi_channel_free
 .text.nrf_gpio_pin_port_decode
                0x000000000000ca4c       0x24 modules/hal_nordic/nrfx/libmodules__hal_nordic__nrfx.a(nrfx_gpiote.c.obj)
 .text.get_pin_idx
                0x000000000000ca70       0x14 modules/hal_nordic/nrfx/libmodules__hal_nordic__nrfx.a(nrfx_gpiote.c.obj)
 .text.call_handler.constprop.0
                0x000000000000ca84       0x40 modules/hal_nordic/nrfx/libmodules__hal_nordic__nrfx.a(nrfx_gpiote.c.obj)
 .text.pin_te_get.constprop.0
                0x000000000000cac4       0x18 modules/hal_nordic/nrfx/libmodules__hal_nordic__nrfx.a(nrfx_gpiote.c.obj)
 .text.pin_is_output.constprop.0
                0x000000000000cadc       0x18 modules/hal_nordic/nrfx/libmodules__hal_nordic__nrfx.a(nrfx_gpiote.c.obj)
 .text.pin_in_use_by_te.constprop.0
                0x000000000000caf4       0x18 modules/hal_nordic/nrfx/libmodules__hal_nordic__nrfx.a(nrfx_gpiote.c.obj)
 .text.latch_pending_read_and_check
                0x000000000000cb0c       0x3c modules/hal_nordic/nrfx/libmodules__hal_nordic__nrfx.a(nrfx_gpiote.c.obj)
 .text.release_handler.isra.0
                0x000000000000cb48       0x58 modules/hal_nordic/nrfx/libmodules__hal_nordic__nrfx.a(nrfx_gpiote.c.obj)
 .text.__nrfy_internal_gpiote_events_process.constprop.0
                0x000000000000cba0       0x5c modules/hal_nordic/nrfx/libmodules__hal_nordic__nrfx.a(nrfx_gpiote.c.obj)
 .text.pin_uninit
                0x000000000000cbfc       0x84 modules/hal_nordic/nrfx/libmodules__hal_nordic__nrfx.a(nrfx_gpiote.c.obj)
 .text.nrfx_gpiote_input_configure
                0x000000000000cc80      0x178 modules/hal_nordic/nrfx/libmodules__hal_nordic__nrfx.a(nrfx_gpiote.c.obj)
                0x000000000000cc80                nrfx_gpiote_input_configure
 .text.nrfx_gpiote_output_configure
                0x000000000000cdf8      0x104 modules/hal_nordic/nrfx/libmodules__hal_nordic__nrfx.a(nrfx_gpiote.c.obj)
                0x000000000000cdf8                nrfx_gpiote_output_configure
 .text.nrfx_gpiote_global_callback_set
                0x000000000000cefc        0xc modules/hal_nordic/nrfx/libmodules__hal_nordic__nrfx.a(nrfx_gpiote.c.obj)
                0x000000000000cefc                nrfx_gpiote_global_callback_set
 .text.nrfx_gpiote_channel_get
                0x000000000000cf08       0x34 modules/hal_nordic/nrfx/libmodules__hal_nordic__nrfx.a(nrfx_gpiote.c.obj)
                0x000000000000cf08                nrfx_gpiote_channel_get
 .text.nrfx_gpiote_init
                0x000000000000cf3c       0x6c modules/hal_nordic/nrfx/libmodules__hal_nordic__nrfx.a(nrfx_gpiote.c.obj)
                0x000000000000cf3c                nrfx_gpiote_init
 .text.nrfx_gpiote_init_check
                0x000000000000cfa8       0x14 modules/hal_nordic/nrfx/libmodules__hal_nordic__nrfx.a(nrfx_gpiote.c.obj)
                0x000000000000cfa8                nrfx_gpiote_init_check
 .text.nrfx_gpiote_channel_free
                0x000000000000cfbc        0xc modules/hal_nordic/nrfx/libmodules__hal_nordic__nrfx.a(nrfx_gpiote.c.obj)
                0x000000000000cfbc                nrfx_gpiote_channel_free
 .text.nrfx_gpiote_channel_alloc
                0x000000000000cfc8        0xc modules/hal_nordic/nrfx/libmodules__hal_nordic__nrfx.a(nrfx_gpiote.c.obj)
                0x000000000000cfc8                nrfx_gpiote_channel_alloc
 .text.nrfx_gpiote_trigger_enable
                0x000000000000cfd4       0x98 modules/hal_nordic/nrfx/libmodules__hal_nordic__nrfx.a(nrfx_gpiote.c.obj)
                0x000000000000cfd4                nrfx_gpiote_trigger_enable
 .text.nrfx_gpiote_0_irq_handler
                0x000000000000d06c      0x1b8 modules/hal_nordic/nrfx/libmodules__hal_nordic__nrfx.a(nrfx_gpiote.c.obj)
                0x000000000000d06c                nrfx_gpiote_0_irq_handler
 .text.nrfx_ipc_init
                0x000000000000d224       0x30 modules/hal_nordic/nrfx/libmodules__hal_nordic__nrfx.a(nrfx_ipc.c.obj)
                0x000000000000d224                nrfx_ipc_init
 .text.nrfx_ipc_config_load
                0x000000000000d254       0x40 modules/hal_nordic/nrfx/libmodules__hal_nordic__nrfx.a(nrfx_ipc.c.obj)
                0x000000000000d254                nrfx_ipc_config_load
 .text.nrfx_ipc_receive_event_enable
                0x000000000000d294       0x10 modules/hal_nordic/nrfx/libmodules__hal_nordic__nrfx.a(nrfx_ipc.c.obj)
                0x000000000000d294                nrfx_ipc_receive_event_enable
 .text.nrfx_ipc_receive_event_disable
                0x000000000000d2a4       0x10 modules/hal_nordic/nrfx/libmodules__hal_nordic__nrfx.a(nrfx_ipc.c.obj)
                0x000000000000d2a4                nrfx_ipc_receive_event_disable
 .text.nrfx_ipc_irq_handler
                0x000000000000d2b4       0x40 modules/hal_nordic/nrfx/libmodules__hal_nordic__nrfx.a(nrfx_ipc.c.obj)
                0x000000000000d2b4                nrfx_ipc_irq_handler
 .text.metal_generic_dev_open
                0x000000000000d2f4       0x40 modules/libmetal/libmetal/lib/libmetal.a(device.c.obj)
                0x000000000000d2f4                metal_generic_dev_open
 .text.metal_bus_unregister
                0x000000000000d334       0x3c modules/libmetal/libmetal/lib/libmetal.a(device.c.obj)
                0x000000000000d334                metal_bus_unregister
 .text.metal_bus_find
                0x000000000000d370       0x3c modules/libmetal/libmetal/lib/libmetal.a(device.c.obj)
                0x000000000000d370                metal_bus_find
 .text.metal_bus_register
                0x000000000000d3ac       0x5c modules/libmetal/libmetal/lib/libmetal.a(device.c.obj)
                0x000000000000d3ac                metal_bus_register
 .text.metal_register_generic_device
                0x000000000000d408       0x3c modules/libmetal/libmetal/lib/libmetal.a(device.c.obj)
                0x000000000000d408                metal_register_generic_device
 .text.metal_init
                0x000000000000d444       0x4c modules/libmetal/libmetal/lib/libmetal.a(init.c.obj)
                0x000000000000d444                metal_init
 .text.metal_finish
                0x000000000000d490       0x24 modules/libmetal/libmetal/lib/libmetal.a(init.c.obj)
                0x000000000000d490                metal_finish
 .text.metal_sys_init
                0x000000000000d4b4       0x10 modules/libmetal/libmetal/lib/libmetal.a(init.c.obj)
                0x000000000000d4b4                metal_sys_init
 .text.metal_sys_finish
                0x000000000000d4c4        0xc modules/libmetal/libmetal/lib/libmetal.a(init.c.obj)
                0x000000000000d4c4                metal_sys_finish
 .text.metal_zephyr_log_handler
                0x000000000000d4d0       0x3c modules/libmetal/libmetal/lib/libmetal.a(log.c.obj)
                0x000000000000d4d0                metal_zephyr_log_handler
 .text.virtio_create_virtqueues
                0x000000000000d50c       0xbc modules/open-amp/open-amp/lib/libopen_amp.a(virtio.c.obj)
                0x000000000000d50c                virtio_create_virtqueues
 .text.virtqueue_free
                0x000000000000d5c8       0x38 modules/open-amp/open-amp/lib/libopen_amp.a(virtqueue.c.obj)
                0x000000000000d5c8                virtqueue_free
 .text.virtqueue_add_consumed_buffer
                0x000000000000d600       0x38 modules/open-amp/open-amp/lib/libopen_amp.a(virtqueue.c.obj)
                0x000000000000d600                virtqueue_add_consumed_buffer
 .text.rpmsg_send_offchannel_raw
                0x000000000000d638       0x2c modules/open-amp/open-amp/lib/libopen_amp.a(rpmsg.c.obj)
                0x000000000000d638                rpmsg_send_offchannel_raw
 .text.rpmsg_send_offchannel_nocopy
                0x000000000000d664       0x2c modules/open-amp/open-amp/lib/libopen_amp.a(rpmsg.c.obj)
                0x000000000000d664                rpmsg_send_offchannel_nocopy
 .text.rpmsg_register_endpoint
                0x000000000000d690       0x40 modules/open-amp/open-amp/lib/libopen_amp.a(rpmsg.c.obj)
                0x000000000000d690                rpmsg_register_endpoint
 .text.rpmsg_create_ept
                0x000000000000d6d0      0x104 modules/open-amp/open-amp/lib/libopen_amp.a(rpmsg.c.obj)
                0x000000000000d6d0                rpmsg_create_ept
 .text.rpmsg_virtio_send_offchannel_raw
                0x000000000000d7d4       0x5c modules/open-amp/open-amp/lib/libopen_amp.a(rpmsg_virtio.c.obj)
 .text.rpmsg_virtio_get_buffer_size
                0x000000000000d830       0x4c modules/open-amp/open-amp/lib/libopen_amp.a(rpmsg_virtio.c.obj)
                0x000000000000d830                rpmsg_virtio_get_buffer_size
 .text.rpmsg_init_vdev_with_config
                0x000000000000d87c      0x258 modules/open-amp/open-amp/lib/libopen_amp.a(rpmsg_virtio.c.obj)
                0x000000000000d87c                rpmsg_init_vdev_with_config
 .text.rpmsg_init_vdev
                0x000000000000dad4       0x2c modules/open-amp/open-amp/lib/libopen_amp.a(rpmsg_virtio.c.obj)
                0x000000000000dad4                rpmsg_init_vdev
 .text.k_sys_fatal_error_handler
                0x000000000000db00       0x20 zephyr/kernel/libkernel.a(fatal.c.obj)
                0x000000000000db00                k_sys_fatal_error_handler
 .text.z_fatal_error
                0x000000000000db20       0xec zephyr/kernel/libkernel.a(fatal.c.obj)
                0x000000000000db20                z_fatal_error
 .text.z_sys_init_run_level
                0x000000000000dc0c       0x48 zephyr/kernel/libkernel.a(init.c.obj)
 .text.bg_thread_main
                0x000000000000dc54       0x34 zephyr/kernel/libkernel.a(init.c.obj)
 .text.z_bss_zero
                0x000000000000dc88       0x18 zephyr/kernel/libkernel.a(init.c.obj)
                0x000000000000dc88                z_bss_zero
 .text.z_init_cpu
                0x000000000000dca0       0x7c zephyr/kernel/libkernel.a(init.c.obj)
                0x000000000000dca0                z_init_cpu
 .text.z_cstart
                0x000000000000dd1c       0xe4 zephyr/kernel/libkernel.a(init.c.obj)
                0x000000000000dd1c                z_cstart
 .text.statics_init
                0x000000000000de00       0x24 zephyr/kernel/libkernel.a(kheap.c.obj)
 .text.init_mem_slab_obj_core_list
                0x000000000000de24       0x24 zephyr/kernel/libkernel.a(mem_slab.c.obj)
 .text.k_mem_slab_alloc
                0x000000000000de48       0x5c zephyr/kernel/libkernel.a(mem_slab.c.obj)
                0x000000000000de48                k_mem_slab_alloc
 .text.z_setup_new_thread
                0x000000000000dea4       0x7c zephyr/kernel/libkernel.a(thread.c.obj)
                0x000000000000dea4                z_setup_new_thread
 .text.z_impl_k_thread_create
                0x000000000000df20       0x58 zephyr/kernel/libkernel.a(thread.c.obj)
                0x000000000000df20                z_impl_k_thread_create
 .text.z_init_static_threads
                0x000000000000df78       0x98 zephyr/kernel/libkernel.a(thread.c.obj)
                0x000000000000df78                z_init_static_threads
 .text.sliceable
                0x000000000000e010       0x3c zephyr/kernel/libkernel.a(sched.c.obj)
 .text.slice_timeout
                0x000000000000e04c       0x20 zephyr/kernel/libkernel.a(sched.c.obj)
 .text.z_reset_time_slice
                0x000000000000e06c       0x50 zephyr/kernel/libkernel.a(sched.c.obj)
                0x000000000000e06c                z_reset_time_slice
 .text.update_cache
                0x000000000000e0bc       0x3c zephyr/kernel/libkernel.a(sched.c.obj)
 .text.move_thread_to_end_of_prio_q
                0x000000000000e0f8       0x74 zephyr/kernel/libkernel.a(sched.c.obj)
 .text.ready_thread
                0x000000000000e16c       0x68 zephyr/kernel/libkernel.a(sched.c.obj)
 .text.unready_thread
                0x000000000000e1d4       0x30 zephyr/kernel/libkernel.a(sched.c.obj)
 .text.pend_locked
                0x000000000000e204       0x30 zephyr/kernel/libkernel.a(sched.c.obj)
 .text.z_thread_halt
                0x000000000000e234       0xa0 zephyr/kernel/libkernel.a(sched.c.obj)
 .text.z_time_slice
                0x000000000000e2d4       0x60 zephyr/kernel/libkernel.a(sched.c.obj)
                0x000000000000e2d4                z_time_slice
 .text.z_pend_curr
                0x000000000000e334       0x3c zephyr/kernel/libkernel.a(sched.c.obj)
                0x000000000000e334                z_pend_curr
 .text.z_set_prio
                0x000000000000e370       0x8c zephyr/kernel/libkernel.a(sched.c.obj)
                0x000000000000e370                z_set_prio
 .text.z_reschedule
                0x000000000000e3fc       0x24 zephyr/kernel/libkernel.a(sched.c.obj)
                0x000000000000e3fc                z_reschedule
 .text.z_sched_start
                0x000000000000e420       0x3c zephyr/kernel/libkernel.a(sched.c.obj)
                0x000000000000e420                z_sched_start
 .text.z_reschedule_irqlock
                0x000000000000e45c       0x28 zephyr/kernel/libkernel.a(sched.c.obj)
                0x000000000000e45c                z_reschedule_irqlock
 .text.k_sched_lock
                0x000000000000e484       0x28 zephyr/kernel/libkernel.a(sched.c.obj)
                0x000000000000e484                k_sched_lock
 .text.k_sched_unlock
                0x000000000000e4ac       0x38 zephyr/kernel/libkernel.a(sched.c.obj)
                0x000000000000e4ac                k_sched_unlock
 .text.z_sched_init
                0x000000000000e4e4       0x10 zephyr/kernel/libkernel.a(sched.c.obj)
                0x000000000000e4e4                z_sched_init
 .text.z_impl_k_yield
                0x000000000000e4f4       0x7c zephyr/kernel/libkernel.a(sched.c.obj)
                0x000000000000e4f4                z_impl_k_yield
 .text.z_tick_sleep
                0x000000000000e570       0x88 zephyr/kernel/libkernel.a(sched.c.obj)
 .text.z_impl_k_sleep
                0x000000000000e5f8       0x3c zephyr/kernel/libkernel.a(sched.c.obj)
                0x000000000000e5f8                z_impl_k_sleep
 .text.z_impl_k_sched_current_thread_query
                0x000000000000e634        0xc zephyr/kernel/libkernel.a(sched.c.obj)
                0x000000000000e634                z_impl_k_sched_current_thread_query
 .text.z_sched_wait
                0x000000000000e640       0x24 zephyr/kernel/libkernel.a(sched.c.obj)
                0x000000000000e640                z_sched_wait
 .text.z_impl_k_mutex_unlock
                0x000000000000e664       0x78 zephyr/kernel/libkernel.a(mutex.c.obj)
                0x000000000000e664                z_impl_k_mutex_unlock
 .text.z_impl_k_mutex_lock
                0x000000000000e6dc       0xf4 zephyr/kernel/libkernel.a(mutex.c.obj)
                0x000000000000e6dc                z_impl_k_mutex_lock
 .text.z_impl_k_queue_get
                0x000000000000e7d0       0x68 zephyr/kernel/libkernel.a(queue.c.obj)
                0x000000000000e7d0                z_impl_k_queue_get
 .text.z_impl_k_sem_give
                0x000000000000e838       0x4c zephyr/kernel/libkernel.a(sem.c.obj)
                0x000000000000e838                z_impl_k_sem_give
 .text.z_impl_k_sem_take
                0x000000000000e884       0x50 zephyr/kernel/libkernel.a(sem.c.obj)
                0x000000000000e884                z_impl_k_sem_take
 .text.k_sys_work_q_init
                0x000000000000e8d4       0x34 zephyr/kernel/libkernel.a(system_work_q.c.obj)
 .text.work_queue_main
                0x000000000000e908      0x14c zephyr/kernel/libkernel.a(work.c.obj)
 .text.cancel_sync_locked
                0x000000000000ea54       0x3c zephyr/kernel/libkernel.a(work.c.obj)
 .text.submit_to_queue_locked
                0x000000000000ea90       0xb4 zephyr/kernel/libkernel.a(work.c.obj)
 .text.work_flush_locked
                0x000000000000eb44       0x8c zephyr/kernel/libkernel.a(work.c.obj)
 .text.k_work_submit
                0x000000000000ebd0        0xc zephyr/kernel/libkernel.a(work.c.obj)
                0x000000000000ebd0                k_work_submit
 .text.k_work_queue_start
                0x000000000000ebdc       0x70 zephyr/kernel/libkernel.a(work.c.obj)
                0x000000000000ebdc                k_work_queue_start
 .text.k_work_queue_drain
                0x000000000000ec4c       0x7c zephyr/kernel/libkernel.a(work.c.obj)
                0x000000000000ec4c                k_work_queue_drain
 .text.k_work_schedule_for_queue
                0x000000000000ecc8       0x54 zephyr/kernel/libkernel.a(work.c.obj)
                0x000000000000ecc8                k_work_schedule_for_queue
 .text.k_work_schedule
                0x000000000000ed1c        0xc zephyr/kernel/libkernel.a(work.c.obj)
                0x000000000000ed1c                k_work_schedule
 .text.k_work_reschedule_for_queue
                0x000000000000ed28       0x5c zephyr/kernel/libkernel.a(work.c.obj)
                0x000000000000ed28                k_work_reschedule_for_queue
 .text.k_work_reschedule
                0x000000000000ed84        0xc zephyr/kernel/libkernel.a(work.c.obj)
                0x000000000000ed84                k_work_reschedule
 .text.z_data_copy
                0x000000000000ed90       0x34 zephyr/kernel/libkernel.a(xip.c.obj)
                0x000000000000ed90                z_data_copy
 .text.elapsed  0x000000000000edc4       0x14 zephyr/kernel/libkernel.a(timeout.c.obj)
 .text.next_timeout
                0x000000000000edd8       0x40 zephyr/kernel/libkernel.a(timeout.c.obj)
 .text.remove_timeout
                0x000000000000ee18       0x38 zephyr/kernel/libkernel.a(timeout.c.obj)
 .text.z_add_timeout
                0x000000000000ee50       0xec zephyr/kernel/libkernel.a(timeout.c.obj)
                0x000000000000ee50                z_add_timeout
 .text.sys_clock_announce
                0x000000000000ef3c       0xd4 zephyr/kernel/libkernel.a(timeout.c.obj)
                0x000000000000ef3c                sys_clock_announce
 .text.sys_clock_tick_get
                0x000000000000f010       0x34 zephyr/kernel/libkernel.a(timeout.c.obj)
                0x000000000000f010                sys_clock_tick_get
 .text.z_timer_expiration_handler
                0x000000000000f044       0xe4 zephyr/kernel/libkernel.a(timer.c.obj)
                0x000000000000f044                z_timer_expiration_handler
 .text.z_impl_k_timer_start
                0x000000000000f128       0x74 zephyr/kernel/libkernel.a(timer.c.obj)
                0x000000000000f128                z_impl_k_timer_start
 .text.z_impl_k_poll
                0x000000000000f19c       0xb8 zephyr/kernel/libkernel.a(poll.c.obj)
                0x000000000000f19c                z_impl_k_poll
 .text.z_impl_k_poll_signal_raise
                0x000000000000f254       0x50 zephyr/kernel/libkernel.a(poll.c.obj)
                0x000000000000f254                z_impl_k_poll_signal_raise
 .text.k_aligned_alloc
                0x000000000000f2a4       0x10 zephyr/kernel/libkernel.a(mempool.c.obj)