Archive member included to satisfy reference by file (symbol)

app/libapp.a(hts.c.obj)       (--whole-archive)
app/libapp.a(main.c.obj)      (--whole-archive)
zephyr/libzephyr.a(heap.c.obj)
                              (--whole-archive)
zephyr/libzephyr.a(cbprintf_packaged.c.obj)
                              (--whole-archive)
zephyr/libzephyr.a(printk.c.obj)
                              (--whole-archive)
zephyr/libzephyr.a(sem.c.obj)
                              (--whole-archive)
zephyr/libzephyr.a(thread_entry.c.obj)
                              (--whole-archive)
zephyr/libzephyr.a(cbprintf_complete.c.obj)
                              (--whole-archive)
zephyr/libzephyr.a(assert.c.obj)
                              (--whole-archive)
zephyr/libzephyr.a(mpsc_pbuf.c.obj)
                              (--whole-archive)
zephyr/libzephyr.a(dec.c.obj)
                              (--whole-archive)
zephyr/libzephyr.a(hex.c.obj)
                              (--whole-archive)
zephyr/libzephyr.a(rb.c.obj)  (--whole-archive)
zephyr/libzephyr.a(timeutil.c.obj)
                              (--whole-archive)
zephyr/libzephyr.a(bitarray.c.obj)
                              (--whole-archive)
zephyr/libzephyr.a(onoff.c.obj)
                              (--whole-archive)
zephyr/libzephyr.a(notify.c.obj)
                              (--whole-archive)
zephyr/libzephyr.a(configs.c.obj)
                              (--whole-archive)
zephyr/libzephyr.a(ipc_service.c.obj)
                              (--whole-archive)
zephyr/libzephyr.a(ipc_rpmsg_static_vrings.c.obj)
                              (--whole-archive)
zephyr/libzephyr.a(ipc_rpmsg.c.obj)
                              (--whole-archive)
zephyr/libzephyr.a(ipc_static_vrings.c.obj)
                              (--whole-archive)
zephyr/libzephyr.a(log_core.c.obj)
                              (--whole-archive)
zephyr/libzephyr.a(log_mgmt.c.obj)
                              (--whole-archive)
zephyr/libzephyr.a(log_cache.c.obj)
                              (--whole-archive)
zephyr/libzephyr.a(log_msg.c.obj)
                              (--whole-archive)
zephyr/libzephyr.a(log_output.c.obj)
                              (--whole-archive)
zephyr/libzephyr.a(log_backend_uart.c.obj)
                              (--whole-archive)
zephyr/libzephyr.a(mem_attr.c.obj)
                              (--whole-archive)
zephyr/libzephyr.a(tracing_none.c.obj)
                              (--whole-archive)
zephyr/libzephyr.a(dis.c.obj)
                              (--whole-archive)
zephyr/libzephyr.a(addr_utils.c.obj)
                              (--whole-archive)
zephyr/libzephyr.a(utils.c.obj)
                              (--whole-archive)
zephyr/libzephyr.a(aes_decrypt.c.obj)
                              (--whole-archive)
zephyr/libzephyr.a(aes_encrypt.c.obj)
                              (--whole-archive)
zephyr/libzephyr.a(cmac_mode.c.obj)
                              (--whole-archive)
zephyr/libzephyr.a(sha256.c.obj)
                              (--whole-archive)
zephyr/libzephyr.a(hmac.c.obj)
                              (--whole-archive)
zephyr/libzephyr.a(hmac_prng.c.obj)
                              (--whole-archive)
zephyr/arch/common/libarch__common.a(sw_isr_common.c.obj)
                              (--whole-archive)
zephyr/arch/arch/arm/core/libarch__arm__core.a(fatal.c.obj)
                              (--whole-archive)
zephyr/arch/arch/arm/core/libarch__arm__core.a(nmi.c.obj)
                              (--whole-archive)
zephyr/arch/arch/arm/core/libarch__arm__core.a(nmi_on_reset.S.obj)
                              (--whole-archive)
zephyr/arch/arch/arm/core/libarch__arm__core.a(tls.c.obj)
                              (--whole-archive)
zephyr/arch/arch/arm/core/cortex_m/libarch__arm__core__cortex_m.a(exc_exit.S.obj)
                              (--whole-archive)
zephyr/arch/arch/arm/core/cortex_m/libarch__arm__core__cortex_m.a(fault.c.obj)
                              (--whole-archive)
zephyr/arch/arch/arm/core/cortex_m/libarch__arm__core__cortex_m.a(fault_s.S.obj)
                              (--whole-archive)
zephyr/arch/arch/arm/core/cortex_m/libarch__arm__core__cortex_m.a(fpu.c.obj)
                              (--whole-archive)
zephyr/arch/arch/arm/core/cortex_m/libarch__arm__core__cortex_m.a(reset.S.obj)
                              (--whole-archive)
zephyr/arch/arch/arm/core/cortex_m/libarch__arm__core__cortex_m.a(scb.c.obj)
                              (--whole-archive)
zephyr/arch/arch/arm/core/cortex_m/libarch__arm__core__cortex_m.a(thread_abort.c.obj)
                              (--whole-archive)
zephyr/arch/arch/arm/core/cortex_m/libarch__arm__core__cortex_m.a(vector_table.S.obj)
                              (--whole-archive)
zephyr/arch/arch/arm/core/cortex_m/libarch__arm__core__cortex_m.a(swap.c.obj)
                              (--whole-archive)
[...]
Memory Configuration

Name             Origin             Length             Attributes
FLASH            0x0000000000000000 0x0000000000100000 xr
RAM              0x0000000020000000 0x0000000000070000 xw
IDT_LIST         0x00000000ffff7fff 0x0000000000008000 xw
*default*        0x0000000000000000 0xffffffffffffffff

Linker script and memory map

                0x000000000000fc28                vfprintf = __d_vfprintf
                0x0000000000000000                vfscanf = __d_vfscanf
LOAD zephyr/CMakeFiles/zephyr_final.dir/misc/empty_file.c.obj
LOAD zephyr/CMakeFiles/zephyr_final.dir/isr_tables.c.obj
LOAD zephyr/CMakeFiles/offsets.dir/./arch/arm/core/offsets/offsets.c.obj
LOAD app/libapp.a
LOAD zephyr/libzephyr.a
LOAD zephyr/arch/common/libarch__common.a
LOAD zephyr/arch/arch/arm/core/libarch__arm__core.a
LOAD zephyr/arch/arch/arm/core/cortex_m/libarch__arm__core__cortex_m.a
LOAD zephyr/arch/arch/arm/core/cortex_m/cmse/libarch__arm__core__cortex_m__cmse.a
LOAD zephyr/arch/arch/arm/core/mpu/libarch__arm__core__mpu.a
LOAD zephyr/lib/libc/picolibc/liblib__libc__picolibc.a
LOAD zephyr/lib/libc/common/liblib__libc__common.a
LOAD zephyr/soc/soc/arm/nordic_nrf/libsoc__arm__nordic_nrf.a
LOAD zephyr/boards/boards/arm/nrf5340dk_nrf5340_cpuapp/libboards__arm__nrf5340dk_nrf5340.a
LOAD zephyr/subsys/bluetooth/common/libsubsys__bluetooth__common.a
LOAD zephyr/subsys/bluetooth/host/libsubsys__bluetooth__host.a
LOAD zephyr/subsys/bluetooth/crypto/libsubsys__bluetooth__crypto.a
LOAD zephyr/subsys/net/libsubsys__net.a
LOAD zephyr/drivers/bluetooth/libdrivers__bluetooth.a
LOAD zephyr/drivers/clock_control/libdrivers__clock_control.a
LOAD zephyr/drivers/console/libdrivers__console.a
LOAD zephyr/drivers/gpio/libdrivers__gpio.a
LOAD zephyr/drivers/mbox/libdrivers__mbox.a
LOAD zephyr/drivers/pinctrl/libdrivers__pinctrl.a
LOAD zephyr/drivers/serial/libdrivers__serial.a
LOAD zephyr/drivers/timer/libdrivers__timer.a
LOAD modules/pfe/lib/led_lib/lib..__pfe__lib__led_lib.a
LOAD modules/pfe/lib/button_lib/lib..__pfe__lib__button_lib.a
LOAD modules/hal_nordic/nrfx/libmodules__hal_nordic__nrfx.a
LOAD modules/libmetal/libmetal/lib/libmetal.a
LOAD modules/open-amp/open-amp/lib/libopen_amp.a
LOAD zephyr/kernel/libkernel.a
LOAD /home/jordan/zephyr-sdk-0.16.4/arm-zephyr-eabi/bin/../lib/gcc/arm-zephyr-eabi/12.2.0/thumb/v8-m.main/nofp/libgcc.a
LOAD zephyr/arch/common/libisr_tables.a
LOAD /home/jordan/zephyr-sdk-0.16.4/arm-zephyr-eabi/bin/../lib/gcc/../../picolibc/arm-zephyr-eabi/lib/thumb/v8-m.main/nofp/libc.a
LOAD /home/jordan/zephyr-sdk-0.16.4/arm-zephyr-eabi/bin/../lib/gcc/arm-zephyr-eabi/12.2.0/thumb/v8-m.main/nofp/libgcc.a
                0x0000000000000020                _region_min_align = 0x20

.rel.plt        0x0000000000000000        0x0
 *(SORT_BY_ALIGNMENT(.rel.plt))
                [!provide]                        PROVIDE (__rel_iplt_start = .)
 *(SORT_BY_ALIGNMENT(.rel.iplt))
 .rel.iplt      0x0000000000000000        0x0 zephyr/CMakeFiles/zephyr_final.dir/isr_tables.c.obj
                [!provide]                        PROVIDE (__rel_iplt_end = .)

.rela.plt       0x0000000000000000        0x0
 *(SORT_BY_ALIGNMENT(.rela.plt))
                [!provide]                        PROVIDE (__rela_iplt_start = .)
 *(SORT_BY_ALIGNMENT(.rela.iplt))
                [!provide]                        PROVIDE (__rela_iplt_end = .)

.rel.dyn
 *(SORT_BY_ALIGNMENT(.rel.*))

.rela.dyn
 *(SORT_BY_ALIGNMENT(.rela.*))

/DISCARD/
 *(SORT_BY_ALIGNMENT(.plt))

/DISCARD/
 *(SORT_BY_ALIGNMENT(.iplt))
                0x0000000000000000                __rom_region_start = 0x0

rom_start       0x0000000000000000      0x154
                0x0000000000000000                __rom_start_address = .
 FILL mask 0x00
                0x0000000000000000                . = (. + (0x0 - (. - __rom_start_address)))
                0x0000000000000000                . = ALIGN (0x4)
                0x0000000000000000                . = ALIGN (0x80)
                0x0000000000000000                . = ALIGN (0x200)
                0x0000000000000000                _vector_start = .
 *(SORT_BY_ALIGNMENT(.exc_vector_table))
 *(SORT_BY_ALIGNMENT(.exc_vector_table.*))
 .exc_vector_table._vector_table_section
                0x0000000000000000       0x40 zephyr/arch/arch/arm/core/cortex_m/libarch__arm__core__cortex_m.a(vector_table.S.obj)
                0x0000000000000000                _vector_table
 *(SORT_BY_ALIGNMENT(.vectors))
                0x0000000000000154                _vector_end = .
                0x0000000000000040                . = ALIGN (0x4)
 *(SORT_BY_ALIGNMENT(.gnu.linkonce.irq_vector_table*))
 .gnu.linkonce.irq_vector_table
                0x0000000000000040      0x114 zephyr/CMakeFiles/zephyr_final.dir/isr_tables.c.obj
                0x0000000000000040                _irq_vector_table
                0x0000000000000154                _vector_end = .

text            0x0000000000000158    0x1705c
                0x0000000000000158                __text_region_start = .
 *(SORT_BY_ALIGNMENT(.text))
 .text          0x0000000000000158       0x30 /home/jordan/zephyr-sdk-0.16.4/arm-zephyr-eabi/bin/../lib/gcc/arm-zephyr-eabi/12.2.0/thumb/v8-m.main/nofp/libgcc.a(_aeabi_uldivmod.o)
                0x0000000000000158                __aeabi_uldivmod
 .text          0x0000000000000188        0x4 /home/jordan/zephyr-sdk-0.16.4/arm-zephyr-eabi/bin/../lib/gcc/arm-zephyr-eabi/12.2.0/thumb/v8-m.main/nofp/libgcc.a(_dvmd_tls.o)
                0x0000000000000188                __aeabi_ldiv0
                0x0000000000000188                __aeabi_idiv0
 .text          0x000000000000018c      0x29c /home/jordan/zephyr-sdk-0.16.4/arm-zephyr-eabi/bin/../lib/gcc/arm-zephyr-eabi/12.2.0/thumb/v8-m.main/nofp/libgcc.a(_udivmoddi4.o)
                0x000000000000018c                __udivmoddi4
 .text          0x0000000000000428       0x14 /home/jordan/zephyr-sdk-0.16.4/arm-zephyr-eabi/bin/../lib/gcc/../../picolibc/arm-zephyr-eabi/lib/thumb/v8-m.main/nofp/libc.a(strcmp.S.o)
                0x0000000000000428                strcmp
 .text          0x000000000000043c       0x10 /home/jordan/zephyr-sdk-0.16.4/arm-zephyr-eabi/bin/../lib/gcc/../../picolibc/arm-zephyr-eabi/lib/thumb/v8-m.main/nofp/libc.a(strcpy.S.o)
                0x000000000000043c                strcpy
 .text          0x000000000000044c       0x10 /home/jordan/zephyr-sdk-0.16.4/arm-zephyr-eabi/bin/../lib/gcc/../../picolibc/arm-zephyr-eabi/lib/thumb/v8-m.main/nofp/libc.a(strlen.S.o)
                0x000000000000044c                strlen
 *(SORT_BY_ALIGNMENT(.text.*))
 *fill*         0x000000000000045c        0x4 
 .text.bt_init  0x0000000000000460      0x5a8 zephyr/subsys/bluetooth/host/libsubsys__bluetooth__host.a(hci_core.c.obj)
 .text.read_fonction_callback
                0x0000000000000a08       0x54 app/libapp.a(hts.c.obj)
                0x0000000000000a08                read_fonction_callback
 .text.write_fonction_callback
                0x0000000000000a5c       0x48 app/libapp.a(hts.c.obj)
                0x0000000000000a5c                write_fonction_callback
 .text.indicate_destroy
                0x0000000000000aa4       0x18 app/libapp.a(hts.c.obj)
 .text.indicate_cb
                0x0000000000000abc       0x1c app/libapp.a(hts.c.obj)
 .text.ccc_cfg_changed
                0x0000000000000ad8       0x20 app/libapp.a(hts.c.obj)
 .text.valeur_indicate
                0x0000000000000af8       0x70 app/libapp.a(hts.c.obj)
                0x0000000000000af8                valeur_indicate
 .text.disconnected
                0x0000000000000b68        0xc app/libapp.a(main.c.obj)
 .text.connected
                0x0000000000000b74       0x28 app/libapp.a(main.c.obj)
 .text.button_pressed1
                0x0000000000000b9c       0x24 app/libapp.a(main.c.obj)
                0x0000000000000b9c                button_pressed1
 .text.auth_cancel
                0x0000000000000bc0       0x84 app/libapp.a(main.c.obj)
 .text.main     0x0000000000000c44       0xe4 app/libapp.a(main.c.obj)
                0x0000000000000c44                main
 .text.cbvprintf_package
                0x0000000000000d28      0x3a4 zephyr/libzephyr.a(cbprintf_packaged.c.obj)
                0x0000000000000d28                cbvprintf_package
 .text.cbprintf_package_convert
                0x00000000000010cc      0x3c0 zephyr/libzephyr.a(cbprintf_packaged.c.obj)
                0x00000000000010cc                cbprintf_package_convert
 .text.__printk_hook_install
                0x000000000000148c        0xc zephyr/libzephyr.a(printk.c.obj)
                0x000000000000148c                __printk_hook_install
 .text.z_thread_entry
                0x0000000000001498       0x34 zephyr/libzephyr.a(thread_entry.c.obj)
                0x0000000000001498                z_thread_entry
 .text.process_event
                0x00000000000014cc      0x21c zephyr/libzephyr.a(onoff.c.obj)
 .text.ipc_service_open_instance
                0x00000000000016e8       0x40 zephyr/libzephyr.a(ipc_service.c.obj)
                0x00000000000016e8                ipc_service_open_instance
 .text.ipc_service_close_instance
                0x0000000000001728       0x40 zephyr/libzephyr.a(ipc_service.c.obj)
                0x0000000000001728                ipc_service_close_instance
 .text.ipc_service_register_endpoint
                0x0000000000001768       0x44 zephyr/libzephyr.a(ipc_service.c.obj)
                0x0000000000001768                ipc_service_register_endpoint
 .text.ipc_service_deregister_endpoint
                0x00000000000017ac       0x58 zephyr/libzephyr.a(ipc_service.c.obj)
                0x00000000000017ac                ipc_service_deregister_endpoint
 .text.ipc_service_send
                0x0000000000001804       0x5c zephyr/libzephyr.a(ipc_service.c.obj)
                0x0000000000001804                ipc_service_send
 .text.shared_memory_prepare
                0x0000000000001860       0x14 zephyr/libzephyr.a(ipc_rpmsg_static_vrings.c.obj)
 .text.advertise_ept
                0x0000000000001874       0x44 zephyr/libzephyr.a(ipc_rpmsg_static_vrings.c.obj)
 .text.get_ept  0x00000000000018b8       0x28 zephyr/libzephyr.a(ipc_rpmsg_static_vrings.c.obj)
 .text.open     0x00000000000018e0      0x1b8 zephyr/libzephyr.a(ipc_rpmsg_static_vrings.c.obj)
 .text.bound_cb
                0x0000000000001a98       0x30 zephyr/libzephyr.a(ipc_rpmsg_static_vrings.c.obj)
 .text.send     0x0000000000001ac8       0x4c zephyr/libzephyr.a(ipc_rpmsg_static_vrings.c.obj)
 .text.register_ept
                0x0000000000001b14       0xe0 zephyr/libzephyr.a(ipc_rpmsg_static_vrings.c.obj)
 .text.deregister_ept
                0x0000000000001bf4       0x44 zephyr/libzephyr.a(ipc_rpmsg_static_vrings.c.obj)
 .text.ns_bind_cb
                0x0000000000001c38       0x6c zephyr/libzephyr.a(ipc_rpmsg.c.obj)
 .text.ipc_rpmsg_register_ept
                0x0000000000001ca4       0x3c zephyr/libzephyr.a(ipc_rpmsg.c.obj)
                0x0000000000001ca4                ipc_rpmsg_register_ept
 .text.ipc_rpmsg_init
                0x0000000000001ce0       0x70 zephyr/libzephyr.a(ipc_rpmsg.c.obj)
                0x0000000000001ce0                ipc_rpmsg_init
 .text.ipc_static_vrings_init
                0x0000000000001d50      0x108 zephyr/libzephyr.a(ipc_static_vrings.c.obj)
                0x0000000000001d50                ipc_static_vrings_init
 .text.activate_foreach_backend
                0x0000000000001e58       0x64 zephyr/libzephyr.a(log_core.c.obj)
 .text.enable_logger
                0x0000000000001ebc       0x5c zephyr/libzephyr.a(log_core.c.obj)
 .text.log_process_thread_timer_expiry_fn
                0x0000000000001f18        0xc zephyr/libzephyr.a(log_core.c.obj)
 .text.z_log_init
                0x0000000000001f24       0x90 zephyr/libzephyr.a(log_core.c.obj)
 .text.log_format_func_t_get
                0x0000000000001fb4        0xc zephyr/libzephyr.a(log_core.c.obj)
                0x0000000000001fb4                log_format_func_t_get
 .text.log_set_timestamp_func
                0x0000000000001fc0       0x20 zephyr/libzephyr.a(log_core.c.obj)
                0x0000000000001fc0                log_set_timestamp_func
 .text.z_log_notify_backend_enabled
                0x0000000000001fe0       0x1c zephyr/libzephyr.a(log_core.c.obj)
                0x0000000000001fe0                z_log_notify_backend_enabled
 .text.z_log_dropped
                0x0000000000001ffc       0x28 zephyr/libzephyr.a(log_core.c.obj)
                0x0000000000001ffc                z_log_dropped
 .text.z_log_dropped_read_and_clear
                0x0000000000002024       0x18 zephyr/libzephyr.a(log_core.c.obj)
                0x0000000000002024                z_log_dropped_read_and_clear
 .text.dropped_notify
                0x000000000000203c       0x30 zephyr/libzephyr.a(log_core.c.obj)
                0x000000000000203c                dropped_notify
 .text.z_log_msg_init
                0x000000000000206c       0x20 zephyr/libzephyr.a(log_core.c.obj)
                0x000000000000206c                z_log_msg_init
 .text.log_core_init
                0x000000000000208c       0x34 zephyr/libzephyr.a(log_core.c.obj)
                0x000000000000208c                log_core_init
 .text.z_log_msg_alloc
                0x00000000000020c0       0x10 zephyr/libzephyr.a(log_core.c.obj)
                0x00000000000020c0                z_log_msg_alloc
 .text.z_log_msg_local_claim
                0x00000000000020d0        0xc zephyr/libzephyr.a(log_core.c.obj)
                0x00000000000020d0                z_log_msg_local_claim
 .text.z_log_msg_free
                0x00000000000020dc       0x10 zephyr/libzephyr.a(log_core.c.obj)
                0x00000000000020dc                z_log_msg_free
 .text.z_log_msg_pending
                0x00000000000020ec        0xc zephyr/libzephyr.a(log_core.c.obj)
                0x00000000000020ec                z_log_msg_pending
 .text.z_impl_log_process
                0x00000000000020f8       0xb4 zephyr/libzephyr.a(log_core.c.obj)
                0x00000000000020f8                z_impl_log_process
 .text.z_impl_log_panic
                0x00000000000021ac       0x44 zephyr/libzephyr.a(log_core.c.obj)
                0x00000000000021ac                z_impl_log_panic
 .text.log_process_thread_func
                0x00000000000021f0       0xa4 zephyr/libzephyr.a(log_core.c.obj)
 .text.z_log_msg_post_finalize
                0x0000000000002294       0x78 zephyr/libzephyr.a(log_core.c.obj)
 .text.z_log_msg_commit
                0x000000000000230c       0x24 zephyr/libzephyr.a(log_core.c.obj)
                0x000000000000230c                z_log_msg_commit
 .text.log_source_name_get
                0x0000000000002330       0x1c zephyr/libzephyr.a(log_mgmt.c.obj)
                0x0000000000002330                log_source_name_get
 .text.log_backend_enable
                0x000000000000234c       0x28 zephyr/libzephyr.a(log_mgmt.c.obj)
                0x000000000000234c                log_backend_enable
 .text.z_impl_z_log_msg_static_create
                0x0000000000002374      0x108 zephyr/libzephyr.a(log_msg.c.obj)
                0x0000000000002374                z_impl_z_log_msg_static_create
 .text.z_log_msg_runtime_vcreate
                0x000000000000247c       0x8c zephyr/libzephyr.a(log_msg.c.obj)
                0x000000000000247c                z_log_msg_runtime_vcreate
 .text.print_formatted
                0x0000000000002508       0x24 zephyr/libzephyr.a(log_output.c.obj)
 .text.newline_print
                0x000000000000252c       0x1c zephyr/libzephyr.a(log_output.c.obj)
 .text.log_output_process
                0x0000000000002548      0x2dc zephyr/libzephyr.a(log_output.c.obj)
                0x0000000000002548                log_output_process
 .text.log_output_msg_process
                0x0000000000002824       0x70 zephyr/libzephyr.a(log_output.c.obj)
                0x0000000000002824                log_output_msg_process
 .text.log_output_dropped_process
                0x0000000000002894       0x58 zephyr/libzephyr.a(log_output.c.obj)
                0x0000000000002894                log_output_dropped_process
 .text.log_output_timestamp_freq_set
                0x00000000000028ec       0x2c zephyr/libzephyr.a(log_output.c.obj)
                0x00000000000028ec                log_output_timestamp_freq_set
 .text.char_out
                0x0000000000002918       0x24 zephyr/libzephyr.a(log_backend_uart.c.obj)
 .text.mem_attr_get_regions
                0x000000000000293c        0xc zephyr/libzephyr.a(mem_attr.c.obj)
                0x000000000000293c                mem_attr_get_regions
 .text.sub_bytes
                0x0000000000002948       0x18 zephyr/libzephyr.a(aes_encrypt.c.obj)
 .text.tc_aes128_set_encrypt_key
                0x0000000000002960       0xa8 zephyr/libzephyr.a(aes_encrypt.c.obj)
                0x0000000000002960                tc_aes128_set_encrypt_key
 .text.compress
                0x0000000000002a08      0x1d4 zephyr/libzephyr.a(sha256.c.obj)
 .text.tc_sha256_init
                0x0000000000002bdc       0x58 zephyr/libzephyr.a(sha256.c.obj)
                0x0000000000002bdc                tc_sha256_init
 .text.z_arm_fatal_error
                0x0000000000002c34       0xa0 zephyr/arch/arch/arm/core/libarch__arm__core.a(fatal.c.obj)
                0x0000000000002c34                z_arm_fatal_error
 .text.z_SysNmiOnReset
                0x0000000000002cd4        0x8 zephyr/arch/arch/arm/core/libarch__arm__core.a(nmi_on_reset.S.obj)
                0x0000000000002cd4                z_SysNmiOnReset
 .text.arch_tls_stack_setup
                0x0000000000002cdc       0x5c zephyr/arch/arch/arm/core/libarch__arm__core.a(tls.c.obj)
                0x0000000000002cdc                arch_tls_stack_setup
 .text._HandlerModeExit
                0x0000000000002d38       0x1c zephyr/arch/arch/arm/core/cortex_m/libarch__arm__core__cortex_m.a(exc_exit.S.obj)
                0x0000000000002d38                z_arm_exc_exit
                0x0000000000002d38                z_arm_int_exit
 .text.mem_manage_fault.constprop.0
                0x0000000000002d54       0xd0 zephyr/arch/arch/arm/core/cortex_m/libarch__arm__core__cortex_m.a(fault.c.obj)
 .text.usage_fault.constprop.0
                0x0000000000002e24       0xbc zephyr/arch/arch/arm/core/cortex_m/libarch__arm__core__cortex_m.a(fault.c.obj)
 .text.bus_fault.constprop.0
                0x0000000000002ee0       0xd0 zephyr/arch/arch/arm/core/cortex_m/libarch__arm__core__cortex_m.a(fault.c.obj)
 .text.z_arm_fault
                0x0000000000002fb0      0x1d0 zephyr/arch/arch/arm/core/cortex_m/libarch__arm__core__cortex_m.a(fault.c.obj)
                0x0000000000002fb0                z_arm_fault
 .text.z_arm_fault_init
                0x0000000000003180       0x18 zephyr/arch/arch/arm/core/cortex_m/libarch__arm__core__cortex_m.a(fault.c.obj)
                0x0000000000003180                z_arm_fault_init
 .text.__fault  0x0000000000003198       0x14 zephyr/arch/arch/arm/core/cortex_m/libarch__arm__core__cortex_m.a(fault_s.S.obj)
                0x0000000000003198                z_arm_bus_fault
                0x0000000000003198                z_arm_usage_fault
                0x0000000000003198                z_arm_mpu_fault
                0x0000000000003198                z_arm_exc_spurious
                0x0000000000003198                z_arm_debug_monitor
                0x0000000000003198                z_arm_hard_fault
 .text._reset_section
                0x00000000000031ac       0x30 zephyr/arch/arch/arm/core/cortex_m/libarch__arm__core__cortex_m.a(reset.S.obj)
                0x00000000000031ac                z_arm_reset
                0x00000000000031ac                __start
 .text.z_impl_k_thread_abort
                0x00000000000031dc       0x2c zephyr/arch/arch/arm/core/cortex_m/libarch__arm__core__cortex_m.a(thread_abort.c.obj)
                0x00000000000031dc                z_impl_k_thread_abort
 .text.arch_swap
                0x0000000000003208       0x30 zephyr/arch/arch/arm/core/cortex_m/libarch__arm__core__cortex_m.a(swap.c.obj)
                0x0000000000003208                arch_swap
 .text.z_arm_pendsv
                0x0000000000003238       0x68 zephyr/arch/arch/arm/core/cortex_m/libarch__arm__core__cortex_m.a(swap_helper.S.obj)
                0x0000000000003238                z_arm_pendsv
 .text.z_arm_svc
                0x00000000000032a0       0x20 zephyr/arch/arch/arm/core/cortex_m/libarch__arm__core__cortex_m.a(swap_helper.S.obj)
                0x00000000000032a0                z_arm_svc
 .text.arch_irq_enable
                0x00000000000032c0       0x1c zephyr/arch/arch/arm/core/cortex_m/libarch__arm__core__cortex_m.a(irq_manage.c.obj)
                0x00000000000032c0                arch_irq_enable
 .text.arch_irq_disable
                0x00000000000032dc       0x28 zephyr/arch/arch/arm/core/cortex_m/libarch__arm__core__cortex_m.a(irq_manage.c.obj)
                0x00000000000032dc                arch_irq_disable
 .text.arch_irq_is_enabled
                0x0000000000003304       0x1c zephyr/arch/arch/arm/core/cortex_m/libarch__arm__core__cortex_m.a(irq_manage.c.obj)
                0x0000000000003304                arch_irq_is_enabled
 .text.z_arm_irq_priority_set
                0x0000000000003320       0x2c zephyr/arch/arch/arm/core/cortex_m/libarch__arm__core__cortex_m.a(irq_manage.c.obj)
                0x0000000000003320                z_arm_irq_priority_set
 .text.z_prep_c
                0x000000000000334c       0x48 zephyr/arch/arch/arm/core/cortex_m/libarch__arm__core__cortex_m.a(prep_c.c.obj)
                0x000000000000334c                z_prep_c
 .text.arch_new_thread
                0x0000000000003394       0x38 zephyr/arch/arch/arm/core/cortex_m/libarch__arm__core__cortex_m.a(thread.c.obj)
                0x0000000000003394                arch_new_thread
 .text.arch_switch_to_main_thread
                0x00000000000033cc       0x34 zephyr/arch/arch/arm/core/cortex_m/libarch__arm__core__cortex_m.a(thread.c.obj)
                0x00000000000033cc                arch_switch_to_main_thread
 .text.z_arm_cpu_idle_init
                0x0000000000003400        0xc zephyr/arch/arch/arm/core/cortex_m/libarch__arm__core__cortex_m.a(cpu_idle.S.obj)
                0x0000000000003400                z_arm_cpu_idle_init
 .text.arch_cpu_idle
                0x000000000000340c       0x38 zephyr/arch/arch/arm/core/cortex_m/libarch__arm__core__cortex_m.a(cpu_idle.S.obj)
                0x000000000000340c                arch_cpu_idle
 .text.arch_cpu_atomic_idle
                0x0000000000003444       0x34 zephyr/arch/arch/arm/core/cortex_m/libarch__arm__core__cortex_m.a(cpu_idle.S.obj)
                0x0000000000003444                arch_cpu_atomic_idle
 .text.z_arm_interrupt_init
                0x0000000000003478       0x18 zephyr/arch/arch/arm/core/cortex_m/libarch__arm__core__cortex_m.a(irq_init.c.obj)
                0x0000000000003478                z_arm_interrupt_init
 .text._isr_wrapper
                0x0000000000003490       0x28 zephyr/arch/arch/arm/core/cortex_m/libarch__arm__core__cortex_m.a(isr_wrapper.S.obj)
                0x0000000000003490                _isr_wrapper
 .text.z_arm_configure_static_mpu_regions
                0x00000000000034b8       0x38 zephyr/arch/arch/arm/core/mpu/libarch__arm__core__mpu.a(arm_core_mpu.c.obj)
                0x00000000000034b8                z_arm_configure_static_mpu_regions
 .text.region_init
                0x00000000000034f0       0x34 zephyr/arch/arch/arm/core/mpu/libarch__arm__core__mpu.a(arm_mpu.c.obj)
 .text.region_allocate_and_init
                0x0000000000003524       0x38 zephyr/arch/arch/arm/core/mpu/libarch__arm__core__mpu.a(arm_mpu.c.obj)
 .text.mpu_configure_regions_and_partition.constprop.0
                0x000000000000355c      0x164 zephyr/arch/arch/arm/core/mpu/libarch__arm__core__mpu.a(arm_mpu.c.obj)
 .text.arm_core_mpu_enable
                0x00000000000036c0       0x18 zephyr/arch/arch/arm/core/mpu/libarch__arm__core__mpu.a(arm_mpu.c.obj)
                0x00000000000036c0                arm_core_mpu_enable
 .text.arm_core_mpu_disable
                0x00000000000036d8       0x14 zephyr/arch/arch/arm/core/mpu/libarch__arm__core__mpu.a(arm_mpu.c.obj)
                0x00000000000036d8                arm_core_mpu_disable
 .text.arm_core_mpu_configure_static_mpu_regions
                0x00000000000036ec       0x14 zephyr/arch/arch/arm/core/mpu/libarch__arm__core__mpu.a(arm_mpu.c.obj)
                0x00000000000036ec                arm_core_mpu_configure_static_mpu_regions
 .text.arm_core_mpu_mark_areas_for_dynamic_regions
                0x0000000000003700       0xb8 zephyr/arch/arch/arm/core/mpu/libarch__arm__core__mpu.a(arm_mpu.c.obj)
                0x0000000000003700                arm_core_mpu_mark_areas_for_dynamic_regions
 .text.z_arm_mpu_init
                0x00000000000037b8      0x130 zephyr/arch/arch/arm/core/mpu/libarch__arm__core__mpu.a(arm_mpu.c.obj)
                0x00000000000037b8                z_arm_mpu_init
 .text.z_impl_zephyr_fputc
                0x00000000000038e8       0x10 zephyr/lib/libc/picolibc/liblib__libc__picolibc.a(libc-hooks.c.obj)
                0x00000000000038e8                z_impl_zephyr_fputc
 .text.__stdout_hook_install
                0x00000000000038f8       0x18 zephyr/lib/libc/picolibc/liblib__libc__picolibc.a(libc-hooks.c.obj)
                0x00000000000038f8                __stdout_hook_install
 .text.cbvprintf
                0x0000000000003910       0x38 zephyr/lib/libc/picolibc/liblib__libc__picolibc.a(libc-hooks.c.obj)
                0x0000000000003910                cbvprintf
 .text.malloc_prepare
                0x0000000000003948       0x24 zephyr/lib/libc/common/liblib__libc__common.a(malloc.c.obj)
 .text.nrf_gpio_pin_control_select
                0x000000000000396c       0x3c zephyr/soc/soc/arm/nordic_nrf/libsoc__arm__nordic_nrf.a(soc.c.obj)
 .text.nordicsemi_nrf53_init
                0x00000000000039a8       0x5c zephyr/soc/soc/arm/nordic_nrf/libsoc__arm__nordic_nrf.a(soc.c.obj)
 .text.rtc_pretick_init
                0x0000000000003a04       0x60 zephyr/soc/soc/arm/nordic_nrf/libsoc__arm__nordic_nrf.a(soc.c.obj)
 .text.z_arm_on_enter_cpu_idle
                0x0000000000003a64       0x64 zephyr/soc/soc/arm/nordic_nrf/libsoc__arm__nordic_nrf.a(soc.c.obj)
                0x0000000000003a64                z_arm_on_enter_cpu_idle
 .text.arch_busy_wait
                0x0000000000003ac8       0x24 zephyr/soc/soc/arm/nordic_nrf/libsoc__arm__nordic_nrf.a(soc.c.obj)
                0x0000000000003ac8                arch_busy_wait
 .text.rtc_cb   0x0000000000003aec       0x40 zephyr/soc/soc/arm/nordic_nrf/libsoc__arm__nordic_nrf.a(sync_rtc.c.obj)
 .text.sync_rtc_setup
                0x0000000000003b2c       0xbc zephyr/soc/soc/arm/nordic_nrf/libsoc__arm__nordic_nrf.a(sync_rtc.c.obj)
 .text.mbox_callback
                0x0000000000003be8       0x80 zephyr/soc/soc/arm/nordic_nrf/libsoc__arm__nordic_nrf.a(sync_rtc.c.obj)
 .text.z_arm_platform_init
                0x0000000000003c68        0x4 zephyr/soc/soc/arm/nordic_nrf/libsoc__arm__nordic_nrf.a(soc_nrf_common.S.obj)
                0x0000000000003c68                z_arm_platform_init
 .text.remoteproc_mgr_boot
                0x0000000000003c6c       0x68 zephyr/boards/boards/arm/nrf5340dk_nrf5340_cpuapp/libboards__arm__nrf5340dk_nrf5340.a(nrf5340_cpunet_reset.c.obj)
 .text.bt_hex   0x0000000000003cd4       0x44 zephyr/subsys/bluetooth/common/libsubsys__bluetooth__common.a(bt_str.c.obj)
                0x0000000000003cd4                bt_hex
 .text.bt_addr_le_str
                0x0000000000003d18       0x7c zephyr/subsys/bluetooth/common/libsubsys__bluetooth__common.a(bt_str.c.obj)
                0x0000000000003d18                bt_addr_le_str
 .text.long_wq_init
                0x0000000000003d94       0x38 zephyr/subsys/bluetooth/host/libsubsys__bluetooth__host.a(long_wq.c.obj)
 .text.bt_long_wq_schedule
                0x0000000000003dcc        0xc zephyr/subsys/bluetooth/host/libsubsys__bluetooth__host.a(long_wq.c.obj)
                0x0000000000003dcc                bt_long_wq_schedule
 .text.uuid_to_uuid128
                0x0000000000003dd8       0x78 zephyr/subsys/bluetooth/host/libsubsys__bluetooth__host.a(uuid.c.obj)
 .text.bt_buf_get_rx
                0x0000000000003e50       0x2c zephyr/subsys/bluetooth/host/libsubsys__bluetooth__host.a(buf.c.obj)
                0x0000000000003e50                bt_buf_get_rx
 .text.bt_buf_get_evt
                0x0000000000003e7c       0x38 zephyr/subsys/bluetooth/host/libsubsys__bluetooth__host.a(buf.c.obj)
                0x0000000000003e7c                bt_buf_get_evt
 .text.hci_data_buf_overflow
                0x0000000000003eb4       0x18 zephyr/subsys/bluetooth/host/libsubsys__bluetooth__host.a(hci_core.c.obj)
 .text.hci_disconn_complete_prio
                0x0000000000003ecc       0x40 zephyr/subsys/bluetooth/host/libsubsys__bluetooth__host.a(hci_core.c.obj)
 .text.hci_disconn_complete
                0x0000000000003f0c       0x4c zephyr/subsys/bluetooth/host/libsubsys__bluetooth__host.a(hci_core.c.obj)
 .text.le_phy_update_complete
                0x0000000000003f58       0x34 zephyr/subsys/bluetooth/host/libsubsys__bluetooth__host.a(hci_core.c.obj)
 .text.le_data_len_change
                0x0000000000003f8c       0x30 zephyr/subsys/bluetooth/host/libsubsys__bluetooth__host.a(hci_core.c.obj)
 .text.hci_hardware_error
                0x0000000000003fbc       0x24 zephyr/subsys/bluetooth/host/libsubsys__bluetooth__host.a(hci_core.c.obj)
 .text.rx_queue_put
                0x0000000000003fe0       0x3c zephyr/subsys/bluetooth/host/libsubsys__bluetooth__host.a(hci_core.c.obj)
 .text.find_pending_connect.part.0
                0x000000000000401c       0x2c zephyr/subsys/bluetooth/host/libsubsys__bluetooth__host.a(hci_core.c.obj)
 .text.le_conn_param_neg_reply.part.0
                0x0000000000004048       0x14 zephyr/subsys/bluetooth/host/libsubsys__bluetooth__host.a(hci_core.c.obj)
 .text.handle_event.part.0
                0x000000000000405c       0x48 zephyr/subsys/bluetooth/host/libsubsys__bluetooth__host.a(hci_core.c.obj)
 .text.handle_event
                0x00000000000040a4       0x50 zephyr/subsys/bluetooth/host/libsubsys__bluetooth__host.a(hci_core.c.obj)
 .text.hci_le_meta_event
                0x00000000000040f4       0x20 zephyr/subsys/bluetooth/host/libsubsys__bluetooth__host.a(hci_core.c.obj)
 .text.le_remote_feat_complete
                0x0000000000004114       0x54 zephyr/subsys/bluetooth/host/libsubsys__bluetooth__host.a(hci_core.c.obj)
 .text.rx_work_handler
                0x0000000000004168      0x134 zephyr/subsys/bluetooth/host/libsubsys__bluetooth__host.a(hci_core.c.obj)
 .text.hci_cmd_done.part.0
                0x000000000000429c      0x134 zephyr/subsys/bluetooth/host/libsubsys__bluetooth__host.a(hci_core.c.obj)
 .text.hci_cmd_status
                0x00000000000043d0       0x30 zephyr/subsys/bluetooth/host/libsubsys__bluetooth__host.a(hci_core.c.obj)
 .text.hci_cmd_complete
                0x0000000000004400       0x50 zephyr/subsys/bluetooth/host/libsubsys__bluetooth__host.a(hci_core.c.obj)
 .text.hci_num_completed_packets
                0x0000000000004450      0x130 zephyr/subsys/bluetooth/host/libsubsys__bluetooth__host.a(hci_core.c.obj)
 .text.le_conn_update_complete
                0x0000000000004580       0xc4 zephyr/subsys/bluetooth/host/libsubsys__bluetooth__host.a(hci_core.c.obj)
 .text.bt_hci_cmd_state_set_init
                0x0000000000004644       0x24 zephyr/subsys/bluetooth/host/libsubsys__bluetooth__host.a(hci_core.c.obj)
                0x0000000000004644                bt_hci_cmd_state_set_init
 .text.bt_hci_cmd_create
                0x0000000000004668       0x74 zephyr/subsys/bluetooth/host/libsubsys__bluetooth__host.a(hci_core.c.obj)
                0x0000000000004668                bt_hci_cmd_create
 .text.bt_hci_cmd_send_sync
                0x00000000000046dc       0xf0 zephyr/subsys/bluetooth/host/libsubsys__bluetooth__host.a(hci_core.c.obj)
                0x00000000000046dc                bt_hci_cmd_send_sync
 .text.hci_le_read_max_data_len
                0x00000000000047cc       0x44 zephyr/subsys/bluetooth/host/libsubsys__bluetooth__host.a(hci_core.c.obj)
 .text.bt_hci_le_rand
                0x0000000000004810       0x58 zephyr/subsys/bluetooth/host/libsubsys__bluetooth__host.a(hci_core.c.obj)
                0x0000000000004810                bt_hci_le_rand
 .text.bt_hci_le_enh_conn_complete
                0x0000000000004868      0x2b4 zephyr/subsys/bluetooth/host/libsubsys__bluetooth__host.a(hci_core.c.obj)
                0x0000000000004868                bt_hci_le_enh_conn_complete
 .text.le_legacy_conn_complete
                0x0000000000004b1c       0x70 zephyr/subsys/bluetooth/host/libsubsys__bluetooth__host.a(hci_core.c.obj)
 .text.bt_security_err_get
                0x0000000000004b8c       0x10 zephyr/subsys/bluetooth/host/libsubsys__bluetooth__host.a(hci_core.c.obj)
                0x0000000000004b8c                bt_security_err_get
 .text.hci_encrypt_key_refresh_complete
                0x0000000000004b9c       0x88 zephyr/subsys/bluetooth/host/libsubsys__bluetooth__host.a(hci_core.c.obj)
 .text.hci_encrypt_change
                0x0000000000004c24       0x9c zephyr/subsys/bluetooth/host/libsubsys__bluetooth__host.a(hci_core.c.obj)
 .text.bt_hci_get_ver_str
                0x0000000000004cc0       0x3c zephyr/subsys/bluetooth/host/libsubsys__bluetooth__host.a(hci_core.c.obj)
                0x0000000000004cc0                bt_hci_get_ver_str
 .text.bt_send  0x0000000000004cfc       0x10 zephyr/subsys/bluetooth/host/libsubsys__bluetooth__host.a(hci_core.c.obj)
                0x0000000000004cfc                bt_send
 .text.bt_hci_cmd_send
                0x0000000000004d0c       0x58 zephyr/subsys/bluetooth/host/libsubsys__bluetooth__host.a(hci_core.c.obj)
                0x0000000000004d0c                bt_hci_cmd_send
 .text.bt_hci_host_num_completed_packets
                0x0000000000004d64       0xd8 zephyr/subsys/bluetooth/host/libsubsys__bluetooth__host.a(hci_core.c.obj)
                0x0000000000004d64                bt_hci_host_num_completed_packets
 .text.le_ltk_request
                0x0000000000004e3c       0xc0 zephyr/subsys/bluetooth/host/libsubsys__bluetooth__host.a(hci_core.c.obj)
 .text.le_conn_param_req
                0x0000000000004efc       0xc0 zephyr/subsys/bluetooth/host/libsubsys__bluetooth__host.a(hci_core.c.obj)
 .text.hci_tx_thread
                0x0000000000004fbc      0x15c zephyr/subsys/bluetooth/host/libsubsys__bluetooth__host.a(hci_core.c.obj)
 .text.hci_event_prio
                0x0000000000005118       0x9c zephyr/subsys/bluetooth/host/libsubsys__bluetooth__host.a(hci_core.c.obj)
                0x0000000000005118                hci_event_prio
 .text.bt_recv  0x00000000000051b4       0x50 zephyr/subsys/bluetooth/host/libsubsys__bluetooth__host.a(hci_core.c.obj)
                0x00000000000051b4                bt_recv
 .text.bt_hci_driver_register
                0x0000000000005204       0x28 zephyr/subsys/bluetooth/host/libsubsys__bluetooth__host.a(hci_core.c.obj)
                0x0000000000005204                bt_hci_driver_register
 .text.bt_finalize_init
                0x000000000000522c      0x134 zephyr/subsys/bluetooth/host/libsubsys__bluetooth__host.a(hci_core.c.obj)
                0x000000000000522c                bt_finalize_init
 .text.init_work
                0x0000000000005360       0x18 zephyr/subsys/bluetooth/host/libsubsys__bluetooth__host.a(hci_core.c.obj)
 .text.bt_enable
                0x0000000000005378      0x104 zephyr/subsys/bluetooth/host/libsubsys__bluetooth__host.a(hci_core.c.obj)
                0x0000000000005378                bt_enable
 .text.bt_get_name
                0x000000000000547c        0x8 zephyr/subsys/bluetooth/host/libsubsys__bluetooth__host.a(hci_core.c.obj)
                0x000000000000547c                bt_get_name
 .text.id_find  0x0000000000005484       0x30 zephyr/subsys/bluetooth/host/libsubsys__bluetooth__host.a(id.c.obj)
 .text.id_create.constprop.0
                0x00000000000054b4       0x5c zephyr/subsys/bluetooth/host/libsubsys__bluetooth__host.a(id.c.obj)
 .text.set_random_address
                0x0000000000005510       0x58 zephyr/subsys/bluetooth/host/libsubsys__bluetooth__host.a(id.c.obj)
 .text.bt_id_add.part.0
                0x0000000000005568      0x144 zephyr/subsys/bluetooth/host/libsubsys__bluetooth__host.a(id.c.obj)
 .text.bt_id_del.part.0
                0x00000000000056ac      0x104 zephyr/subsys/bluetooth/host/libsubsys__bluetooth__host.a(id.c.obj)
 .text.bt_id_pending_keys_update
                0x00000000000057b0       0x2c zephyr/subsys/bluetooth/host/libsubsys__bluetooth__host.a(id.c.obj)
                0x00000000000057b0                bt_id_pending_keys_update
 .text.bt_id_find_conflict
                0x00000000000057dc       0x20 zephyr/subsys/bluetooth/host/libsubsys__bluetooth__host.a(id.c.obj)
                0x00000000000057dc                bt_id_find_conflict
 .text.bt_id_add
                0x00000000000057fc       0x34 zephyr/subsys/bluetooth/host/libsubsys__bluetooth__host.a(id.c.obj)
                0x00000000000057fc                bt_id_add
 .text.bt_id_del
                0x0000000000005830       0x38 zephyr/subsys/bluetooth/host/libsubsys__bluetooth__host.a(id.c.obj)
                0x0000000000005830                bt_id_del
 .text.bt_id_create
                0x0000000000005868       0x98 zephyr/subsys/bluetooth/host/libsubsys__bluetooth__host.a(id.c.obj)
                0x0000000000005868                bt_id_create
 .text.bt_id_read_public_addr
                0x0000000000005900       0x88 zephyr/subsys/bluetooth/host/libsubsys__bluetooth__host.a(id.c.obj)
                0x0000000000005900                bt_id_read_public_addr
 .text.bt_setup_public_id_addr
                0x0000000000005988       0x20 zephyr/subsys/bluetooth/host/libsubsys__bluetooth__host.a(id.c.obj)
                0x0000000000005988                bt_setup_public_id_addr
 .text.bt_read_static_addr
                0x00000000000059a8       0x94 zephyr/subsys/bluetooth/host/libsubsys__bluetooth__host.a(id.c.obj)
                0x00000000000059a8                bt_read_static_addr
 .text.bt_setup_random_id_addr
                0x0000000000005a3c       0x60 zephyr/subsys/bluetooth/host/libsubsys__bluetooth__host.a(id.c.obj)
                0x0000000000005a3c                bt_setup_random_id_addr
 .text.bt_id_set_adv_own_addr
                0x0000000000005a9c       0xd4 zephyr/subsys/bluetooth/host/libsubsys__bluetooth__host.a(id.c.obj)
                0x0000000000005a9c                bt_id_set_adv_own_addr
 .text.bt_id_init
                0x0000000000005b70       0x54 zephyr/subsys/bluetooth/host/libsubsys__bluetooth__host.a(id.c.obj)
                0x0000000000005b70                bt_id_init
 .text.hci_set_ad
                0x0000000000005bc4       0xd0 zephyr/subsys/bluetooth/host/libsubsys__bluetooth__host.a(adv.c.obj)
 .text.adv_is_directed
                0x0000000000005c94       0x18 zephyr/subsys/bluetooth/host/libsubsys__bluetooth__host.a(adv.c.obj)
 .text.le_adv_start_add_conn
                0x0000000000005cac       0x60 zephyr/subsys/bluetooth/host/libsubsys__bluetooth__host.a(adv.c.obj)
 .text.valid_adv_param
                0x0000000000005d0c       0x84 zephyr/subsys/bluetooth/host/libsubsys__bluetooth__host.a(adv.c.obj)
 .text.bt_le_ext_adv_foreach
                0x0000000000005d90        0xc zephyr/subsys/bluetooth/host/libsubsys__bluetooth__host.a(adv.c.obj)
                0x0000000000005d90                bt_le_ext_adv_foreach
 .text.bt_le_adv_lookup_legacy
                0x0000000000005d9c        0x8 zephyr/subsys/bluetooth/host/libsubsys__bluetooth__host.a(adv.c.obj)
                0x0000000000005d9c                bt_le_adv_lookup_legacy
 .text.bt_le_adv_start_legacy
                0x0000000000005da4      0x278 zephyr/subsys/bluetooth/host/libsubsys__bluetooth__host.a(adv.c.obj)
                0x0000000000005da4                bt_le_adv_start_legacy
 .text.bt_le_adv_start
                0x000000000000601c       0x64 zephyr/subsys/bluetooth/host/libsubsys__bluetooth__host.a(adv.c.obj)
                0x000000000000601c                bt_le_adv_start
 .text.bt_le_adv_stop
                0x0000000000006080       0x78 zephyr/subsys/bluetooth/host/libsubsys__bluetooth__host.a(adv.c.obj)
                0x0000000000006080                bt_le_adv_stop
 .text.adv_timeout
                0x00000000000060f8       0x24 zephyr/subsys/bluetooth/host/libsubsys__bluetooth__host.a(adv.c.obj)
 .text.bt_le_adv_resume
                0x000000000000611c       0xe0 zephyr/subsys/bluetooth/host/libsubsys__bluetooth__host.a(adv.c.obj)
                0x000000000000611c                bt_le_adv_resume
 .text.prng_reseed.constprop.0
                0x00000000000061fc       0x60 zephyr/subsys/bluetooth/host/libsubsys__bluetooth__host.a(crypto.c.obj)
 .text.prng_init
                0x000000000000625c       0x40 zephyr/subsys/bluetooth/host/libsubsys__bluetooth__host.a(crypto.c.obj)
                0x000000000000625c                prng_init
 .text.bt_rand  0x000000000000629c       0x3c zephyr/subsys/bluetooth/host/libsubsys__bluetooth__host.a(crypto.c.obj)
                0x000000000000629c                bt_rand
 .text.bt_pub_key_is_debug
                0x00000000000062d8       0x18 zephyr/subsys/bluetooth/host/libsubsys__bluetooth__host.a(ecc.c.obj)
                0x00000000000062d8                bt_pub_key_is_debug
 .text.bt_pub_key_gen
                0x00000000000062f0       0xec zephyr/subsys/bluetooth/host/libsubsys__bluetooth__host.a(ecc.c.obj)
                0x00000000000062f0                bt_pub_key_gen
 .text.bt_pub_key_get
                0x00000000000063dc       0x1c zephyr/subsys/bluetooth/host/libsubsys__bluetooth__host.a(ecc.c.obj)
                0x00000000000063dc                bt_pub_key_get
 .text.bt_dh_key_gen
                0x00000000000063f8       0x98 zephyr/subsys/bluetooth/host/libsubsys__bluetooth__host.a(ecc.c.obj)
                0x00000000000063f8                bt_dh_key_gen
 .text.bt_hci_evt_le_pkey_complete
                0x0000000000006490       0x74 zephyr/subsys/bluetooth/host/libsubsys__bluetooth__host.a(ecc.c.obj)
                0x0000000000006490                bt_hci_evt_le_pkey_complete
 .text.bt_hci_evt_le_dhkey_complete
                0x0000000000006504       0x1c zephyr/subsys/bluetooth/host/libsubsys__bluetooth__host.a(ecc.c.obj)
                0x0000000000006504                bt_hci_evt_le_dhkey_complete
 .text.notify_connected
                0x0000000000006520       0x3c zephyr/subsys/bluetooth/host/libsubsys__bluetooth__host.a(conn.c.obj)
 .text.tx_notify
                0x000000000000655c       0x60 zephyr/subsys/bluetooth/host/libsubsys__bluetooth__host.a(conn.c.obj)
 .text.conn_tx_destroy
                0x00000000000065bc       0x2c zephyr/subsys/bluetooth/host/libsubsys__bluetooth__host.a(conn.c.obj)
 .text.send_frag
                0x00000000000065e8      0x178 zephyr/subsys/bluetooth/host/libsubsys__bluetooth__host.a(conn.c.obj)
 .text.bt_conn_create_pdu_timeout.part.0
                0x0000000000006760       0x18 zephyr/subsys/bluetooth/host/libsubsys__bluetooth__host.a(conn.c.obj)
 .text.bt_conn_get_pkts
                0x0000000000006778       0x18 zephyr/subsys/bluetooth/host/libsubsys__bluetooth__host.a(conn.c.obj)
                0x0000000000006778                bt_conn_get_pkts
 .text.bt_conn_new
                0x0000000000006790       0x5c zephyr/subsys/bluetooth/host/libsubsys__bluetooth__host.a(conn.c.obj)
                0x0000000000006790                bt_conn_new
 .text.bt_conn_recv
                0x00000000000067ec       0xf4 zephyr/subsys/bluetooth/host/libsubsys__bluetooth__host.a(conn.c.obj)
                0x00000000000067ec                bt_conn_recv
 .text.bt_conn_send_cb
                0x00000000000068e0       0xe8 zephyr/subsys/bluetooth/host/libsubsys__bluetooth__host.a(conn.c.obj)
                0x00000000000068e0                bt_conn_send_cb
 .text.bt_conn_prepare_events
                0x00000000000069c8       0x90 zephyr/subsys/bluetooth/host/libsubsys__bluetooth__host.a(conn.c.obj)
                0x00000000000069c8                bt_conn_prepare_events
 .text.bt_conn_unref
                0x0000000000006a58       0x64 zephyr/subsys/bluetooth/host/libsubsys__bluetooth__host.a(conn.c.obj)
                0x0000000000006a58                bt_conn_unref
 .text.bt_conn_set_state
                0x0000000000006abc      0x218 zephyr/subsys/bluetooth/host/libsubsys__bluetooth__host.a(conn.c.obj)
                0x0000000000006abc                bt_conn_set_state
 .text.bt_conn_lookup_handle
                0x0000000000006cd4       0x40 zephyr/subsys/bluetooth/host/libsubsys__bluetooth__host.a(conn.c.obj)
                0x0000000000006cd4                bt_conn_lookup_handle
 .text.bt_conn_foreach
                0x0000000000006d14       0x30 zephyr/subsys/bluetooth/host/libsubsys__bluetooth__host.a(conn.c.obj)
                0x0000000000006d14                bt_conn_foreach
 .text.bt_conn_index
                0x0000000000006d44       0x18 zephyr/subsys/bluetooth/host/libsubsys__bluetooth__host.a(conn.c.obj)
                0x0000000000006d44                bt_conn_index
 .text.bt_conn_create_pdu_timeout
                0x0000000000006d5c       0x2c zephyr/subsys/bluetooth/host/libsubsys__bluetooth__host.a(conn.c.obj)
                0x0000000000006d5c                bt_conn_create_pdu_timeout
 .text.notify_le_param_updated
                0x0000000000006d88       0x80 zephyr/subsys/bluetooth/host/libsubsys__bluetooth__host.a(conn.c.obj)
                0x0000000000006d88                notify_le_param_updated
 .text.le_param_req
                0x0000000000006e08       0x74 zephyr/subsys/bluetooth/host/libsubsys__bluetooth__host.a(conn.c.obj)
                0x0000000000006e08                le_param_req
 .text.bt_conn_identity_resolved
                0x0000000000006e7c       0x5c zephyr/subsys/bluetooth/host/libsubsys__bluetooth__host.a(conn.c.obj)
                0x0000000000006e7c                bt_conn_identity_resolved
 .text.bt_conn_security_changed
                0x0000000000006ed8       0x4c zephyr/subsys/bluetooth/host/libsubsys__bluetooth__host.a(conn.c.obj)
                0x0000000000006ed8                bt_conn_security_changed
 .text.bt_conn_add_le
                0x0000000000006f24       0x3c zephyr/subsys/bluetooth/host/libsubsys__bluetooth__host.a(conn.c.obj)
                0x0000000000006f24                bt_conn_add_le
 .text.bt_conn_lookup_addr_le
                0x0000000000006f60       0x34 zephyr/subsys/bluetooth/host/libsubsys__bluetooth__host.a(conn.c.obj)
                0x0000000000006f60                bt_conn_lookup_addr_le
 .text.bt_conn_exists_le
                0x0000000000006f94       0x70 zephyr/subsys/bluetooth/host/libsubsys__bluetooth__host.a(conn.c.obj)
                0x0000000000006f94                bt_conn_exists_le
 .text.bt_conn_lookup_state_le
                0x0000000000007004       0x44 zephyr/subsys/bluetooth/host/libsubsys__bluetooth__host.a(conn.c.obj)
                0x0000000000007004                bt_conn_lookup_state_le
 .text.send_conn_le_param_update
                0x0000000000007048       0x68 zephyr/subsys/bluetooth/host/libsubsys__bluetooth__host.a(conn.c.obj)
 .text.deferred_work
                0x00000000000070b0       0xf0 zephyr/subsys/bluetooth/host/libsubsys__bluetooth__host.a(conn.c.obj)
 .text.bt_conn_create_frag_timeout
                0x00000000000071a0        0xc zephyr/subsys/bluetooth/host/libsubsys__bluetooth__host.a(conn.c.obj)
                0x00000000000071a0                bt_conn_create_frag_timeout
 .text.bt_conn_process_tx
                0x00000000000071ac      0x114 zephyr/subsys/bluetooth/host/libsubsys__bluetooth__host.a(conn.c.obj)
                0x00000000000071ac                bt_conn_process_tx
 .text.bt_conn_auth_cb_register
                0x00000000000072c0       0x34 zephyr/subsys/bluetooth/host/libsubsys__bluetooth__host.a(conn.c.obj)
                0x00000000000072c0                bt_conn_auth_cb_register
 .text.bt_conn_lookup_index
                0x00000000000072f4       0x10 zephyr/subsys/bluetooth/host/libsubsys__bluetooth__host.a(conn.c.obj)
                0x00000000000072f4                bt_conn_lookup_index
 .text.bt_conn_init
                0x0000000000007304       0x44 zephyr/subsys/bluetooth/host/libsubsys__bluetooth__host.a(conn.c.obj)
                0x0000000000007304                bt_conn_init
 .text.l2cap_create_le_sig_pdu.part.0
                0x0000000000007348       0x1c zephyr/subsys/bluetooth/host/libsubsys__bluetooth__host.a(l2cap.c.obj)
 .text.l2cap_accept.part.0
                0x0000000000007364       0x30 zephyr/subsys/bluetooth/host/libsubsys__bluetooth__host.a(l2cap.c.obj)
 .text.l2cap_accept
                0x0000000000007394       0x1c zephyr/subsys/bluetooth/host/libsubsys__bluetooth__host.a(l2cap.c.obj)
 .text.bt_l2cap_connected
                0x00000000000073b0       0x8c zephyr/subsys/bluetooth/host/libsubsys__bluetooth__host.a(l2cap.c.obj)
                0x00000000000073b0                bt_l2cap_connected
 .text.l2cap_recv.part.0
                0x000000000000743c       0xac zephyr/subsys/bluetooth/host/libsubsys__bluetooth__host.a(l2cap.c.obj)
 .text.l2cap_recv
                0x00000000000074e8       0x24 zephyr/subsys/bluetooth/host/libsubsys__bluetooth__host.a(l2cap.c.obj)
 .text.bt_l2cap_recv
                0x000000000000750c       0x58 zephyr/subsys/bluetooth/host/libsubsys__bluetooth__host.a(l2cap.c.obj)
                0x000000000000750c                bt_l2cap_recv
 .text.bt_l2cap_update_conn_param
                0x0000000000007564       0x64 zephyr/subsys/bluetooth/host/libsubsys__bluetooth__host.a(l2cap.c.obj)
                0x0000000000007564                bt_l2cap_update_conn_param
 .text.att_op_get_type
                0x00000000000075c8       0x74 zephyr/subsys/bluetooth/host/libsubsys__bluetooth__host.a(att.c.obj)
 .text.bt_att_released
                0x000000000000763c        0xc zephyr/subsys/bluetooth/host/libsubsys__bluetooth__host.a(att.c.obj)
 .text.read_group_cb
                0x0000000000007648       0xb8 zephyr/subsys/bluetooth/host/libsubsys__bluetooth__host.a(att.c.obj)
 .text.bt_att_connected
                0x0000000000007700       0x38 zephyr/subsys/bluetooth/host/libsubsys__bluetooth__host.a(att.c.obj)
 .text.bt_att_accept
                0x0000000000007738      0x120 zephyr/subsys/bluetooth/host/libsubsys__bluetooth__host.a(att.c.obj)
 .text.read_type_cb
                0x0000000000007858       0xac zephyr/subsys/bluetooth/host/libsubsys__bluetooth__host.a(att.c.obj)
 .text.bt_att_chan_create_pdu
                0x0000000000007904       0x94 zephyr/subsys/bluetooth/host/libsubsys__bluetooth__host.a(att.c.obj)
 .text.find_type_cb
                0x0000000000007998      0x164 zephyr/subsys/bluetooth/host/libsubsys__bluetooth__host.a(att.c.obj)
 .text.chan_send
                0x0000000000007afc       0xe4 zephyr/subsys/bluetooth/host/libsubsys__bluetooth__host.a(att.c.obj)
 .text.att_tx_destroy
                0x0000000000007be0      0x10c zephyr/subsys/bluetooth/host/libsubsys__bluetooth__host.a(att.c.obj)
 .text.bt_att_recv
                0x0000000000007cec       0xc8 zephyr/subsys/bluetooth/host/libsubsys__bluetooth__host.a(att.c.obj)
 .text.att_write_rsp.constprop.0
                0x0000000000007db4       0xc0 zephyr/subsys/bluetooth/host/libsubsys__bluetooth__host.a(att.c.obj)
 .text.att_get  0x0000000000007e74       0x4c zephyr/subsys/bluetooth/host/libsubsys__bluetooth__host.a(att.c.obj)
 .text.bt_att_create_pdu
                0x0000000000007ec0       0x64 zephyr/subsys/bluetooth/host/libsubsys__bluetooth__host.a(att.c.obj)
                0x0000000000007ec0                bt_att_create_pdu
 .text.bt_att_create_rsp_pdu
                0x0000000000007f24       0x4c zephyr/subsys/bluetooth/host/libsubsys__bluetooth__host.a(att.c.obj)
                0x0000000000007f24                bt_att_create_rsp_pdu
 .text.att_read_group_req
                0x0000000000007f70       0xf4 zephyr/subsys/bluetooth/host/libsubsys__bluetooth__host.a(att.c.obj)
 .text.att_read_mult_vl_req
                0x0000000000008064       0x9c zephyr/subsys/bluetooth/host/libsubsys__bluetooth__host.a(att.c.obj)
 .text.att_read_mult_req
                0x0000000000008100       0x9c zephyr/subsys/bluetooth/host/libsubsys__bluetooth__host.a(att.c.obj)
 .text.att_read_rsp
                0x000000000000819c       0x94 zephyr/subsys/bluetooth/host/libsubsys__bluetooth__host.a(att.c.obj)
 .text.att_read_type_req
                0x0000000000008230       0xc0 zephyr/subsys/bluetooth/host/libsubsys__bluetooth__host.a(att.c.obj)
 .text.att_find_type_req
                0x00000000000082f0       0xc4 zephyr/subsys/bluetooth/host/libsubsys__bluetooth__host.a(att.c.obj)
 .text.att_find_info_req
                0x00000000000083b4       0x6c zephyr/subsys/bluetooth/host/libsubsys__bluetooth__host.a(att.c.obj)
 .text.bt_att_req_alloc
                0x0000000000008420       0x50 zephyr/subsys/bluetooth/host/libsubsys__bluetooth__host.a(att.c.obj)
                0x0000000000008420                bt_att_req_alloc
 .text.bt_att_req_free
                0x0000000000008470       0x20 zephyr/subsys/bluetooth/host/libsubsys__bluetooth__host.a(att.c.obj)
                0x0000000000008470                bt_att_req_free
 .text.att_handle_rsp
                0x0000000000008490       0x80 zephyr/subsys/bluetooth/host/libsubsys__bluetooth__host.a(att.c.obj)
 .text.att_error_rsp
                0x0000000000008510       0x74 zephyr/subsys/bluetooth/host/libsubsys__bluetooth__host.a(att.c.obj)
 .text.bt_att_disconnected
                0x0000000000008584       0xc0 zephyr/subsys/bluetooth/host/libsubsys__bluetooth__host.a(att.c.obj)
 .text.att_timeout
                0x0000000000008644       0xc8 zephyr/subsys/bluetooth/host/libsubsys__bluetooth__host.a(att.c.obj)
 .text.bt_att_req_cancel
                0x000000000000870c       0x54 zephyr/subsys/bluetooth/host/libsubsys__bluetooth__host.a(att.c.obj)
                0x000000000000870c                bt_att_req_cancel
 .text.bt_att_set_tx_meta_data
                0x0000000000008760       0x24 zephyr/subsys/bluetooth/host/libsubsys__bluetooth__host.a(att.c.obj)
                0x0000000000008760                bt_att_set_tx_meta_data
 .text.find_cf_cfg
                0x0000000000008784       0x5c zephyr/subsys/bluetooth/host/libsubsys__bluetooth__host.a(gatt.c.obj)
 .text.find_sc_cfg
                0x00000000000087e0       0x40 zephyr/subsys/bluetooth/host/libsubsys__bluetooth__host.a(gatt.c.obj)
 .text.find_ccc_cfg
                0x0000000000008820       0x48 zephyr/subsys/bluetooth/host/libsubsys__bluetooth__host.a(gatt.c.obj)
 .text.gatt_sub_find
                0x0000000000008868       0x5c zephyr/subsys/bluetooth/host/libsubsys__bluetooth__host.a(gatt.c.obj)
 .text.bt_gatt_attr_write_ccc
                0x00000000000088c4       0xbc zephyr/subsys/bluetooth/host/libsubsys__bluetooth__host.a(gatt.c.obj)
                0x00000000000088c4                bt_gatt_attr_write_ccc
 .text.gatt_sub_remove
                0x0000000000008980       0x48 zephyr/subsys/bluetooth/host/libsubsys__bluetooth__host.a(gatt.c.obj)
 .text.gatt_write_ccc_rsp
                0x00000000000089c8       0xa0 zephyr/subsys/bluetooth/host/libsubsys__bluetooth__host.a(gatt.c.obj)
 .text.clear_cf_cfg
                0x0000000000008a68       0x28 zephyr/subsys/bluetooth/host/libsubsys__bluetooth__host.a(gatt.c.obj)
 .text.sc_save  0x0000000000008a90       0x60 zephyr/subsys/bluetooth/host/libsubsys__bluetooth__host.a(gatt.c.obj)
 .text.read_ppcp
                0x0000000000008af0       0x38 zephyr/subsys/bluetooth/host/libsubsys__bluetooth__host.a(gatt.c.obj)
 .text.gatt_write_ccc
                0x0000000000008b28       0x30 zephyr/subsys/bluetooth/host/libsubsys__bluetooth__host.a(gatt.c.obj)
 .text.disconnected_cb
                0x0000000000008b58       0xb4 zephyr/subsys/bluetooth/host/libsubsys__bluetooth__host.a(gatt.c.obj)
 .text.cf_write
                0x0000000000008c0c       0x98 zephyr/subsys/bluetooth/host/libsubsys__bluetooth__host.a(gatt.c.obj)
 .text.sc_indicate_rsp
                0x0000000000008ca4       0x4c zephyr/subsys/bluetooth/host/libsubsys__bluetooth__host.a(gatt.c.obj)
 .text.bt_gatt_init
                0x0000000000008cf0       0x78 zephyr/subsys/bluetooth/host/libsubsys__bluetooth__host.a(gatt.c.obj)
                0x0000000000008cf0                bt_gatt_init
 .text.bt_gatt_attr_get_handle
                0x0000000000008d68       0x60 zephyr/subsys/bluetooth/host/libsubsys__bluetooth__host.a(gatt.c.obj)
                0x0000000000008d68                bt_gatt_attr_get_handle
 .text.bt_gatt_foreach_attr_type
                0x0000000000008dc8       0xb4 zephyr/subsys/bluetooth/host/libsubsys__bluetooth__host.a(gatt.c.obj)
                0x0000000000008dc8                bt_gatt_foreach_attr_type
 .text.db_hash_gen
                0x0000000000008e7c       0x80 zephyr/subsys/bluetooth/host/libsubsys__bluetooth__host.a(gatt.c.obj)
 .text.db_hash_read
                0x0000000000008efc       0x78 zephyr/subsys/bluetooth/host/libsubsys__bluetooth__host.a(gatt.c.obj)
 .text.db_hash_process
                0x0000000000008f74       0x1c zephyr/subsys/bluetooth/host/libsubsys__bluetooth__host.a(gatt.c.obj)
 .text.bt_gatt_attr_next
                0x0000000000008f90       0x24 zephyr/subsys/bluetooth/host/libsubsys__bluetooth__host.a(gatt.c.obj)
                0x0000000000008f90                bt_gatt_attr_next
 .text.gatt_indicate
                0x0000000000008fb4       0xe4 zephyr/subsys/bluetooth/host/libsubsys__bluetooth__host.a(gatt.c.obj)
 .text.bt_gatt_indicate
                0x0000000000009098       0xf0 zephyr/subsys/bluetooth/host/libsubsys__bluetooth__host.a(gatt.c.obj)
                0x0000000000009098                bt_gatt_indicate
 .text.sc_process
                0x0000000000009188       0x5c zephyr/subsys/bluetooth/host/libsubsys__bluetooth__host.a(gatt.c.obj)
 .text.update_ccc
                0x00000000000091e4      0x12c zephyr/subsys/bluetooth/host/libsubsys__bluetooth__host.a(gatt.c.obj)
 .text.gatt_notify
                0x0000000000009310       0xb0 zephyr/subsys/bluetooth/host/libsubsys__bluetooth__host.a(gatt.c.obj)
 .text.notify_cb
                0x00000000000093c0      0x13c zephyr/subsys/bluetooth/host/libsubsys__bluetooth__host.a(gatt.c.obj)
 .text.bt_gatt_read
                0x00000000000094fc       0x8c zephyr/subsys/bluetooth/host/libsubsys__bluetooth__host.a(gatt.c.obj)
                0x00000000000094fc                bt_gatt_read
 .text.gatt_read_rsp
                0x0000000000009588      0x144 zephyr/subsys/bluetooth/host/libsubsys__bluetooth__host.a(gatt.c.obj)
 .text.bt_gatt_unsubscribe
                0x00000000000096cc       0xdc zephyr/subsys/bluetooth/host/libsubsys__bluetooth__host.a(gatt.c.obj)
                0x00000000000096cc                bt_gatt_unsubscribe
 .text.bt_gatt_mult_notification
                0x00000000000097a8       0xbc zephyr/subsys/bluetooth/host/libsubsys__bluetooth__host.a(gatt.c.obj)
                0x00000000000097a8                bt_gatt_mult_notification
 .text.bt_gatt_connected
                0x0000000000009864       0x4c zephyr/subsys/bluetooth/host/libsubsys__bluetooth__host.a(gatt.c.obj)
                0x0000000000009864                bt_gatt_connected
 .text.bt_gatt_att_max_mtu_changed
                0x00000000000098b0       0x28 zephyr/subsys/bluetooth/host/libsubsys__bluetooth__host.a(gatt.c.obj)
                0x00000000000098b0                bt_gatt_att_max_mtu_changed
 .text.bt_gatt_encrypt_change
                0x00000000000098d8       0xb0 zephyr/subsys/bluetooth/host/libsubsys__bluetooth__host.a(gatt.c.obj)
                0x00000000000098d8                bt_gatt_encrypt_change
 .text.bt_gatt_disconnected
                0x0000000000009988       0xc8 zephyr/subsys/bluetooth/host/libsubsys__bluetooth__host.a(gatt.c.obj)
                0x0000000000009988                bt_gatt_disconnected
 .text.bt_gatt_req_set_mtu
                0x0000000000009a50       0x14 zephyr/subsys/bluetooth/host/libsubsys__bluetooth__host.a(gatt.c.obj)
                0x0000000000009a50                bt_gatt_req_set_mtu
 .text.smp_find
                0x0000000000009a64       0x1c zephyr/subsys/bluetooth/host/libsubsys__bluetooth__host.a(smp.c.obj)
 .text.latch_auth_cb
                0x0000000000009a80       0x2c zephyr/subsys/bluetooth/host/libsubsys__bluetooth__host.a(smp.c.obj)
 .text.get_io_capa
                0x0000000000009aac       0x4c zephyr/subsys/bluetooth/host/libsubsys__bluetooth__host.a(smp.c.obj)
 .text.smp_chan_get.part.0
                0x0000000000009af8       0x18 zephyr/subsys/bluetooth/host/libsubsys__bluetooth__host.a(smp.c.obj)
 .text.bt_smp_pkey_ready.part.0
                0x0000000000009b10       0x14 zephyr/subsys/bluetooth/host/libsubsys__bluetooth__host.a(smp.c.obj)
 .text.smp_send.constprop.0
                0x0000000000009b24       0x48 zephyr/subsys/bluetooth/host/libsubsys__bluetooth__host.a(smp.c.obj)
 .text.smp_init
                0x0000000000009b6c       0x38 zephyr/subsys/bluetooth/host/libsubsys__bluetooth__host.a(smp.c.obj)
 .text.smp_dhkey_generate
                0x0000000000009ba4       0x3c zephyr/subsys/bluetooth/host/libsubsys__bluetooth__host.a(smp.c.obj)
 .text.smp_send_pairing_confirm
                0x0000000000009be0       0x90 zephyr/subsys/bluetooth/host/libsubsys__bluetooth__host.a(smp.c.obj)
 .text.smp_public_key_periph
                0x0000000000009c70      0x15c zephyr/subsys/bluetooth/host/libsubsys__bluetooth__host.a(smp.c.obj)
 .text.smp_public_key
                0x0000000000009dcc       0xac zephyr/subsys/bluetooth/host/libsubsys__bluetooth__host.a(smp.c.obj)
 .text.compute_and_check_and_send_periph_dhcheck
                0x0000000000009e78      0x184 zephyr/subsys/bluetooth/host/libsubsys__bluetooth__host.a(smp.c.obj)
 .text.bt_smp_connected
                0x0000000000009ffc       0x44 zephyr/subsys/bluetooth/host/libsubsys__bluetooth__host.a(smp.c.obj)
 .text.smp_pairing_confirm
                0x000000000000a040       0x84 zephyr/subsys/bluetooth/host/libsubsys__bluetooth__host.a(smp.c.obj)
 .text.smp_pairing_random
                0x000000000000a0c4      0x214 zephyr/subsys/bluetooth/host/libsubsys__bluetooth__host.a(smp.c.obj)
 .text.bt_smp_accept.part.0
                0x000000000000a2d8       0x30 zephyr/subsys/bluetooth/host/libsubsys__bluetooth__host.a(smp.c.obj)
 .text.bt_smp_accept
                0x000000000000a308       0x20 zephyr/subsys/bluetooth/host/libsubsys__bluetooth__host.a(smp.c.obj)
 .text.smp_ident_info
                0x000000000000a328       0x8c zephyr/subsys/bluetooth/host/libsubsys__bluetooth__host.a(smp.c.obj)
 .text.smp_encrypt_info
                0x000000000000a3b4       0x8c zephyr/subsys/bluetooth/host/libsubsys__bluetooth__host.a(smp.c.obj)
 .text.get_auth
                0x000000000000a440       0x58 zephyr/subsys/bluetooth/host/libsubsys__bluetooth__host.a(smp.c.obj)
 .text.smp_pairing_req
                0x000000000000a498      0x378 zephyr/subsys/bluetooth/host/libsubsys__bluetooth__host.a(smp.c.obj)
 .text.bt_smp_start_security
                0x000000000000a810      0x18c zephyr/subsys/bluetooth/host/libsubsys__bluetooth__host.a(smp.c.obj)
                0x000000000000a810                bt_smp_start_security
 .text.smp_pairing_complete
                0x000000000000a99c      0x120 zephyr/subsys/bluetooth/host/libsubsys__bluetooth__host.a(smp.c.obj)
 .text.smp_error
                0x000000000000aabc       0xa8 zephyr/subsys/bluetooth/host/libsubsys__bluetooth__host.a(smp.c.obj)
 .text.bt_smp_recv
                0x000000000000ab64       0xe4 zephyr/subsys/bluetooth/host/libsubsys__bluetooth__host.a(smp.c.obj)
 .text.bt_smp_pkey_ready
                0x000000000000ac48       0x40 zephyr/subsys/bluetooth/host/libsubsys__bluetooth__host.a(smp.c.obj)
 .text.smp_ident_addr_info
                0x000000000000ac88      0x1cc zephyr/subsys/bluetooth/host/libsubsys__bluetooth__host.a(smp.c.obj)
 .text.smp_central_ident
                0x000000000000ae54       0xb0 zephyr/subsys/bluetooth/host/libsubsys__bluetooth__host.a(smp.c.obj)
 .text.smp_pairing_failed
                0x000000000000af04       0x60 zephyr/subsys/bluetooth/host/libsubsys__bluetooth__host.a(smp.c.obj)
 .text.bt_smp_encrypt_change
                0x000000000000af64      0x22c zephyr/subsys/bluetooth/host/libsubsys__bluetooth__host.a(smp.c.obj)
 .text.smp_timeout
                0x000000000000b190       0x30 zephyr/subsys/bluetooth/host/libsubsys__bluetooth__host.a(smp.c.obj)
 .text.bt_smp_update_keys
                0x000000000000b1c0      0x140 zephyr/subsys/bluetooth/host/libsubsys__bluetooth__host.a(smp.c.obj)
                0x000000000000b1c0                bt_smp_update_keys
 .text.bt_smp_init
                0x000000000000b300       0x2c zephyr/subsys/bluetooth/host/libsubsys__bluetooth__host.a(smp.c.obj)
                0x000000000000b300                bt_smp_init
 .text.bt_keys_get_addr
                0x000000000000b32c       0x4c zephyr/subsys/bluetooth/host/libsubsys__bluetooth__host.a(keys.c.obj)
                0x000000000000b32c                bt_keys_get_addr
 .text.bt_keys_foreach_type
                0x000000000000b378       0x1c zephyr/subsys/bluetooth/host/libsubsys__bluetooth__host.a(keys.c.obj)
                0x000000000000b378                bt_keys_foreach_type
 .text.bt_keys_find
                0x000000000000b394       0x38 zephyr/subsys/bluetooth/host/libsubsys__bluetooth__host.a(keys.c.obj)
                0x000000000000b394                bt_keys_find
 .text.bt_keys_find_irk
                0x000000000000b3cc       0x80 zephyr/subsys/bluetooth/host/libsubsys__bluetooth__host.a(keys.c.obj)
                0x000000000000b3cc                bt_keys_find_irk
 .text.bt_keys_find_addr
                0x000000000000b44c       0x24 zephyr/subsys/bluetooth/host/libsubsys__bluetooth__host.a(keys.c.obj)
                0x000000000000b44c                bt_keys_find_addr
 .text.bt_crypto_f5
                0x000000000000b470       0xd0 zephyr/subsys/bluetooth/crypto/libsubsys__bluetooth__crypto.a(bt_crypto.c.obj)
                0x000000000000b470                bt_crypto_f5
 .text.bt_crypto_g2
                0x000000000000b540       0x5c zephyr/subsys/bluetooth/crypto/libsubsys__bluetooth__crypto.a(bt_crypto.c.obj)
                0x000000000000b540                bt_crypto_g2
 .text.net_buf_destroy
                0x000000000000b59c       0x38 zephyr/subsys/net/libsubsys__net.a(buf.c.obj)
 .text.net_buf_pool_get
                0x000000000000b5d4       0x10 zephyr/subsys/net/libsubsys__net.a(buf.c.obj)
                0x000000000000b5d4                net_buf_pool_get
 .text.net_buf_id
                0x000000000000b5e4       0x20 zephyr/subsys/net/libsubsys__net.a(buf.c.obj)
                0x000000000000b5e4                net_buf_id
 .text.fixed_data_alloc
                0x000000000000b604       0x24 zephyr/subsys/net/libsubsys__net.a(buf.c.obj)
 .text.net_buf_alloc_len
                0x000000000000b628       0xf4 zephyr/subsys/net/libsubsys__net.a(buf.c.obj)
                0x000000000000b628                net_buf_alloc_len
 .text.net_buf_unref
                0x000000000000b71c       0x38 zephyr/subsys/net/libsubsys__net.a(buf.c.obj)
                0x000000000000b71c                net_buf_unref
 .text.bt_ipc_send
                0x000000000000b754       0x54 zephyr/drivers/bluetooth/libdrivers__bluetooth.a(ipc.c.obj)
 .text.bt_ipc_init
                0x000000000000b7a8       0x28 zephyr/drivers/bluetooth/libdrivers__bluetooth.a(ipc.c.obj)
 .text.hci_ept_bound
                0x000000000000b7d0        0xc zephyr/drivers/bluetooth/libdrivers__bluetooth.a(ipc.c.obj)
 .text.bt_ipc_open.part.0
                0x000000000000b7dc       0x6c zephyr/drivers/bluetooth/libdrivers__bluetooth.a(ipc.c.obj)
 .text.hci_ept_recv
                0x000000000000b848      0x1c0 zephyr/drivers/bluetooth/libdrivers__bluetooth.a(ipc.c.obj)
 .text.bt_ipc_open
                0x000000000000ba08       0x2c zephyr/drivers/bluetooth/libdrivers__bluetooth.a(ipc.c.obj)
 .text.bt_ipc_close.part.0
                0x000000000000ba34       0x54 zephyr/drivers/bluetooth/libdrivers__bluetooth.a(ipc.c.obj)
 .text.bt_ipc_close
                0x000000000000ba88       0x30 zephyr/drivers/bluetooth/libdrivers__bluetooth.a(ipc.c.obj)
 .text.bt_hci_transport_setup
                0x000000000000bab8       0x18 zephyr/drivers/bluetooth/libdrivers__bluetooth.a(nrf53_support.c.obj)
                0x000000000000bab8                bt_hci_transport_setup
 .text.onoff_stop
                0x000000000000bad0       0x30 zephyr/drivers/clock_control/libdrivers__clock_control.a(clock_control_nrf.c.obj)
 .text.onoff_start
                0x000000000000bb00       0x44 zephyr/drivers/clock_control/libdrivers__clock_control.a(clock_control_nrf.c.obj)
 .text.clk_init
                0x000000000000bb44       0x64 zephyr/drivers/clock_control/libdrivers__clock_control.a(clock_control_nrf.c.obj)
 .text.clkstarted_handle.constprop.0
                0x000000000000bba8       0x34 zephyr/drivers/clock_control/libdrivers__clock_control.a(clock_control_nrf.c.obj)
 .text.clock_event_handler
                0x000000000000bbdc       0x30 zephyr/drivers/clock_control/libdrivers__clock_control.a(clock_control_nrf.c.obj)
 .text.generic_hfclk_start
                0x000000000000bc0c       0x64 zephyr/drivers/clock_control/libdrivers__clock_control.a(clock_control_nrf.c.obj)
 .text.api_blocking_start
                0x000000000000bc70       0x3c zephyr/drivers/clock_control/libdrivers__clock_control.a(clock_control_nrf.c.obj)
 .text.generic_hfclk_stop
                0x000000000000bcac       0x34 zephyr/drivers/clock_control/libdrivers__clock_control.a(clock_control_nrf.c.obj)
 .text.z_nrf_clock_control_lf_on
                0x000000000000bce0       0xfc zephyr/drivers/clock_control/libdrivers__clock_control.a(clock_control_nrf.c.obj)
                0x000000000000bce0                z_nrf_clock_control_lf_on
 .text.uart_console_init
                0x000000000000bddc       0x28 zephyr/drivers/console/libdrivers__console.a(uart_console.c.obj)
 .text.console_out
                0x000000000000be04       0x28 zephyr/drivers/console/libdrivers__console.a(uart_console.c.obj)
 .text.gpio_nrfx_pin_interrupt_configure
                0x000000000000be2c      0x100 zephyr/drivers/gpio/libdrivers__gpio.a(gpio_nrfx.c.obj)
 .text.gpio_nrfx_init
                0x000000000000bf2c       0x48 zephyr/drivers/gpio/libdrivers__gpio.a(gpio_nrfx.c.obj)
 .text.nrfx_gpio_handler
                0x000000000000bf74       0x4c zephyr/drivers/gpio/libdrivers__gpio.a(gpio_nrfx.c.obj)
 .text.gpio_nrfx_pin_configure
                0x000000000000bfc0      0x18c zephyr/drivers/gpio/libdrivers__gpio.a(gpio_nrfx.c.obj)
 .text.mbox_nrf_init
                0x000000000000c14c       0x9c zephyr/drivers/mbox/libdrivers__mbox.a(mbox_nrfx_ipc.c.obj)
 .text.mbox_nrf_set_enabled
                0x000000000000c1e8       0x94 zephyr/drivers/mbox/libdrivers__mbox.a(mbox_nrfx_ipc.c.obj)
 .text.mbox_nrf_send
                0x000000000000c27c       0x44 zephyr/drivers/mbox/libdrivers__mbox.a(mbox_nrfx_ipc.c.obj)
 .text.mbox_dispatcher
                0x000000000000c2c0       0x60 zephyr/drivers/mbox/libdrivers__mbox.a(mbox_nrfx_ipc.c.obj)
 .text.nrf_gpio_pin_port_decode
                0x000000000000c320       0x24 zephyr/drivers/pinctrl/libdrivers__pinctrl.a(pinctrl_nrf.c.obj)
 .text.pinctrl_configure_pins
                0x000000000000c344      0x1a8 zephyr/drivers/pinctrl/libdrivers__pinctrl.a(pinctrl_nrf.c.obj)
                0x000000000000c344                pinctrl_configure_pins
 .text.uarte_0_init
                0x000000000000c4ec      0x27c zephyr/drivers/serial/libdrivers__serial.a(uart_nrfx_uarte.c.obj)
 .text.uarte_nrfx_poll_out
                0x000000000000c768       0xcc zephyr/drivers/serial/libdrivers__serial.a(uart_nrfx_uarte.c.obj)
 .text.compare_int_lock
                0x000000000000c834       0x40 zephyr/drivers/timer/libdrivers__timer.a(nrf_rtc_timer.c.obj)
 .text.sys_clock_timeout_handler
                0x000000000000c874       0x48 zephyr/drivers/timer/libdrivers__timer.a(nrf_rtc_timer.c.obj)
 .text.compare_int_unlock
                0x000000000000c8bc       0x4c zephyr/drivers/timer/libdrivers__timer.a(nrf_rtc_timer.c.obj)
 .text.z_nrf_rtc_timer_compare_evt_address_get
                0x000000000000c908       0x10 zephyr/drivers/timer/libdrivers__timer.a(nrf_rtc_timer.c.obj)
                0x000000000000c908                z_nrf_rtc_timer_compare_evt_address_get
 .text.z_nrf_rtc_timer_compare_read
                0x000000000000c918       0x10 zephyr/drivers/timer/libdrivers__timer.a(nrf_rtc_timer.c.obj)
                0x000000000000c918                z_nrf_rtc_timer_compare_read
 .text.z_nrf_rtc_timer_read
                0x000000000000c928       0x44 zephyr/drivers/timer/libdrivers__timer.a(nrf_rtc_timer.c.obj)
                0x000000000000c928                z_nrf_rtc_timer_read
 .text.compare_set
                0x000000000000c96c      0x124 zephyr/drivers/timer/libdrivers__timer.a(nrf_rtc_timer.c.obj)
 .text.sys_clock_driver_init
                0x000000000000ca90       0xa4 zephyr/drivers/timer/libdrivers__timer.a(nrf_rtc_timer.c.obj)
 .text.rtc_nrf_isr
                0x000000000000cb34      0x100 zephyr/drivers/timer/libdrivers__timer.a(nrf_rtc_timer.c.obj)
                0x000000000000cb34                rtc_nrf_isr
 .text.z_nrf_rtc_timer_chan_alloc
                0x000000000000cc34       0x3c zephyr/drivers/timer/libdrivers__timer.a(nrf_rtc_timer.c.obj)
                0x000000000000cc34                z_nrf_rtc_timer_chan_alloc
 .text.z_nrf_rtc_timer_chan_free
                0x000000000000cc70       0x1c zephyr/drivers/timer/libdrivers__timer.a(nrf_rtc_timer.c.obj)
                0x000000000000cc70                z_nrf_rtc_timer_chan_free
 .text.sys_clock_set_timeout
                0x000000000000cc8c       0x5c zephyr/drivers/timer/libdrivers__timer.a(nrf_rtc_timer.c.obj)
                0x000000000000cc8c                sys_clock_set_timeout
 .text.sys_clock_elapsed
                0x000000000000cce8       0x14 zephyr/drivers/timer/libdrivers__timer.a(nrf_rtc_timer.c.obj)
                0x000000000000cce8                sys_clock_elapsed
 .text.led_init
                0x000000000000ccfc       0x20 modules/pfe/lib/led_lib/lib..__pfe__lib__led_lib.a(led_lib.c.obj)
                0x000000000000ccfc                led_init
 .text.button_init
                0x000000000000cd1c       0x60 modules/pfe/lib/button_lib/lib..__pfe__lib__button_lib.a(button_lib.c.obj)
                0x000000000000cd1c                button_init
 .text.nrf53_errata_42
                0x000000000000cd7c       0x24 modules/hal_nordic/nrfx/libmodules__hal_nordic__nrfx.a(system_nrf5340_application.c.obj)
 .text.SystemInit
                0x000000000000cda0      0x1c4 modules/hal_nordic/nrfx/libmodules__hal_nordic__nrfx.a(system_nrf5340_application.c.obj)
                0x000000000000cda0                SystemInit
 .text.nrfx_flag32_alloc
                0x000000000000cf64       0x40 modules/hal_nordic/nrfx/libmodules__hal_nordic__nrfx.a(nrfx_flag32_allocator.c.obj)
                0x000000000000cf64                nrfx_flag32_alloc
 .text.nrfx_flag32_free
                0x000000000000cfa4       0x38 modules/hal_nordic/nrfx/libmodules__hal_nordic__nrfx.a(nrfx_flag32_allocator.c.obj)
                0x000000000000cfa4                nrfx_flag32_free
 .text.nrfx_gppi_channels_enable
                0x000000000000cfdc        0xc modules/hal_nordic/nrfx/libmodules__hal_nordic__nrfx.a(nrfx_gppi_dppi.c.obj)
                0x000000000000cfdc                nrfx_gppi_channels_enable
 .text.nrfx_gppi_channels_disable
                0x000000000000cfe8        0xc modules/hal_nordic/nrfx/libmodules__hal_nordic__nrfx.a(nrfx_gppi_dppi.c.obj)
                0x000000000000cfe8                nrfx_gppi_channels_disable
 .text.nrfx_clock_init
                0x000000000000cff4       0x20 modules/hal_nordic/nrfx/libmodules__hal_nordic__nrfx.a(nrfx_clock.c.obj)
                0x000000000000cff4                nrfx_clock_init
 .text.nrfx_clock_enable
                0x000000000000d014       0x30 modules/hal_nordic/nrfx/libmodules__hal_nordic__nrfx.a(nrfx_clock.c.obj)
                0x000000000000d014                nrfx_clock_enable
 .text.nrfx_clock_start
                0x000000000000d044       0xd0 modules/hal_nordic/nrfx/libmodules__hal_nordic__nrfx.a(nrfx_clock.c.obj)
                0x000000000000d044                nrfx_clock_start
 .text.nrfx_power_clock_irq_handler
                0x000000000000d114       0xb0 modules/hal_nordic/nrfx/libmodules__hal_nordic__nrfx.a(nrfx_clock.c.obj)
                0x000000000000d114                nrfx_power_clock_irq_handler
 .text.nrfx_dppi_channel_alloc
                0x000000000000d1c4        0xc modules/hal_nordic/nrfx/libmodules__hal_nordic__nrfx.a(nrfx_dppi.c.obj)
                0x000000000000d1c4                nrfx_dppi_channel_alloc
 .text.nrfx_dppi_channel_free
                0x000000000000d1d0       0x1c modules/hal_nordic/nrfx/libmodules__hal_nordic__nrfx.a(nrfx_dppi.c.obj)
                0x000000000000d1d0                nrfx_dppi_channel_free
 .text.nrf_gpio_pin_port_decode
                0x000000000000d1ec       0x24 modules/hal_nordic/nrfx/libmodules__hal_nordic__nrfx.a(nrfx_gpiote.c.obj)
 .text.get_pin_idx
                0x000000000000d210       0x14 modules/hal_nordic/nrfx/libmodules__hal_nordic__nrfx.a(nrfx_gpiote.c.obj)
 .text.call_handler.constprop.0
                0x000000000000d224       0x40 modules/hal_nordic/nrfx/libmodules__hal_nordic__nrfx.a(nrfx_gpiote.c.obj)
 .text.pin_te_get.constprop.0
                0x000000000000d264       0x18 modules/hal_nordic/nrfx/libmodules__hal_nordic__nrfx.a(nrfx_gpiote.c.obj)
 .text.pin_is_output.constprop.0
                0x000000000000d27c       0x18 modules/hal_nordic/nrfx/libmodules__hal_nordic__nrfx.a(nrfx_gpiote.c.obj)
 .text.pin_in_use_by_te.constprop.0
                0x000000000000d294       0x18 modules/hal_nordic/nrfx/libmodules__hal_nordic__nrfx.a(nrfx_gpiote.c.obj)
 .text.latch_pending_read_and_check
                0x000000000000d2ac       0x3c modules/hal_nordic/nrfx/libmodules__hal_nordic__nrfx.a(nrfx_gpiote.c.obj)
 .text.release_handler.isra.0
                0x000000000000d2e8       0x58 modules/hal_nordic/nrfx/libmodules__hal_nordic__nrfx.a(nrfx_gpiote.c.obj)
 .text.__nrfy_internal_gpiote_events_process.constprop.0
                0x000000000000d340       0x5c modules/hal_nordic/nrfx/libmodules__hal_nordic__nrfx.a(nrfx_gpiote.c.obj)
 .text.pin_uninit
                0x000000000000d39c       0x84 modules/hal_nordic/nrfx/libmodules__hal_nordic__nrfx.a(nrfx_gpiote.c.obj)
 .text.nrfx_gpiote_input_configure
                0x000000000000d420      0x178 modules/hal_nordic/nrfx/libmodules__hal_nordic__nrfx.a(nrfx_gpiote.c.obj)
                0x000000000000d420                nrfx_gpiote_input_configure
 .text.nrfx_gpiote_output_configure
                0x000000000000d598      0x104 modules/hal_nordic/nrfx/libmodules__hal_nordic__nrfx.a(nrfx_gpiote.c.obj)
                0x000000000000d598                nrfx_gpiote_output_configure
 .text.nrfx_gpiote_global_callback_set
                0x000000000000d69c        0xc modules/hal_nordic/nrfx/libmodules__hal_nordic__nrfx.a(nrfx_gpiote.c.obj)
                0x000000000000d69c                nrfx_gpiote_global_callback_set
 .text.nrfx_gpiote_channel_get
                0x000000000000d6a8       0x34 modules/hal_nordic/nrfx/libmodules__hal_nordic__nrfx.a(nrfx_gpiote.c.obj)
                0x000000000000d6a8                nrfx_gpiote_channel_get
 .text.nrfx_gpiote_init
                0x000000000000d6dc       0x6c modules/hal_nordic/nrfx/libmodules__hal_nordic__nrfx.a(nrfx_gpiote.c.obj)
                0x000000000000d6dc                nrfx_gpiote_init
 .text.nrfx_gpiote_init_check
                0x000000000000d748       0x14 modules/hal_nordic/nrfx/libmodules__hal_nordic__nrfx.a(nrfx_gpiote.c.obj)
                0x000000000000d748                nrfx_gpiote_init_check
 .text.nrfx_gpiote_channel_free
                0x000000000000d75c        0xc modules/hal_nordic/nrfx/libmodules__hal_nordic__nrfx.a(nrfx_gpiote.c.obj)
                0x000000000000d75c                nrfx_gpiote_channel_free
 .text.nrfx_gpiote_channel_alloc
                0x000000000000d768        0xc modules/hal_nordic/nrfx/libmodules__hal_nordic__nrfx.a(nrfx_gpiote.c.obj)
                0x000000000000d768                nrfx_gpiote_channel_alloc
 .text.nrfx_gpiote_trigger_enable
                0x000000000000d774       0x98 modules/hal_nordic/nrfx/libmodules__hal_nordic__nrfx.a(nrfx_gpiote.c.obj)
                0x000000000000d774                nrfx_gpiote_trigger_enable
 .text.nrfx_gpiote_0_irq_handler
                0x000000000000d80c      0x1b8 modules/hal_nordic/nrfx/libmodules__hal_nordic__nrfx.a(nrfx_gpiote.c.obj)
                0x000000000000d80c                nrfx_gpiote_0_irq_handler
 .text.nrfx_ipc_init
                0x000000000000d9c4       0x30 modules/hal_nordic/nrfx/libmodules__hal_nordic__nrfx.a(nrfx_ipc.c.obj)
                0x000000000000d9c4                nrfx_ipc_init
 .text.nrfx_ipc_config_load
                0x000000000000d9f4       0x40 modules/hal_nordic/nrfx/libmodules__hal_nordic__nrfx.a(nrfx_ipc.c.obj)
                0x000000000000d9f4                nrfx_ipc_config_load
 .text.nrfx_ipc_receive_event_enable
                0x000000000000da34       0x10 modules/hal_nordic/nrfx/libmodules__hal_nordic__nrfx.a(nrfx_ipc.c.obj)
                0x000000000000da34                nrfx_ipc_receive_event_enable
 .text.nrfx_ipc_receive_event_disable
                0x000000000000da44       0x10 modules/hal_nordic/nrfx/libmodules__hal_nordic__nrfx.a(nrfx_ipc.c.obj)
                0x000000000000da44                nrfx_ipc_receive_event_disable
 .text.nrfx_ipc_irq_handler
                0x000000000000da54       0x40 modules/hal_nordic/nrfx/libmodules__hal_nordic__nrfx.a(nrfx_ipc.c.obj)
                0x000000000000da54                nrfx_ipc_irq_handler
 .text.metal_generic_dev_open
                0x000000000000da94       0x40 modules/libmetal/libmetal/lib/libmetal.a(device.c.obj)
                0x000000000000da94                metal_generic_dev_open
 .text.metal_bus_unregister
                0x000000000000dad4       0x3c modules/libmetal/libmetal/lib/libmetal.a(device.c.obj)
                0x000000000000dad4                metal_bus_unregister
 .text.metal_bus_find
                0x000000000000db10       0x3c modules/libmetal/libmetal/lib/libmetal.a(device.c.obj)
                0x000000000000db10                metal_bus_find
 .text.metal_bus_register
                0x000000000000db4c       0x5c modules/libmetal/libmetal/lib/libmetal.a(device.c.obj)
                0x000000000000db4c                metal_bus_register
 .text.metal_register_generic_device
                0x000000000000dba8       0x3c modules/libmetal/libmetal/lib/libmetal.a(device.c.obj)
                0x000000000000dba8                metal_register_generic_device
 .text.metal_init
                0x000000000000dbe4       0x4c modules/libmetal/libmetal/lib/libmetal.a(init.c.obj)
                0x000000000000dbe4                metal_init
 .text.metal_finish
                0x000000000000dc30       0x24 modules/libmetal/libmetal/lib/libmetal.a(init.c.obj)
                0x000000000000dc30                metal_finish
 .text.metal_sys_init
                0x000000000000dc54       0x10 modules/libmetal/libmetal/lib/libmetal.a(init.c.obj)
                0x000000000000dc54                metal_sys_init
 .text.metal_sys_finish
                0x000000000000dc64        0xc modules/libmetal/libmetal/lib/libmetal.a(init.c.obj)
                0x000000000000dc64                metal_sys_finish
 .text.metal_zephyr_log_handler
                0x000000000000dc70       0x3c modules/libmetal/libmetal/lib/libmetal.a(log.c.obj)
                0x000000000000dc70                metal_zephyr_log_handler
 .text.virtio_create_virtqueues
                0x000000000000dcac       0xbc modules/open-amp/open-amp/lib/libopen_amp.a(virtio.c.obj)
                0x000000000000dcac                virtio_create_virtqueues
 .text.virtqueue_free
                0x000000000000dd68       0x38 modules/open-amp/open-amp/lib/libopen_amp.a(virtqueue.c.obj)
                0x000000000000dd68                virtqueue_free
 .text.virtqueue_add_consumed_buffer
                0x000000000000dda0       0x38 modules/open-amp/open-amp/lib/libopen_amp.a(virtqueue.c.obj)
                0x000000000000dda0                virtqueue_add_consumed_buffer
 .text.rpmsg_send_offchannel_raw
                0x000000000000ddd8       0x2c modules/open-amp/open-amp/lib/libopen_amp.a(rpmsg.c.obj)
                0x000000000000ddd8                rpmsg_send_offchannel_raw
 .text.rpmsg_send_offchannel_nocopy
                0x000000000000de04       0x2c modules/open-amp/open-amp/lib/libopen_amp.a(rpmsg.c.obj)
                0x000000000000de04                rpmsg_send_offchannel_nocopy
 .text.rpmsg_register_endpoint
                0x000000000000de30       0x40 modules/open-amp/open-amp/lib/libopen_amp.a(rpmsg.c.obj)
                0x000000000000de30                rpmsg_register_endpoint
 .text.rpmsg_create_ept
                0x000000000000de70      0x104 modules/open-amp/open-amp/lib/libopen_amp.a(rpmsg.c.obj)
                0x000000000000de70                rpmsg_create_ept
 .text.rpmsg_virtio_send_offchannel_raw
                0x000000000000df74       0x5c modules/open-amp/open-amp/lib/libopen_amp.a(rpmsg_virtio.c.obj)
 .text.rpmsg_virtio_get_buffer_size
                0x000000000000dfd0       0x4c modules/open-amp/open-amp/lib/libopen_amp.a(rpmsg_virtio.c.obj)
                0x000000000000dfd0                rpmsg_virtio_get_buffer_size
 .text.rpmsg_init_vdev_with_config
                0x000000000000e01c      0x258 modules/open-amp/open-amp/lib/libopen_amp.a(rpmsg_virtio.c.obj)
                0x000000000000e01c                rpmsg_init_vdev_with_config
 .text.rpmsg_init_vdev
                0x000000000000e274       0x2c modules/open-amp/open-amp/lib/libopen_amp.a(rpmsg_virtio.c.obj)
                0x000000000000e274                rpmsg_init_vdev
 .text.k_sys_fatal_error_handler
                0x000000000000e2a0       0x20 zephyr/kernel/libkernel.a(fatal.c.obj)
                0x000000000000e2a0                k_sys_fatal_error_handler
 .text.z_fatal_error
                0x000000000000e2c0       0xec zephyr/kernel/libkernel.a(fatal.c.obj)
                0x000000000000e2c0                z_fatal_error
 .text.z_sys_init_run_level
                0x000000000000e3ac       0x48 zephyr/kernel/libkernel.a(init.c.obj)
 .text.bg_thread_main
                0x000000000000e3f4       0x34 zephyr/kernel/libkernel.a(init.c.obj)
 .text.z_bss_zero
                0x000000000000e428       0x18 zephyr/kernel/libkernel.a(init.c.obj)
                0x000000000000e428                z_bss_zero
 .text.z_init_cpu
                0x000000000000e440       0x7c zephyr/kernel/libkernel.a(init.c.obj)
                0x000000000000e440                z_init_cpu
 .text.z_cstart
                0x000000000000e4bc       0xe4 zephyr/kernel/libkernel.a(init.c.obj)
                0x000000000000e4bc                z_cstart
 .text.statics_init
                0x000000000000e5a0       0x24 zephyr/kernel/libkernel.a(kheap.c.obj)
 .text.init_mem_slab_obj_core_list
                0x000000000000e5c4       0x24 zephyr/kernel/libkernel.a(mem_slab.c.obj)
 .text.k_mem_slab_alloc
                0x000000000000e5e8       0x5c zephyr/kernel/libkernel.a(mem_slab.c.obj)
                0x000000000000e5e8                k_mem_slab_alloc
 .text.z_setup_new_thread
                0x000000000000e644       0x7c zephyr/kernel/libkernel.a(thread.c.obj)
                0x000000000000e644                z_setup_new_thread
 .text.z_impl_k_thread_create
                0x000000000000e6c0       0x58 zephyr/kernel/libkernel.a(thread.c.obj)
                0x000000000000e6c0                z_impl_k_thread_create
 .text.z_init_static_threads
                0x000000000000e718       0x98 zephyr/kernel/libkernel.a(thread.c.obj)
                0x000000000000e718                z_init_static_threads
 .text.sliceable
                0x000000000000e7b0       0x3c zephyr/kernel/libkernel.a(sched.c.obj)
 .text.slice_timeout
                0x000000000000e7ec       0x20 zephyr/kernel/libkernel.a(sched.c.obj)
 .text.z_reset_time_slice
                0x000000000000e80c       0x50 zephyr/kernel/libkernel.a(sched.c.obj)
                0x000000000000e80c                z_reset_time_slice
 .text.update_cache
                0x000000000000e85c       0x3c zephyr/kernel/libkernel.a(sched.c.obj)
 .text.move_thread_to_end_of_prio_q
                0x000000000000e898       0x74 zephyr/kernel/libkernel.a(sched.c.obj)
 .text.ready_thread
                0x000000000000e90c       0x68 zephyr/kernel/libkernel.a(sched.c.obj)
 .text.unready_thread
                0x000000000000e974       0x30 zephyr/kernel/libkernel.a(sched.c.obj)
 .text.pend_locked
                0x000000000000e9a4       0x30 zephyr/kernel/libkernel.a(sched.c.obj)
 .text.z_thread_halt
                0x000000000000e9d4       0xa0 zephyr/kernel/libkernel.a(sched.c.obj)
 .text.z_time_slice
                0x000000000000ea74       0x60 zephyr/kernel/libkernel.a(sched.c.obj)
                0x000000000000ea74                z_time_slice
 .text.z_pend_curr
                0x000000000000ead4       0x3c zephyr/kernel/libkernel.a(sched.c.obj)
                0x000000000000ead4                z_pend_curr
 .text.z_set_prio
                0x000000000000eb10       0x8c zephyr/kernel/libkernel.a(sched.c.obj)
                0x000000000000eb10                z_set_prio
 .text.z_reschedule
                0x000000000000eb9c       0x24 zephyr/kernel/libkernel.a(sched.c.obj)
                0x000000000000eb9c                z_reschedule
 .text.z_sched_start
                0x000000000000ebc0       0x3c zephyr/kernel/libkernel.a(sched.c.obj)
                0x000000000000ebc0                z_sched_start
 .text.z_reschedule_irqlock
                0x000000000000ebfc       0x28 zephyr/kernel/libkernel.a(sched.c.obj)
                0x000000000000ebfc                z_reschedule_irqlock
 .text.k_sched_lock
                0x000000000000ec24       0x28 zephyr/kernel/libkernel.a(sched.c.obj)
                0x000000000000ec24                k_sched_lock
 .text.k_sched_unlock
                0x000000000000ec4c       0x38 zephyr/kernel/libkernel.a(sched.c.obj)
                0x000000000000ec4c                k_sched_unlock
 .text.z_sched_init
                0x000000000000ec84       0x10 zephyr/kernel/libkernel.a(sched.c.obj)
                0x000000000000ec84                z_sched_init
 .text.z_impl_k_yield
                0x000000000000ec94       0x7c zephyr/kernel/libkernel.a(sched.c.obj)
                0x000000000000ec94                z_impl_k_yield
 .text.z_tick_sleep
                0x000000000000ed10       0x88 zephyr/kernel/libkernel.a(sched.c.obj)
 .text.z_impl_k_sleep
                0x000000000000ed98       0x3c zephyr/kernel/libkernel.a(sched.c.obj)
                0x000000000000ed98                z_impl_k_sleep
 .text.z_impl_k_sched_current_thread_query
                0x000000000000edd4        0xc zephyr/kernel/libkernel.a(sched.c.obj)
                0x000000000000edd4                z_impl_k_sched_current_thread_query
 .text.z_sched_wait
                0x000000000000ede0       0x24 zephyr/kernel/libkernel.a(sched.c.obj)
                0x000000000000ede0                z_sched_wait
 .text.z_impl_k_mutex_unlock
                0x000000000000ee04       0x78 zephyr/kernel/libkernel.a(mutex.c.obj)
                0x000000000000ee04                z_impl_k_mutex_unlock
 .text.z_impl_k_mutex_lock
                0x000000000000ee7c       0xf4 zephyr/kernel/libkernel.a(mutex.c.obj)
                0x000000000000ee7c                z_impl_k_mutex_lock
 .text.z_impl_k_queue_get
                0x000000000000ef70       0x68 zephyr/kernel/libkernel.a(queue.c.obj)
                0x000000000000ef70                z_impl_k_queue_get
 .text.z_impl_k_sem_give
                0x000000000000efd8       0x4c zephyr/kernel/libkernel.a(sem.c.obj)
                0x000000000000efd8                z_impl_k_sem_give
 .text.z_impl_k_sem_take
                0x000000000000f024       0x50 zephyr/kernel/libkernel.a(sem.c.obj)
                0x000000000000f024                z_impl_k_sem_take
 .text.k_sys_work_q_init
                0x000000000000f074       0x34 zephyr/kernel/libkernel.a(system_work_q.c.obj)
 .text.work_queue_main
                0x000000000000f0a8      0x14c zephyr/kernel/libkernel.a(work.c.obj)
 .text.cancel_sync_locked
                0x000000000000f1f4       0x3c zephyr/kernel/libkernel.a(work.c.obj)
 .text.submit_to_queue_locked
                0x000000000000f230       0xb4 zephyr/kernel/libkernel.a(work.c.obj)
 .text.work_flush_locked
                0x000000000000f2e4       0x8c zephyr/kernel/libkernel.a(work.c.obj)
 .text.k_work_submit
                0x000000000000f370        0xc zephyr/kernel/libkernel.a(work.c.obj)
                0x000000000000f370                k_work_submit
 .text.k_work_queue_start
                0x000000000000f37c       0x70 zephyr/kernel/libkernel.a(work.c.obj)
                0x000000000000f37c                k_work_queue_start
 .text.k_work_queue_drain
                0x000000000000f3ec       0x7c zephyr/kernel/libkernel.a(work.c.obj)
                0x000000000000f3ec                k_work_queue_drain
 .text.k_work_schedule_for_queue
                0x000000000000f468       0x54 zephyr/kernel/libkernel.a(work.c.obj)
                0x000000000000f468                k_work_schedule_for_queue
 .text.k_work_schedule
                0x000000000000f4bc        0xc zephyr/kernel/libkernel.a(work.c.obj)